ARM Linker, 5.03 [Build 76] [MDK-ARM Lite]

==============================================================================

Section Cross References

    startup_tm4c123.o(STACK) refers (Special) to heapauxi.o(.text) for __use_two_region_memory
    startup_tm4c123.o(HEAP) refers (Special) to heapauxi.o(.text) for __use_two_region_memory
    startup_tm4c123.o(RESET) refers (Special) to heapauxi.o(.text) for __use_two_region_memory
    startup_tm4c123.o(RESET) refers to startup_tm4c123.o(STACK) for __initial_sp
    startup_tm4c123.o(RESET) refers to startup_tm4c123.o(.text) for Reset_Handler
    startup_tm4c123.o(.text) refers (Special) to heapauxi.o(.text) for __use_two_region_memory
    startup_tm4c123.o(.text) refers to main.o(.text) for SystemInit
    startup_tm4c123.o(.text) refers to __main.o(!!!main) for __main
    startup_tm4c123.o(.text) refers to startup_tm4c123.o(HEAP) for Heap_Mem
    startup_tm4c123.o(.text) refers to startup_tm4c123.o(STACK) for Stack_Mem
    main.o(.text) refers to f2d.o(x$fpl$f2d) for __aeabi_f2d
    main.o(.text) refers to dmul.o(x$fpl$dmul) for __aeabi_dmul
    main.o(.text) refers to ddiv.o(x$fpl$ddiv) for __aeabi_ddiv
    main.o(.text) refers to sin.o(i.__hardfp_sin) for __hardfp_sin
    main.o(.text) refers to cos.o(i.__hardfp_cos) for __hardfp_cos
    main.o(.text) refers to daddsub_clz.o(x$fpl$dadd) for __aeabi_dadd
    main.o(.text) refers to daddsub_clz.o(x$fpl$dsub) for __aeabi_dsub
    main.o(.text) refers to sqrt.o(i.__hardfp_sqrt) for __hardfp_sqrt
    main.o(.text) refers to atan2.o(i.__hardfp_atan2) for __hardfp_atan2
    main.o(.text) refers to d2f.o(x$fpl$d2f) for __aeabi_d2f
    main.o(.text) refers to rt_ctype_table.o(.text) for __rt_ctype_table
    main.o(.text) refers to dflt_clz.o(x$fpl$dflt) for __aeabi_i2d
    main.o(.text) refers to strlen.o(.text) for strlen
    main.o(.text) refers to atof.o(i.__hardfp_atof) for __hardfp_atof
    main.o(.text) refers to main.o(.constdata) for .constdata
    rt_ctype_table.o(.text) refers to rt_locale_intlibspace.o(.text) for __rt_locale
    rt_ctype_table.o(.text) refers to lc_ctype_c.o(locale$$code) for _get_lc_ctype
    __main.o(!!!main) refers to rtentry.o(.ARM.Collect$$rtentry$$00000000) for __rt_entry
    d2f.o(x$fpl$d2f) refers (Special) to usenofp.o(x$fpl$usenofp) for __I$use$fp
    d2f.o(x$fpl$d2f) refers to fretinf.o(x$fpl$fretinf) for __fpl_fretinf
    d2f.o(x$fpl$d2f) refers to dnaninf.o(x$fpl$dnaninf) for __fpl_dnaninf
    daddsub_clz.o(x$fpl$dadd) refers (Special) to usenofp.o(x$fpl$usenofp) for __I$use$fp
    daddsub_clz.o(x$fpl$dadd) refers to daddsub_clz.o(x$fpl$dsub) for _dsub1
    daddsub_clz.o(x$fpl$dadd) refers to dretinf.o(x$fpl$dretinf) for __fpl_dretinf
    daddsub_clz.o(x$fpl$dadd) refers to dnaninf.o(x$fpl$dnaninf) for __fpl_dnaninf
    daddsub_clz.o(x$fpl$drsb) refers (Special) to usenofp.o(x$fpl$usenofp) for __I$use$fp
    daddsub_clz.o(x$fpl$drsb) refers to daddsub_clz.o(x$fpl$dadd) for _dadd1
    daddsub_clz.o(x$fpl$drsb) refers to daddsub_clz.o(x$fpl$dsub) for _dsub1
    daddsub_clz.o(x$fpl$dsub) refers (Special) to usenofp.o(x$fpl$usenofp) for __I$use$fp
    daddsub_clz.o(x$fpl$dsub) refers to daddsub_clz.o(x$fpl$dadd) for _dadd1
    daddsub_clz.o(x$fpl$dsub) refers to dnaninf.o(x$fpl$dnaninf) for __fpl_dnaninf
    ddiv.o(x$fpl$drdiv) refers (Special) to usenofp.o(x$fpl$usenofp) for __I$use$fp
    ddiv.o(x$fpl$drdiv) refers to ddiv.o(x$fpl$ddiv) for ddiv_entry
    ddiv.o(x$fpl$ddiv) refers (Special) to usenofp.o(x$fpl$usenofp) for __I$use$fp
    ddiv.o(x$fpl$ddiv) refers to dretinf.o(x$fpl$dretinf) for __fpl_dretinf
    ddiv.o(x$fpl$ddiv) refers to dnaninf.o(x$fpl$dnaninf) for __fpl_dnaninf
    dflt_clz.o(x$fpl$dfltu) refers (Special) to usenofp.o(x$fpl$usenofp) for __I$use$fp
    dflt_clz.o(x$fpl$dflt) refers (Special) to usenofp.o(x$fpl$usenofp) for __I$use$fp
    dflt_clz.o(x$fpl$dfltn) refers (Special) to usenofp.o(x$fpl$usenofp) for __I$use$fp
    dmul.o(x$fpl$dmul) refers (Special) to usenofp.o(x$fpl$usenofp) for __I$use$fp
    dmul.o(x$fpl$dmul) refers to dretinf.o(x$fpl$dretinf) for __fpl_dretinf
    dmul.o(x$fpl$dmul) refers to dnaninf.o(x$fpl$dnaninf) for __fpl_dnaninf
    f2d.o(x$fpl$f2d) refers (Special) to usenofp.o(x$fpl$usenofp) for __I$use$fp
    f2d.o(x$fpl$f2d) refers to fnaninf.o(x$fpl$fnaninf) for __fpl_fnaninf
    f2d.o(x$fpl$f2d) refers to dretinf.o(x$fpl$dretinf) for __fpl_dretinf
    atan2.o(i.__hardfp_atan2) refers (Special) to usenofp.o(x$fpl$usenofp) for __I$use$fp
    atan2.o(i.__hardfp_atan2) refers to daddsub_clz.o(x$fpl$dadd) for __aeabi_dadd
    atan2.o(i.__hardfp_atan2) refers to atan.o(i.atan) for atan
    atan2.o(i.__hardfp_atan2) refers to basic.o(x$fpl$basic) for __aeabi_dneg
    atan2.o(i.__hardfp_atan2) refers to ddiv.o(x$fpl$ddiv) for __aeabi_ddiv
    atan2.o(i.__hardfp_atan2) refers to fabs.o(i.fabs) for fabs
    atan2.o(i.__hardfp_atan2) refers to daddsub_clz.o(x$fpl$dsub) for __aeabi_dsub
[...]
    libshutdown.o(.ARM.Collect$$libshutdown$$00000000) refers (Special) to libshutdown2.o(.ARM.Collect$$libshutdown$$00000009) for __rt_lib_shutdown_signal_1
    libshutdown.o(.ARM.Collect$$libshutdown$$00000000) refers (Special) to libshutdown2.o(.ARM.Collect$$libshutdown$$00000003) for __rt_lib_shutdown_stdio_1
    libshutdown.o(.ARM.Collect$$libshutdown$$00000000) refers (Special) to libshutdown2.o(.ARM.Collect$$libshutdown$$0000000B) for __rt_lib_shutdown_user_alloc_1
    ldexp.o(i.__hardfp_ldexp) refers (Special) to usenofp.o(x$fpl$usenofp) for __I$use$fp
    ldexp.o(i.__hardfp_ldexp) refers to deqf.o(x$fpl$deqf) for __aeabi_cdcmpeq
    ldexp.o(i.__hardfp_ldexp) refers to scalbn.o(x$fpl$scalbn) for __ARM_scalbn
    ldexp.o(i.__hardfp_ldexp) refers to _rserrno.o(.text) for __set_errno
    ldexp.o(i.__hardfp_ldexp) refers to dunder.o(i.__mathlib_dbl_underflow) for __mathlib_dbl_underflow
    ldexp.o(i.__hardfp_ldexp) refers to dmul.o(x$fpl$dmul) for __aeabi_dmul
    ldexp.o(i.__softfp_ldexp) refers (Special) to usenofp.o(x$fpl$usenofp) for __I$use$fp
    ldexp.o(i.__softfp_ldexp) refers to ldexp.o(i.__hardfp_ldexp) for __hardfp_ldexp
    ldexp.o(i.__support_ldexp) refers (Special) to usenofp.o(x$fpl$usenofp) for __I$use$fp
    ldexp.o(i.__support_ldexp) refers to ldexp.o(i.__hardfp_ldexp) for __hardfp_ldexp
    ldexp.o(i.ldexp) refers (Special) to usenofp.o(x$fpl$usenofp) for __I$use$fp
    ldexp.o(i.ldexp) refers to ldexp.o(i.__hardfp_ldexp) for __hardfp_ldexp
    ldexp_x.o(i.____hardfp_ldexp$lsc) refers (Special) to usenofp.o(x$fpl$usenofp) for __I$use$fp
    ldexp_x.o(i.____hardfp_ldexp$lsc) refers to deqf.o(x$fpl$deqf) for __aeabi_cdcmpeq
    ldexp_x.o(i.____hardfp_ldexp$lsc) refers to scalbn.o(x$fpl$scalbn) for __ARM_scalbn
    ldexp_x.o(i.____hardfp_ldexp$lsc) refers to _rserrno.o(.text) for __set_errno
    ldexp_x.o(i.____hardfp_ldexp$lsc) refers to qnan.o(.constdata) for __mathlib_zero
    ldexp_x.o(i.____softfp_ldexp$lsc) refers (Special) to usenofp.o(x$fpl$usenofp) for __I$use$fp
    ldexp_x.o(i.____softfp_ldexp$lsc) refers to ldexp_x.o(i.____hardfp_ldexp$lsc) for ____hardfp_ldexp$lsc
    ldexp_x.o(i.____support_ldexp$lsc) refers (Special) to usenofp.o(x$fpl$usenofp) for __I$use$fp
    ldexp_x.o(i.____support_ldexp$lsc) refers to ldexp_x.o(i.____hardfp_ldexp$lsc) for ____hardfp_ldexp$lsc
    ldexp_x.o(i.__ldexp$lsc) refers (Special) to usenofp.o(x$fpl$usenofp) for __I$use$fp
    ldexp_x.o(i.__ldexp$lsc) refers to ldexp_x.o(i.____hardfp_ldexp$lsc) for ____hardfp_ldexp$lsc
    __raise.o(.text) refers to defsig.o(CL$$defsig) for __default_signal_handler
    defsig_general.o(.text) refers to sys_wrch.o(.text) for _ttywrch
    scalbn.o(x$fpl$scalbn) refers (Special) to usenofp.o(x$fpl$usenofp) for __I$use$fp
    scalbn.o(x$fpl$scalbn) refers to dcheck1.o(x$fpl$dcheck1) for __fpl_dcheck_NaN1
    sys_wrch.o(.text) refers (Special) to use_no_semi.o(.text) for __I$use$semihosting
    sys_wrch.o(.text) refers (Special) to indicate_semi.o(.text) for __semihosting_library_function
    defsig.o(CL$$defsig) refers to defsig_rtmem_inner.o(.text) for __rt_SIGRTMEM_inner
    dcheck1.o(x$fpl$dcheck1) refers (Special) to usenofp.o(x$fpl$usenofp) for __I$use$fp
    dcheck1.o(x$fpl$dcheck1) refers to retnan.o(x$fpl$retnan) for __fpl_return_NaN
    defsig_abrt_inner.o(.text) refers to defsig_general.o(.text) for __default_signal_display
    defsig_fpe_inner.o(.text) refers to defsig_general.o(.text) for __default_signal_display
    defsig_rtred_inner.o(.text) refers to defsig_general.o(.text) for __default_signal_display
    defsig_stak_inner.o(.text) refers to defsig_general.o(.text) for __default_signal_display
    defsig_pvfn_inner.o(.text) refers to defsig_general.o(.text) for __default_signal_display
    defsig_cppl_inner.o(.text) refers to defsig_general.o(.text) for __default_signal_display
    defsig_segv_inner.o(.text) refers to defsig_general.o(.text) for __default_signal_display
    defsig_other.o(.text) refers to defsig_general.o(.text) for __default_signal_display
    retnan.o(x$fpl$retnan) refers (Special) to usenofp.o(x$fpl$usenofp) for __I$use$fp
    retnan.o(x$fpl$retnan) refers to trapv.o(x$fpl$trapveneer) for __fpl_cmpreturn
    trapv.o(x$fpl$trapveneer) refers (Special) to usenofp.o(x$fpl$usenofp) for __I$use$fp
    scanf_fp.o(i._is_digit) refers (Special) to usenofp.o(x$fpl$usenofp) for __I$use$fp
    scanf_fp.o(i._is_digit) refers (Special) to lc_numeric_c.o(locale$$code) for _get_lc_numeric


==============================================================================

Image Symbol Table

    Local Symbols

    Symbol Name                              Value     Ov Type        Size  Object(Section)

    RESET                                    0x00000000   Section      620  startup_tm4c123.o(RESET)
    ../clib/angel/boardlib.s                 0x00000000   Number         0  boardshut.o ABSOLUTE
    ../clib/angel/boardlib.s                 0x00000000   Number         0  boardinit1.o ABSOLUTE
    ../clib/angel/boardlib.s                 0x00000000   Number         0  boardinit2.o ABSOLUTE
    ../clib/angel/boardlib.s                 0x00000000   Number         0  boardinit3.o ABSOLUTE
    ../clib/angel/handlers.s                 0x00000000   Number         0  __scatter_zi.o ABSOLUTE
    ../clib/angel/kernel.s                   0x00000000   Number         0  rtentry2.o ABSOLUTE
    ../clib/angel/kernel.s                   0x00000000   Number         0  rtentry4.o ABSOLUTE
    ../clib/angel/kernel.s                   0x00000000   Number         0  rtexit.o ABSOLUTE
    ../clib/angel/kernel.s                   0x00000000   Number         0  rtentry.o ABSOLUTE
    ../clib/angel/kernel.s                   0x00000000   Number         0  rtexit2.o ABSOLUTE
    ../clib/angel/rt.s                       0x00000000   Number         0  rt_raise.o ABSOLUTE
    ../clib/angel/rt.s                       0x00000000   Number         0  rt_locale.o ABSOLUTE
    ../clib/angel/rt.s                       0x00000000   Number         0  rt_errno_addr.o ABSOLUTE
    ../clib/angel/rt.s                       0x00000000   Number         0  rt_errno_addr_intlibspace.o ABSOLUTE
    ../clib/angel/rt.s                       0x00000000   Number         0  rt_locale_intlibspace.o ABSOLUTE
    ../clib/angel/rt.s                       0x00000000   Number         0  rt_ctype_table.o ABSOLUTE
    ../clib/angel/scatter.s                  0x00000000   Number         0  __scatter.o ABSOLUTE
    ../clib/angel/startup.s                  0x00000000   Number         0  __main.o ABSOLUTE
    ../clib/angel/sys.s                      0x00000000   Number         0  use_no_semi.o ABSOLUTE
    ../clib/angel/sys.s                      0x00000000   Number         0  indicate_semi.o ABSOLUTE
    ../clib/angel/sys.s                      0x00000000   Number         0  libspace.o ABSOLUTE
    ../clib/angel/sys.s                      0x00000000   Number         0  sys_stackheap_outer.o ABSOLUTE
    ../clib/angel/sysapp.c                   0x00000000   Number         0  sys_command.o ABSOLUTE
    ../clib/angel/sysapp.c                   0x00000000   Number         0  sys_exit.o ABSOLUTE
    ../clib/angel/sysapp.c                   0x00000000   Number         0  sys_wrch.o ABSOLUTE
    ../clib/armsys.c                         0x00000000   Number         0  no_argv.o ABSOLUTE
    ../clib/armsys.c                         0x00000000   Number         0  _get_argv_nomalloc.o ABSOLUTE
    ../clib/armsys.c                         0x00000000   Number         0  argv_veneer.o ABSOLUTE
    ../clib/armsys.c                         0x00000000   Number         0  argv_veneer.o ABSOLUTE
    ../clib/bigflt.c                         0x00000000   Number         0  bigflt0.o ABSOLUTE
    ../clib/btod.s                           0x00000000   Number         0  btod.o ABSOLUTE
    ../clib/ctype.c                          0x00000000   Number         0  isspace.o ABSOLUTE
    ../clib/fenv.c                           0x00000000   Number         0  _rserrno.o ABSOLUTE
    ../clib/heapalloc.c                      0x00000000   Number         0  hrguard.o ABSOLUTE
    ../clib/heapaux.c                        0x00000000   Number         0  heapauxi.o ABSOLUTE
    ../clib/libinit.s                        0x00000000   Number         0  libshutdown.o ABSOLUTE
    ../clib/libinit.s                        0x00000000   Number         0  libshutdown2.o ABSOLUTE
    ../clib/libinit.s                        0x00000000   Number         0  libinit2.o ABSOLUTE
    ../clib/libinit.s                        0x00000000   Number         0  libinit.o ABSOLUTE
    ../clib/locale.s                         0x00000000   Number         0  lc_numeric_c.o ABSOLUTE
    ../clib/locale.s                         0x00000000   Number         0  lc_ctype_c.o ABSOLUTE
    ../clib/longlong.s                       0x00000000   Number         0  llshl.o ABSOLUTE
    ../clib/memcpset.s                       0x00000000   Number         0  strcmpv7m.o ABSOLUTE
    ../clib/scanf.c                          0x00000000   Number         0  strtod.o ABSOLUTE
    ../clib/scanf.c                          0x00000000   Number         0  _sgetc.o ABSOLUTE
    ../clib/scanf.c                          0x00000000   Number         0  scanf_fp.o ABSOLUTE
    ../clib/scanf.c                          0x00000000   Number         0  _chval.o ABSOLUTE
    ../clib/scanf.c                          0x00000000   Number         0  scanf_infnan.o ABSOLUTE
    ../clib/scanf.c                          0x00000000   Number         0  scanf_hexfp.o ABSOLUTE
    ../clib/signal.c                         0x00000000   Number         0  defsig_general.o ABSOLUTE
    ../clib/signal.c                         0x00000000   Number         0  defsig_rtmem_inner.o ABSOLUTE
    ../clib/signal.c                         0x00000000   Number         0  defsig_abrt_inner.o ABSOLUTE
    ../clib/signal.c                         0x00000000   Number         0  defsig_fpe_inner.o ABSOLUTE
    ../clib/signal.c                         0x00000000   Number         0  defsig_rtred_inner.o ABSOLUTE
    ../clib/signal.c                         0x00000000   Number         0  defsig_stak_inner.o ABSOLUTE
    ../clib/signal.c                         0x00000000   Number         0  defsig_cppl_inner.o ABSOLUTE
    ../clib/signal.c                         0x00000000   Number         0  defsig_segv_inner.o ABSOLUTE
    ../clib/signal.c                         0x00000000   Number         0  defsig_exit.o ABSOLUTE
    ../clib/signal.c                         0x00000000   Number         0  defsig_other.o ABSOLUTE
    ../clib/signal.c                         0x00000000   Number         0  defsig_rtmem_formal.o ABSOLUTE
    ../clib/signal.c                         0x00000000   Number         0  defsig_rtmem_outer.o ABSOLUTE
    ../clib/signal.c                         0x00000000   Number         0  __raise.o ABSOLUTE
    ../clib/signal.c                         0x00000000   Number         0  defsig_pvfn_inner.o ABSOLUTE
    ../clib/signal.s                         0x00000000   Number         0  defsig.o ABSOLUTE
    ../clib/stdlib.c                         0x00000000   Number         0  exit.o ABSOLUTE
    ../clib/string.c                         0x00000000   Number         0  strlen.o ABSOLUTE
    ../fplib/basic.s                         0x00000000   Number         0  basic.o ABSOLUTE
    ../fplib/d2f.s                           0x00000000   Number         0  d2f.o ABSOLUTE
    ../fplib/daddsub.s                       0x00000000   Number         0  daddsub_clz.o ABSOLUTE
    ../fplib/dcheck1.s                       0x00000000   Number         0  dcheck1.o ABSOLUTE
    ../fplib/dcmpi.s                         0x00000000   Number         0  dcmpi.o ABSOLUTE
    ../fplib/ddiv.s                          0x00000000   Number         0  ddiv.o ABSOLUTE
    ../fplib/deqf.s                          0x00000000   Number         0  deqf.o ABSOLUTE
    ../fplib/dfix.s                          0x00000000   Number         0  dfix.o ABSOLUTE
    ../fplib/dflt.s                          0x00000000   Number         0  dflt_clz.o ABSOLUTE
    ../fplib/dleqf.s                         0x00000000   Number         0  dleqf.o ABSOLUTE
    ../fplib/dmul.s                          0x00000000   Number         0  dmul.o ABSOLUTE
    ../fplib/dnaninf.s                       0x00000000   Number         0  dnaninf.o ABSOLUTE
    ../fplib/dretinf.s                       0x00000000   Number         0  dretinf.o ABSOLUTE
    ../fplib/drleqf.s                        0x00000000   Number         0  drleqf.o ABSOLUTE
    ../fplib/dsqrt.s                         0x00000000   Number         0  dsqrt_umaal.o ABSOLUTE
    ../fplib/f2d.s                           0x00000000   Number         0  f2d.o ABSOLUTE
    ../fplib/fnaninf.s                       0x00000000   Number         0  fnaninf.o ABSOLUTE
    ../fplib/fpconst.s                       0x00000000   Number         0  fpconst.o ABSOLUTE
    ../fplib/fpinit.s                        0x00000000   Number         0  fpinit.o ABSOLUTE
    ../fplib/fretinf.s                       0x00000000   Number         0  fretinf.o ABSOLUTE
    ../fplib/istatus.s                       0x00000000   Number         0  istatus.o ABSOLUTE
    ../fplib/retnan.s                        0x00000000   Number         0  retnan.o ABSOLUTE
    ../fplib/scalbn.s                        0x00000000   Number         0  scalbn.o ABSOLUTE
    ../fplib/scanf1.s                        0x00000000   Number         0  scanf1.o ABSOLUTE
    ../fplib/scanf2.s                        0x00000000   Number         0  scanf2.o ABSOLUTE
    ../fplib/scanf2a.s                       0x00000000   Number         0  scanf2a.o ABSOLUTE
    ../fplib/scanf2b.s                       0x00000000   Number         0  scanf2b.o ABSOLUTE
    ../fplib/trapv.s                         0x00000000   Number         0  trapv.o ABSOLUTE
    ../fplib/usenofp.s                       0x00000000   Number         0  usenofp.o ABSOLUTE
    ../mathlib/atan.c                        0x00000000   Number         0  atan.o ABSOLUTE
    ../mathlib/atan.c                        0x00000000   Number         0  atan_x.o ABSOLUTE
    ../mathlib/atan2.c                       0x00000000   Number         0  atan2_x.o ABSOLUTE
    ../mathlib/atan2.c                       0x00000000   Number         0  atan2.o ABSOLUTE
    ../mathlib/atof.c                        0x00000000   Number         0  atof.o ABSOLUTE
    ../mathlib/cos.c                         0x00000000   Number         0  cos.o ABSOLUTE
    ../mathlib/cos.c                         0x00000000   Number         0  cos_x.o ABSOLUTE
    ../mathlib/cos_i.c                       0x00000000   Number         0  cos_i.o ABSOLUTE
    ../mathlib/dunder.c                      0x00000000   Number         0  dunder.o ABSOLUTE
    ../mathlib/fabs.c                        0x00000000   Number         0  fabs.o ABSOLUTE
    ../mathlib/fpclassify.c                  0x00000000   Number         0  fpclassify.o ABSOLUTE
    ../mathlib/frexp.c                       0x00000000   Number         0  frexp.o ABSOLUTE
    ../mathlib/ldexp.c                       0x00000000   Number         0  ldexp.o ABSOLUTE
    ../mathlib/ldexp.c                       0x00000000   Number         0  ldexp_x.o ABSOLUTE
    ../mathlib/narrow.c                      0x00000000   Number         0  narrow.o ABSOLUTE
    ../mathlib/poly.c                        0x00000000   Number         0  poly.o ABSOLUTE
    ../mathlib/qnan.c                        0x00000000   Number         0  qnan.o ABSOLUTE
    ../mathlib/rred.c                        0x00000000   Number         0  rred.o ABSOLUTE
    ../mathlib/sin.c                         0x00000000   Number         0  sin.o ABSOLUTE
    ../mathlib/sin.c                         0x00000000   Number         0  sin_x.o ABSOLUTE
    ../mathlib/sin_i.c                       0x00000000   Number         0  sin_i_x.o ABSOLUTE
    ../mathlib/sin_i.c                       0x00000000   Number         0  sin_i.o ABSOLUTE
    ../mathlib/sqrt.c                        0x00000000   Number         0  sqrt.o ABSOLUTE
    ../mathlib/sqrt.c                        0x00000000   Number         0  sqrt_x.o ABSOLUTE
    dc.s                                     0x00000000   Number         0  dc.o ABSOLUTE
    main.c                                   0x00000000   Number         0  main.o ABSOLUTE
    startup_TM4C123.s                        0x00000000   Number         0  startup_tm4c123.o ABSOLUTE
    !!!main                                  0x0000026c   Section        8  __main.o(!!!main)
    !!!scatter                               0x00000274   Section       52  __scatter.o(!!!scatter)
    !!handler_zi                             0x000002a8   Section       28  __scatter_zi.o(!!handler_zi)
    .ARM.Collect$$libinit$$00000000          0x000002c4   Section        2  libinit.o(.ARM.Collect$$libinit$$00000000)
    .ARM.Collect$$libinit$$00000001          0x000002c6   Section        4  libinit2.o(.ARM.Collect$$libinit$$00000001)
    .ARM.Collect$$libinit$$00000008          0x000002ca   Section        0  libinit2.o(.ARM.Collect$$libinit$$00000008)
    .ARM.Collect$$libinit$$0000000A          0x000002ca   Section        0  libinit2.o(.ARM.Collect$$libinit$$0000000A)
    .ARM.Collect$$libinit$$0000000C          0x000002ca   Section        0  libinit2.o(.ARM.Collect$$libinit$$0000000C)
    .ARM.Collect$$libinit$$0000000D          0x000002ca   Section        6  libinit2.o(.ARM.Collect$$libinit$$0000000D)
    .ARM.Collect$$libinit$$0000000F          0x000002d0   Section        0  libinit2.o(.ARM.Collect$$libinit$$0000000F)
    .ARM.Collect$$libinit$$00000010          0x000002d0   Section       12  libinit2.o(.ARM.Collect$$libinit$$00000010)
    .ARM.Collect$$libinit$$00000011          0x000002dc   Section        0  libinit2.o(.ARM.Collect$$libinit$$00000011)
    .ARM.Collect$$libinit$$00000013          0x000002dc   Section        0  libinit2.o(.ARM.Collect$$libinit$$00000013)
    .ARM.Collect$$libinit$$00000014          0x000002dc   Section       10  libinit2.o(.ARM.Collect$$libinit$$00000014)
    .ARM.Collect$$libinit$$00000015          0x000002e6   Section        0  libinit2.o(.ARM.Collect$$libinit$$00000015)
    .ARM.Collect$$libinit$$00000017          0x000002e6   Section        0  libinit2.o(.ARM.Collect$$libinit$$00000017)
    .ARM.Collect$$libinit$$00000019          0x000002e6   Section        0  libinit2.o(.ARM.Collect$$libinit$$00000019)
    .ARM.Collect$$libinit$$0000001B          0x000002e6   Section        0  libinit2.o(.ARM.Collect$$libinit$$0000001B)
    .ARM.Collect$$libinit$$0000001D          0x000002e6   Section        0  libinit2.o(.ARM.Collect$$libinit$$0000001D)
    .ARM.Collect$$libinit$$0000001F          0x000002e6   Section        0  libinit2.o(.ARM.Collect$$libinit$$0000001F)
    .ARM.Collect$$libinit$$00000021          0x000002e6   Section        0  libinit2.o(.ARM.Collect$$libinit$$00000021)
    .ARM.Collect$$libinit$$00000023          0x000002e6   Section        0  libinit2.o(.ARM.Collect$$libinit$$00000023)
    .ARM.Collect$$libinit$$0000002A          0x000002e6   Section        0  libinit2.o(.ARM.Collect$$libinit$$0000002A)
    .ARM.Collect$$libinit$$0000002C          0x000002e6   Section        0  libinit2.o(.ARM.Collect$$libinit$$0000002C)
    .ARM.Collect$$libinit$$0000002E          0x000002e6   Section        0  libinit2.o(.ARM.Collect$$libinit$$0000002E)
    .ARM.Collect$$libinit$$00000030          0x000002e6   Section        0  libinit2.o(.ARM.Collect$$libinit$$00000030)
    .ARM.Collect$$libinit$$00000031          0x000002e6   Section        2  libinit2.o(.ARM.Collect$$libinit$$00000031)
    .ARM.Collect$$libshutdown$$00000000      0x000002e8   Section        2  libshutdown.o(.ARM.Collect$$libshutdown$$00000000)
    .ARM.Collect$$libshutdown$$00000003      0x000002ea   Section        0  libshutdown2.o(.ARM.Collect$$libshutdown$$00000003)
    .ARM.Collect$$libshutdown$$00000006      0x000002ea   Section        0  libshutdown2.o(.ARM.Collect$$libshutdown$$00000006)
    .ARM.Collect$$libshutdown$$00000009      0x000002ea   Section        0  libshutdown2.o(.ARM.Collect$$libshutdown$$00000009)
    .ARM.Collect$$libshutdown$$0000000B      0x000002ea   Section        0  libshutdown2.o(.ARM.Collect$$libshutdown$$0000000B)
    .ARM.Collect$$libshutdown$$0000000E      0x000002ea   Section        0  libshutdown2.o(.ARM.Collect$$libshutdown$$0000000E)
    .ARM.Collect$$libshutdown$$0000000F      0x000002ea   Section        2  libshutdown2.o(.ARM.Collect$$libshutdown$$0000000F)
    .ARM.Collect$$rtentry$$00000000          0x000002ec   Section        0  rtentry.o(.ARM.Collect$$rtentry$$00000000)
    .ARM.Collect$$rtentry$$00000002          0x000002ec   Section        0  rtentry2.o(.ARM.Collect$$rtentry$$00000002)
    .ARM.Collect$$rtentry$$00000004          0x000002ec   Section        6  rtentry4.o(.ARM.Collect$$rtentry$$00000004)
    .ARM.Collect$$rtentry$$00000009          0x000002f2   Section        0  rtentry2.o(.ARM.Collect$$rtentry$$00000009)
    .ARM.Collect$$rtentry$$0000000A          0x000002f2   Section        4  rtentry2.o(.ARM.Collect$$rtentry$$0000000A)
    .ARM.Collect$$rtentry$$0000000C          0x000002f6   Section        0  rtentry2.o(.ARM.Collect$$rtentry$$0000000C)
    .ARM.Collect$$rtentry$$0000000D          0x000002f6   Section        8  rtentry2.o(.ARM.Collect$$rtentry$$0000000D)
    .ARM.Collect$$rtexit$$00000000           0x000002fe   Section        2  rtexit.o(.ARM.Collect$$rtexit$$00000000)
    .ARM.Collect$$rtexit$$00000002           0x00000300   Section        0  rtexit2.o(.ARM.Collect$$rtexit$$00000002)
    .ARM.Collect$$rtexit$$00000003           0x00000300   Section        4  rtexit2.o(.ARM.Collect$$rtexit$$00000003)
    .ARM.Collect$$rtexit$$00000004           0x00000304   Section        6  rtexit2.o(.ARM.Collect$$rtexit$$00000004)
    .text                                    0x0000030c   Section      276  startup_tm4c123.o(.text)
    $v0                                      0x0000030c   Number         0  startup_tm4c123.o(.text)
    .text                                    0x00000420   Section        0  main.o(.text)
    .text                                    0x00000fe0   Section       16  rt_ctype_table.o(.text)
    .text                                    0x00000ff0   Section        0  strlen.o(.text)
    .text                                    0x0000102e   Section        0  heapauxi.o(.text)
    .text                                    0x00001034   Section        8  rt_locale_intlibspace.o(.text)
    .text                                    0x0000103c   Section        0  _rserrno.o(.text)
    .text                                    0x00001054   Section        0  strtod.o(.text)
    _local_sscanf                            0x00001055   Thumb Code    60  strtod.o(.text)
    .text                                    0x000010f4   Section        8  libspace.o(.text)
    .text                                    0x000010fc   Section        8  rt_errno_addr_intlibspace.o(.text)
    .text                                    0x00001104   Section        0  isspace.o(.text)
    .text                                    0x00001116   Section        0  _sgetc.o(.text)
    .text                                    0x00001158   Section      128  strcmpv7m.o(.text)
    .text                                    0x000011d8   Section       74  sys_stackheap_outer.o(.text)
    .text                                    0x00001224   Section        0  scanf_fp.o(.text)
    _fp_value                                0x00001225   Thumb Code   504  scanf_fp.o(.text)
    .text                                    0x000016c8   Section        0  exit.o(.text)
    .text                                    0x000016d4   Section        0  bigflt0.o(.text)
    .text                                    0x000017b8   Section        0  scanf_hexfp.o(.text)
    .text                                    0x00001acc   Section        0  scanf_infnan.o(.text)
    .text                                    0x00001c08   Section        0  sys_exit.o(.text)
    .text                                    0x00001c14   Section        2  use_no_semi.o(.text)
    .text                                    0x00001c16   Section       38  llshl.o(.text)
    .text                                    0x00001c16   Section        0  indicate_semi.o(.text)
    .text                                    0x00001c3c   Section        0  _chval.o(.text)
    CL$$btod_div_common                      0x00001c58   Section      824  btod.o(CL$$btod_div_common)
    CL$$btod_e2d                             0x00001f90   Section       84  btod.o(CL$$btod_e2d)
    CL$$btod_e2e                             0x00001fe4   Section      198  btod.o(CL$$btod_e2e)
    CL$$btod_ediv                            0x000020aa   Section       40  btod.o(CL$$btod_ediv)
    CL$$btod_edivd                           0x000020d2   Section       40  btod.o(CL$$btod_edivd)
    CL$$btod_emul                            0x000020fa   Section       40  btod.o(CL$$btod_emul)
    CL$$btod_emuld                           0x00002122   Section       40  btod.o(CL$$btod_emuld)
    CL$$btod_mult_common                     0x0000214a   Section      580  btod.o(CL$$btod_mult_common)
    i.__ARM_fpclassify                       0x0000238e   Section        0  fpclassify.o(i.__ARM_fpclassify)
    i.__hardfp_atan                          0x000023c0   Section        0  atan.o(i.__hardfp_atan)
    i.__hardfp_atan2                         0x000026a8   Section        0  atan2.o(i.__hardfp_atan2)
    i.__hardfp_atof                          0x00002888   Section        0  atof.o(i.__hardfp_atof)
    i.__hardfp_cos                           0x000028c0   Section        0  cos.o(i.__hardfp_cos)
    i.__hardfp_ldexp                         0x00002998   Section        0  ldexp.o(i.__hardfp_ldexp)
    i.__hardfp_sin                           0x00002a80   Section        0  sin.o(i.__hardfp_sin)
    i.__hardfp_sqrt                          0x00002b58   Section        0  sqrt.o(i.__hardfp_sqrt)
    i.__ieee754_rem_pio2                     0x00002bd8   Section        0  rred.o(i.__ieee754_rem_pio2)
    i.__kernel_cos                           0x00003030   Section        0  cos_i.o(i.__kernel_cos)
    i.__kernel_poly                          0x000031a0   Section        0  poly.o(i.__kernel_poly)
    i.__kernel_sin                           0x00003298   Section        0  sin_i.o(i.__kernel_sin)
    i.__mathlib_dbl_underflow                0x000033c8   Section        0  dunder.o(i.__mathlib_dbl_underflow)
    i.__mathlib_narrow                       0x000033e8   Section        0  narrow.o(i.__mathlib_narrow)
    i.__support_ldexp                        0x000034a0   Section        0  ldexp.o(i.__support_ldexp)
    i._is_digit                              0x000034b4   Section        0  scanf_fp.o(i._is_digit)
    i.atan                                   0x000034c2   Section        0  atan.o(i.atan)
    i.fabs                                   0x000034d2   Section        0  fabs.o(i.fabs)
    i.frexp                                  0x000034f8   Section        0  frexp.o(i.frexp)
    locale$$code                             0x00003594   Section       44  lc_ctype_c.o(locale$$code)
    locale$$code                             0x000035c0   Section       44  lc_numeric_c.o(locale$$code)
    x$fpl$basic                              0x000035ec   Section       24  basic.o(x$fpl$basic)
    $v0                                      0x000035ec   Number         0  basic.o(x$fpl$basic)
    x$fpl$d2f                                0x00003604   Section       98  d2f.o(x$fpl$d2f)
    $v0                                      0x00003604   Number         0  d2f.o(x$fpl$d2f)
    x$fpl$dadd                               0x00003668   Section      336  daddsub_clz.o(x$fpl$dadd)
    $v0                                      0x00003668   Number         0  daddsub_clz.o(x$fpl$dadd)
    _dadd1                                   0x00003679   Thumb Code     0  daddsub_clz.o(x$fpl$dadd)
    x$fpl$dcheck1                            0x000037b8   Section       16  dcheck1.o(x$fpl$dcheck1)
    $v0                                      0x000037b8   Number         0  dcheck1.o(x$fpl$dcheck1)
    x$fpl$dcmpinf                            0x000037c8   Section       24  dcmpi.o(x$fpl$dcmpinf)
    $v0                                      0x000037c8   Number         0  dcmpi.o(x$fpl$dcmpinf)
    x$fpl$ddiv                               0x000037e0   Section      688  ddiv.o(x$fpl$ddiv)
    $v0                                      0x000037e0   Number         0  ddiv.o(x$fpl$ddiv)
    ddiv_entry                               0x000037e7   Thumb Code     0  ddiv.o(x$fpl$ddiv)
    x$fpl$deqf                               0x00003a90   Section      120  deqf.o(x$fpl$deqf)
    $v0                                      0x00003a90   Number         0  deqf.o(x$fpl$deqf)
    x$fpl$dfix                               0x00003b08   Section       94  dfix.o(x$fpl$dfix)
    $v0                                      0x00003b08   Number         0  dfix.o(x$fpl$dfix)
    x$fpl$dflt                               0x00003b66   Section       46  dflt_clz.o(x$fpl$dflt)
    $v0                                      0x00003b66   Number         0  dflt_clz.o(x$fpl$dflt)
    x$fpl$dfltu                              0x00003b94   Section       38  dflt_clz.o(x$fpl$dfltu)
    $v0                                      0x00003b94   Number         0  dflt_clz.o(x$fpl$dfltu)
    x$fpl$dleqf                              0x00003bbc   Section      120  dleqf.o(x$fpl$dleqf)
    $v0                                      0x00003bbc   Number         0  dleqf.o(x$fpl$dleqf)
    x$fpl$dmul                               0x00003c34   Section      340  dmul.o(x$fpl$dmul)
    $v0                                      0x00003c34   Number         0  dmul.o(x$fpl$dmul)
    x$fpl$dnaninf                            0x00003d88   Section      156  dnaninf.o(x$fpl$dnaninf)
    $v0                                      0x00003d88   Number         0  dnaninf.o(x$fpl$dnaninf)
    x$fpl$dretinf                            0x00003e24   Section       12  dretinf.o(x$fpl$dretinf)
    $v0                                      0x00003e24   Number         0  dretinf.o(x$fpl$dretinf)
    x$fpl$drleqf                             0x00003e30   Section      108  drleqf.o(x$fpl$drleqf)
    $v0                                      0x00003e30   Number         0  drleqf.o(x$fpl$drleqf)
    x$fpl$drsb                               0x00003e9c   Section       22  daddsub_clz.o(x$fpl$drsb)
    $v0                                      0x00003e9c   Number         0  daddsub_clz.o(x$fpl$drsb)
    x$fpl$dsqrt                              0x00003eb4   Section      408  dsqrt_umaal.o(x$fpl$dsqrt)
    $v0                                      0x00003eb4   Number         0  dsqrt_umaal.o(x$fpl$dsqrt)
    x$fpl$dsub                               0x0000404c   Section      468  daddsub_clz.o(x$fpl$dsub)
    $v0                                      0x0000404c   Number         0  daddsub_clz.o(x$fpl$dsub)
    _dsub1                                   0x0000405d   Thumb Code     0  daddsub_clz.o(x$fpl$dsub)
    x$fpl$f2d                                0x00004220   Section       86  f2d.o(x$fpl$f2d)
    $v0                                      0x00004220   Number         0  f2d.o(x$fpl$f2d)
    x$fpl$fnaninf                            0x00004276   Section      140  fnaninf.o(x$fpl$fnaninf)
    $v0                                      0x00004276   Number         0  fnaninf.o(x$fpl$fnaninf)
    x$fpl$fpinit                             0x00004302   Section       10  fpinit.o(x$fpl$fpinit)
    $v0                                      0x00004302   Number         0  fpinit.o(x$fpl$fpinit)
    x$fpl$fretinf                            0x0000430c   Section       10  fretinf.o(x$fpl$fretinf)
    $v0                                      0x0000430c   Number         0  fretinf.o(x$fpl$fretinf)
    x$fpl$retnan                             0x00004316   Section      100  retnan.o(x$fpl$retnan)
    $v0                                      0x00004316   Number         0  retnan.o(x$fpl$retnan)
    x$fpl$scalbn                             0x0000437a   Section       92  scalbn.o(x$fpl$scalbn)
    $v0                                      0x0000437a   Number         0  scalbn.o(x$fpl$scalbn)
    x$fpl$scanf1                             0x000043d6   Section        4  scanf1.o(x$fpl$scanf1)
    $v0                                      0x000043d6   Number         0  scanf1.o(x$fpl$scanf1)
    x$fpl$scanf2                             0x000043da   Section        8  scanf2.o(x$fpl$scanf2)
    $v0                                      0x000043da   Number         0  scanf2.o(x$fpl$scanf2)
    x$fpl$trapveneer                         0x000043e2   Section       48  trapv.o(x$fpl$trapveneer)
    $v0                                      0x000043e2   Number         0  trapv.o(x$fpl$trapveneer)
    x$fpl$usenofp                            0x00004412   Section        0  usenofp.o(x$fpl$usenofp)
    .constdata                               0x00004414   Section       10  main.o(.constdata)
    .constdata                               0x00004420   Section      152  atan.o(.constdata)
    atanhi                                   0x00004420   Data          32  atan.o(.constdata)
    atanlo                                   0x00004440   Data          32  atan.o(.constdata)
    aTodd                                    0x00004460   Data          40  atan.o(.constdata)
    aTeven                                   0x00004488   Data          48  atan.o(.constdata)
    .constdata                               0x000044b8   Section       48  cos_i.o(.constdata)
    C                                        0x000044b8   Data          48  cos_i.o(.constdata)
    .constdata                               0x000044e8   Section        8  qnan.o(.constdata)
    .constdata                               0x000044f0   Section      200  rred.o(.constdata)
    pio2s                                    0x000044f0   Data          48  rred.o(.constdata)
    twooverpi                                0x00004520   Data         152  rred.o(.constdata)
    .constdata                               0x000045b8   Section       40  sin_i.o(.constdata)
    S                                        0x000045b8   Data          40  sin_i.o(.constdata)
    .constdata                               0x000045e0   Section      148  bigflt0.o(.constdata)
    tenpwrs_x                                0x000045e0   Data          60  bigflt0.o(.constdata)
    tenpwrs_i                                0x0000461c   Data          64  bigflt0.o(.constdata)
    c$$dinf                                  0x00004684   Section        8  fpconst.o(c$$dinf)
    locale$$data                             0x0000468c   Section      272  lc_ctype_c.o(locale$$data)
    __lcctype_c_name                         0x00004690   Data           2  lc_ctype_c.o(locale$$data)
    __lcctype_c_start                        0x00004698   Data           0  lc_ctype_c.o(locale$$data)
    locale$$data                             0x0000479c   Section       28  lc_numeric_c.o(locale$$data)
    __lcctype_c_end                          0x0000479c   Data           0  lc_ctype_c.o(locale$$data)
    __lcnum_c_name                           0x000047a0   Data           2  lc_numeric_c.o(locale$$data)
    __lcnum_c_start                          0x000047a8   Data           0  lc_numeric_c.o(locale$$data)
    __lcnum_c_point                          0x000047b4   Data           0  lc_numeric_c.o(locale$$data)
    __lcnum_c_thousands                      0x000047b6   Data           0  lc_numeric_c.o(locale$$data)
    __lcnum_c_grouping                       0x000047b7   Data           0  lc_numeric_c.o(locale$$data)
    __lcnum_c_end                            0x000047b8   Data           0  lc_numeric_c.o(locale$$data)
    .bss                                     0x20000000   Section       96  libspace.o(.bss)
    HEAP                                     0x20000060   Section        0  startup_tm4c123.o(HEAP)
    STACK                                    0x20000060   Section      512  startup_tm4c123.o(STACK)
    Heap_Mem                                 0x20000060   Data           0  startup_tm4c123.o(HEAP)
    Stack_Mem                                0x20000060   Data         512  startup_tm4c123.o(STACK)
    __initial_sp                             0x20000260   Data           0  startup_tm4c123.o(STACK)

    Global Symbols

    Symbol Name                              Value     Ov Type        Size  Object(Section)

    BuildAttributes$$THM_ISAv4$E$P$D$K$B$S$7EM$VFPi3$EXTD16$VFPS$VFMA$PE$A:L22UL41UL21$X:L11$S22US41US21$IEEE1$IW$USESV6$~STKCKD$USESV7$~SHL$OTIME$ROPI$IEEEX$EBA8$UX$STANDARDLIB$REQ8$PRES8$EABIv2 0x00000000   Number         0  anon$$obj.o ABSOLUTE
    __ARM_use_no_argv                        0x00000000   Number         0  main.o ABSOLUTE
    __Vectors                                0x00000000   Data           4  startup_tm4c123.o(RESET)
    __ARM_exceptions_init                     - Undefined Weak Reference
    __alloca_initialize                       - Undefined Weak Reference
    __cpp_initialize__aeabi_                  - Undefined Weak Reference
    __cxa_finalize                            - Undefined Weak Reference
    __sigvec_lookup                           - Undefined Weak Reference
    _atexit_init                              - Undefined Weak Reference
    _call_atexit_fns                          - Undefined Weak Reference
    _clock_init                               - Undefined Weak Reference
    _fp_trap_init                             - Undefined Weak Reference
    _fp_trap_shutdown                         - Undefined Weak Reference
    _get_lc_collate                           - Undefined Weak Reference
    _get_lc_monetary                          - Undefined Weak Reference
    _get_lc_time                              - Undefined Weak Reference
    _getenv_init                              - Undefined Weak Reference
    _handle_redirection                       - Undefined Weak Reference
    _init_alloc                               - Undefined Weak Reference
    _init_user_alloc                          - Undefined Weak Reference
    _initio                                   - Undefined Weak Reference
    _rand_init                                - Undefined Weak Reference
    _signal_finish                            - Undefined Weak Reference
    _signal_init                              - Undefined Weak Reference
    _terminate_alloc                          - Undefined Weak Reference
    _terminate_user_alloc                     - Undefined Weak Reference
    _terminateio                              - Undefined Weak Reference
    __Vectors_End                            0x0000026c   Data           0  startup_tm4c123.o(RESET)
    __Vectors_Size                           0x0000026c   Number         0  startup_tm4c123.o ABSOLUTE
    __main                                   0x0000026d   Thumb Code     8  __main.o(!!!main)
    __scatterload                            0x00000275   Thumb Code     0  __scatter.o(!!!scatter)
    __scatterload_rt2                        0x00000275   Thumb Code    44  __scatter.o(!!!scatter)
    __scatterload_rt2_thumb_only             0x00000275   Thumb Code     0  __scatter.o(!!!scatter)
    __scatterload_null                       0x00000283   Thumb Code     0  __scatter.o(!!!scatter)
    __scatterload_zeroinit                   0x000002a9   Thumb Code    28  __scatter_zi.o(!!handler_zi)
    __rt_lib_init                            0x000002c5   Thumb Code     0  libinit.o(.ARM.Collect$$libinit$$00000000)
    __rt_lib_init_fp_1                       0x000002c7   Thumb Code     0  libinit2.o(.ARM.Collect$$libinit$$00000001)
    __rt_lib_init_heap_1                     0x000002cb   Thumb Code     0  libinit2.o(.ARM.Collect$$libinit$$00000008)
    __rt_lib_init_lc_common                  0x000002cb   Thumb Code     0  libinit2.o(.ARM.Collect$$libinit$$0000000D)
    __rt_lib_init_rand_1                     0x000002cb   Thumb Code     0  libinit2.o(.ARM.Collect$$libinit$$0000000C)
    __rt_lib_init_user_alloc_1               0x000002cb   Thumb Code     0  libinit2.o(.ARM.Collect$$libinit$$0000000A)
    __rt_lib_init_lc_collate_1               0x000002d1   Thumb Code     0  libinit2.o(.ARM.Collect$$libinit$$0000000F)
    __rt_lib_init_lc_ctype_2                 0x000002d1   Thumb Code     0  libinit2.o(.ARM.Collect$$libinit$$00000010)
    __rt_lib_init_lc_ctype_1                 0x000002dd   Thumb Code     0  libinit2.o(.ARM.Collect$$libinit$$00000011)
    __rt_lib_init_lc_monetary_1              0x000002dd   Thumb Code     0  libinit2.o(.ARM.Collect$$libinit$$00000013)
    __rt_lib_init_lc_numeric_2               0x000002dd   Thumb Code     0  libinit2.o(.ARM.Collect$$libinit$$00000014)
    __rt_lib_init_alloca_1                   0x000002e7   Thumb Code     0  libinit2.o(.ARM.Collect$$libinit$$0000002C)
    __rt_lib_init_argv_1                     0x000002e7   Thumb Code     0  libinit2.o(.ARM.Collect$$libinit$$0000002A)
    __rt_lib_init_atexit_1                   0x000002e7   Thumb Code     0  libinit2.o(.ARM.Collect$$libinit$$00000019)
    __rt_lib_init_clock_1                    0x000002e7   Thumb Code     0  libinit2.o(.ARM.Collect$$libinit$$0000001F)
    __rt_lib_init_cpp_1                      0x000002e7   Thumb Code     0  libinit2.o(.ARM.Collect$$libinit$$00000030)
    __rt_lib_init_exceptions_1               0x000002e7   Thumb Code     0  libinit2.o(.ARM.Collect$$libinit$$0000002E)
    __rt_lib_init_fp_trap_1                  0x000002e7   Thumb Code     0  libinit2.o(.ARM.Collect$$libinit$$0000001D)
    __rt_lib_init_getenv_1                   0x000002e7   Thumb Code     0  libinit2.o(.ARM.Collect$$libinit$$00000021)
    __rt_lib_init_lc_numeric_1               0x000002e7   Thumb Code     0  libinit2.o(.ARM.Collect$$libinit$$00000015)
    __rt_lib_init_lc_time_1                  0x000002e7   Thumb Code     0  libinit2.o(.ARM.Collect$$libinit$$00000017)
    __rt_lib_init_return                     0x000002e7   Thumb Code     0  libinit2.o(.ARM.Collect$$libinit$$00000031)
    __rt_lib_init_signal_1                   0x000002e7   Thumb Code     0  libinit2.o(.ARM.Collect$$libinit$$0000001B)
    __rt_lib_init_stdio_1                    0x000002e7   Thumb Code     0  libinit2.o(.ARM.Collect$$libinit$$00000023)
    __rt_lib_shutdown                        0x000002e9   Thumb Code     0  libshutdown.o(.ARM.Collect$$libshutdown$$00000000)
    __rt_lib_shutdown_fp_trap_1              0x000002eb   Thumb Code     0  libshutdown2.o(.ARM.Collect$$libshutdown$$00000006)
    __rt_lib_shutdown_heap_1                 0x000002eb   Thumb Code     0  libshutdown2.o(.ARM.Collect$$libshutdown$$0000000E)
    __rt_lib_shutdown_return                 0x000002eb   Thumb Code     0  libshutdown2.o(.ARM.Collect$$libshutdown$$0000000F)
    __rt_lib_shutdown_signal_1               0x000002eb   Thumb Code     0  libshutdown2.o(.ARM.Collect$$libshutdown$$00000009)
    __rt_lib_shutdown_stdio_1                0x000002eb   Thumb Code     0  libshutdown2.o(.ARM.Collect$$libshutdown$$00000003)
    __rt_lib_shutdown_user_alloc_1           0x000002eb   Thumb Code     0  libshutdown2.o(.ARM.Collect$$libshutdown$$0000000B)
    __rt_entry                               0x000002ed   Thumb Code     0  rtentry.o(.ARM.Collect$$rtentry$$00000000)
    __rt_entry_presh_1                       0x000002ed   Thumb Code     0  rtentry2.o(.ARM.Collect$$rtentry$$00000002)
    __rt_entry_sh                            0x000002ed   Thumb Code     0  rtentry4.o(.ARM.Collect$$rtentry$$00000004)
    __rt_entry_li                            0x000002f3   Thumb Code     0  rtentry2.o(.ARM.Collect$$rtentry$$0000000A)
    __rt_entry_postsh_1                      0x000002f3   Thumb Code     0  rtentry2.o(.ARM.Collect$$rtentry$$00000009)
    __rt_entry_main                          0x000002f7   Thumb Code     0  rtentry2.o(.ARM.Collect$$rtentry$$0000000D)
    __rt_entry_postli_1                      0x000002f7   Thumb Code     0  rtentry2.o(.ARM.Collect$$rtentry$$0000000C)
    __rt_exit                                0x000002ff   Thumb Code     0  rtexit.o(.ARM.Collect$$rtexit$$00000000)
    __rt_exit_ls                             0x00000301   Thumb Code     0  rtexit2.o(.ARM.Collect$$rtexit$$00000003)
    __rt_exit_prels_1                        0x00000301   Thumb Code     0  rtexit2.o(.ARM.Collect$$rtexit$$00000002)
    __rt_exit_exit                           0x00000305   Thumb Code     0  rtexit2.o(.ARM.Collect$$rtexit$$00000004)
    Reset_Handler                            0x0000030d   Thumb Code     8  startup_tm4c123.o(.text)
    NMI_Handler                              0x00000315   Thumb Code     2  startup_tm4c123.o(.text)
    HardFault_Handler                        0x00000317   Thumb Code     2  startup_tm4c123.o(.text)
    MemManage_Handler                        0x00000319   Thumb Code     2  startup_tm4c123.o(.text)
    BusFault_Handler                         0x0000031b   Thumb Code     2  startup_tm4c123.o(.text)
    UsageFault_Handler                       0x0000031d   Thumb Code     2  startup_tm4c123.o(.text)
    SVC_Handler                              0x0000031f   Thumb Code     2  startup_tm4c123.o(.text)
    DebugMon_Handler                         0x00000321   Thumb Code     2  startup_tm4c123.o(.text)
    PendSV_Handler                           0x00000323   Thumb Code     2  startup_tm4c123.o(.text)
    SysTick_Handler                          0x00000325   Thumb Code     2  startup_tm4c123.o(.text)
    GPIOA_Handler                            0x00000327   Thumb Code     2  startup_tm4c123.o(.text)
    GPIOB_Handler                            0x00000329   Thumb Code     2  startup_tm4c123.o(.text)
    GPIOC_Handler                            0x0000032b   Thumb Code     2  startup_tm4c123.o(.text)
    GPIOD_Handler                            0x0000032d   Thumb Code     2  startup_tm4c123.o(.text)
    GPIOE_Handler                            0x0000032f   Thumb Code     2  startup_tm4c123.o(.text)
    UART0_Handler                            0x00000331   Thumb Code     2  startup_tm4c123.o(.text)
    UART1_Handler                            0x00000333   Thumb Code     2  startup_tm4c123.o(.text)
    SSI0_Handler                             0x00000335   Thumb Code     2  startup_tm4c123.o(.text)
    I2C0_Handler                             0x00000337   Thumb Code     2  startup_tm4c123.o(.text)
    PMW0_FAULT_Handler                       0x00000339   Thumb Code     2  startup_tm4c123.o(.text)
    PWM0_0_Handler                           0x0000033b   Thumb Code     2  startup_tm4c123.o(.text)
    PWM0_1_Handler                           0x0000033d   Thumb Code     2  startup_tm4c123.o(.text)
    PWM0_2_Handler                           0x0000033f   Thumb Code     2  startup_tm4c123.o(.text)
    QEI0_Handler                             0x00000341   Thumb Code     2  startup_tm4c123.o(.text)
    ADC0SS0_Handler                          0x00000343   Thumb Code     2  startup_tm4c123.o(.text)
    ADC0SS1_Handler                          0x00000345   Thumb Code     2  startup_tm4c123.o(.text)
    ADC0SS2_Handler                          0x00000347   Thumb Code     2  startup_tm4c123.o(.text)
    ADC0SS3_Handler                          0x00000349   Thumb Code     2  startup_tm4c123.o(.text)
    WDT0_Handler                             0x0000034b   Thumb Code     2  startup_tm4c123.o(.text)
    TIMER0A_Handler                          0x0000034d   Thumb Code     2  startup_tm4c123.o(.text)
    TIMER0B_Handler                          0x0000034f   Thumb Code     2  startup_tm4c123.o(.text)
    TIMER1A_Handler                          0x00000351   Thumb Code     2  startup_tm4c123.o(.text)
    TIMER1B_Handler                          0x00000353   Thumb Code     2  startup_tm4c123.o(.text)
    TIMER2A_Handler                          0x00000355   Thumb Code     2  startup_tm4c123.o(.text)
    TIMER2B_Handler                          0x00000357   Thumb Code     2  startup_tm4c123.o(.text)
    COMP0_Handler                            0x00000359   Thumb Code     2  startup_tm4c123.o(.text)
    COMP1_Handler                            0x0000035b   Thumb Code     2  startup_tm4c123.o(.text)
    COMP2_Handler                            0x0000035d   Thumb Code     2  startup_tm4c123.o(.text)
    SYSCTL_Handler                           0x0000035f   Thumb Code     2  startup_tm4c123.o(.text)
    FLASH_Handler                            0x00000361   Thumb Code     2  startup_tm4c123.o(.text)
    GPIOF_Handler                            0x00000363   Thumb Code     2  startup_tm4c123.o(.text)
    GPIOG_Handler                            0x00000365   Thumb Code     2  startup_tm4c123.o(.text)
    GPIOH_Handler                            0x00000367   Thumb Code     2  startup_tm4c123.o(.text)
    UART2_Handler                            0x00000369   Thumb Code     2  startup_tm4c123.o(.text)
    SSI1_Handler                             0x0000036b   Thumb Code     2  startup_tm4c123.o(.text)
    TIMER3A_Handler                          0x0000036d   Thumb Code     2  startup_tm4c123.o(.text)
    TIMER3B_Handler                          0x0000036f   Thumb Code     2  startup_tm4c123.o(.text)
    I2C1_Handler                             0x00000371   Thumb Code     2  startup_tm4c123.o(.text)
    QEI1_Handler                             0x00000373   Thumb Code     2  startup_tm4c123.o(.text)
    CAN0_Handler                             0x00000375   Thumb Code     2  startup_tm4c123.o(.text)
    CAN1_Handler                             0x00000377   Thumb Code     2  startup_tm4c123.o(.text)
    CAN2_Handler                             0x00000379   Thumb Code     2  startup_tm4c123.o(.text)
    HIB_Handler                              0x0000037b   Thumb Code     2  startup_tm4c123.o(.text)
    USB0_Handler                             0x0000037d   Thumb Code     2  startup_tm4c123.o(.text)
    PWM0_3_Handler                           0x0000037f   Thumb Code     2  startup_tm4c123.o(.text)
    UDMA_Handler                             0x00000381   Thumb Code     2  startup_tm4c123.o(.text)
    UDMAERR_Handler                          0x00000383   Thumb Code     2  startup_tm4c123.o(.text)
    ADC1SS0_Handler                          0x00000385   Thumb Code     2  startup_tm4c123.o(.text)
    ADC1SS1_Handler                          0x00000387   Thumb Code     2  startup_tm4c123.o(.text)
    ADC1SS2_Handler                          0x00000389   Thumb Code     2  startup_tm4c123.o(.text)
    ADC1SS3_Handler                          0x0000038b   Thumb Code     2  startup_tm4c123.o(.text)
    GPIOJ_Handler                            0x0000038d   Thumb Code     2  startup_tm4c123.o(.text)
    GPIOK_Handler                            0x0000038f   Thumb Code     2  startup_tm4c123.o(.text)
    GPIOL_Handler                            0x00000391   Thumb Code     2  startup_tm4c123.o(.text)
    SSI2_Handler                             0x00000393   Thumb Code     2  startup_tm4c123.o(.text)
    SSI3_Handler                             0x00000395   Thumb Code     2  startup_tm4c123.o(.text)
    UART3_Handler                            0x00000397   Thumb Code     2  startup_tm4c123.o(.text)
    UART4_Handler                            0x00000399   Thumb Code     2  startup_tm4c123.o(.text)
    UART5_Handler                            0x0000039b   Thumb Code     2  startup_tm4c123.o(.text)
    UART6_Handler                            0x0000039d   Thumb Code     2  startup_tm4c123.o(.text)
    UART7_Handler                            0x0000039f   Thumb Code     2  startup_tm4c123.o(.text)
    I2C2_Handler                             0x000003a1   Thumb Code     2  startup_tm4c123.o(.text)
    I2C3_Handler                             0x000003a3   Thumb Code     2  startup_tm4c123.o(.text)
    TIMER4A_Handler                          0x000003a5   Thumb Code     2  startup_tm4c123.o(.text)
    TIMER4B_Handler                          0x000003a7   Thumb Code     2  startup_tm4c123.o(.text)
    TIMER5A_Handler                          0x000003a9   Thumb Code     2  startup_tm4c123.o(.text)
    TIMER5B_Handler                          0x000003ab   Thumb Code     2  startup_tm4c123.o(.text)
    WTIMER0A_Handler                         0x000003ad   Thumb Code     2  startup_tm4c123.o(.text)
    WTIMER0B_Handler                         0x000003af   Thumb Code     2  startup_tm4c123.o(.text)
    WTIMER1A_Handler                         0x000003b1   Thumb Code     2  startup_tm4c123.o(.text)
    WTIMER1B_Handler                         0x000003b3   Thumb Code     2  startup_tm4c123.o(.text)
    WTIMER2A_Handler                         0x000003b5   Thumb Code     2  startup_tm4c123.o(.text)
    WTIMER2B_Handler                         0x000003b7   Thumb Code     2  startup_tm4c123.o(.text)
    WTIMER3A_Handler                         0x000003b9   Thumb Code     2  startup_tm4c123.o(.text)
    WTIMER3B_Handler                         0x000003bb   Thumb Code     2  startup_tm4c123.o(.text)
    WTIMER4A_Handler                         0x000003bd   Thumb Code     2  startup_tm4c123.o(.text)
    WTIMER4B_Handler                         0x000003bf   Thumb Code     2  startup_tm4c123.o(.text)
    WTIMER5A_Handler                         0x000003c1   Thumb Code     2  startup_tm4c123.o(.text)
    WTIMER5B_Handler                         0x000003c3   Thumb Code     2  startup_tm4c123.o(.text)
    FPU_Handler                              0x000003c5   Thumb Code     2  startup_tm4c123.o(.text)
    I2C4_Handler                             0x000003c7   Thumb Code     2  startup_tm4c123.o(.text)
    I2C5_Handler                             0x000003c9   Thumb Code     2  startup_tm4c123.o(.text)
    GPIOM_Handler                            0x000003cb   Thumb Code     2  startup_tm4c123.o(.text)
    GPION_Handler                            0x000003cd   Thumb Code     2  startup_tm4c123.o(.text)
    QEI2_Handler                             0x000003cf   Thumb Code     2  startup_tm4c123.o(.text)
    GPIOP0_Handler                           0x000003d1   Thumb Code     2  startup_tm4c123.o(.text)
    GPIOP1_Handler                           0x000003d3   Thumb Code     2  startup_tm4c123.o(.text)
    GPIOP2_Handler                           0x000003d5   Thumb Code     2  startup_tm4c123.o(.text)
    GPIOP3_Handler                           0x000003d7   Thumb Code     2  startup_tm4c123.o(.text)
    GPIOP4_Handler                           0x000003d9   Thumb Code     2  startup_tm4c123.o(.text)
    GPIOP5_Handler                           0x000003db   Thumb Code     2  startup_tm4c123.o(.text)
    GPIOP6_Handler                           0x000003dd   Thumb Code     2  startup_tm4c123.o(.text)
    GPIOP7_Handler                           0x000003df   Thumb Code     2  startup_tm4c123.o(.text)
    GPIOQ0_Handler                           0x000003e1   Thumb Code     2  startup_tm4c123.o(.text)
    GPIOQ1_Handler                           0x000003e3   Thumb Code     2  startup_tm4c123.o(.text)
    GPIOQ2_Handler                           0x000003e5   Thumb Code     2  startup_tm4c123.o(.text)
    GPIOQ3_Handler                           0x000003e7   Thumb Code     2  startup_tm4c123.o(.text)
    GPIOQ4_Handler                           0x000003e9   Thumb Code     2  startup_tm4c123.o(.text)
    GPIOQ5_Handler                           0x000003eb   Thumb Code     2  startup_tm4c123.o(.text)
    GPIOQ6_Handler                           0x000003ed   Thumb Code     2  startup_tm4c123.o(.text)
    GPIOQ7_Handler                           0x000003ef   Thumb Code     2  startup_tm4c123.o(.text)
    GPIOR_Handler                            0x000003f1   Thumb Code     2  startup_tm4c123.o(.text)
    GPIOS_Handler                            0x000003f3   Thumb Code     2  startup_tm4c123.o(.text)
    PMW1_0_Handler                           0x000003f5   Thumb Code     2  startup_tm4c123.o(.text)
    PWM1_1_Handler                           0x000003f7   Thumb Code     2  startup_tm4c123.o(.text)
    PWM1_2_Handler                           0x000003f9   Thumb Code     2  startup_tm4c123.o(.text)
    PWM1_3_Handler                           0x000003fb   Thumb Code     2  startup_tm4c123.o(.text)
    PWM1_FAULT_Handler                       0x000003fd   Thumb Code     2  startup_tm4c123.o(.text)
    __user_initial_stackheap                 0x00000401   Thumb Code     0  startup_tm4c123.o(.text)
    SystemInit                               0x00000421   Thumb Code     2  main.o(.text)
    init                                     0x00000423   Thumb Code    80  main.o(.text)
    LCD_command                              0x00000473   Thumb Code    34  main.o(.text)
    systic_init                              0x00000495   Thumb Code    24  main.o(.text)
    delay                                    0x000004ad   Thumb Code    28  main.o(.text)
    delay_micro                              0x000004c9   Thumb Code    22  main.o(.text)
    delay_milli                              0x000004df   Thumb Code    24  main.o(.text)
    LCD_data                                 0x000004f7   Thumb Code    34  main.o(.text)
    LCD_init                                 0x00000519   Thumb Code   136  main.o(.text)
    LED_ON                                   0x000005a1   Thumb Code    12  main.o(.text)
    total_distance                           0x000005ad   Thumb Code   820  main.o(.text)
    UART_Init                                0x000008e1   Thumb Code   124  main.o(.text)
    UART0_Init                               0x0000095d   Thumb Code   116  main.o(.text)
    UART_Read                                0x000009d1   Thumb Code    20  main.o(.text)
    uart0_available                          0x000009e5   Thumb Code    20  main.o(.text)
    read                                     0x000009f9   Thumb Code    28  main.o(.text)
    UART0_Write                              0x00000a15   Thumb Code    18  main.o(.text)
    data_line                                0x00000a27   Thumb Code    80  main.o(.text)
    swap                                     0x00000a77   Thumb Code    38  main.o(.text)
    parsing                                  0x00000a9d   Thumb Code   142  main.o(.text)
    dec_to_str                               0x00000b2b   Thumb Code    44  main.o(.text)
    number_digits                            0x00000b57   Thumb Code    20  main.o(.text)
    LCD_DISTANCE                             0x00000b6b   Thumb Code    72  main.o(.text)
    atof_m                                   0x00000bb3   Thumb Code   638  main.o(.text)
    LCD_STRING                               0x00000e31   Thumb Code    36  main.o(.text)
    main                                     0x00000e55   Thumb Code   378  main.o(.text)
    __rt_ctype_table                         0x00000fe1   Thumb Code    16  rt_ctype_table.o(.text)
    strlen                                   0x00000ff1   Thumb Code    62  strlen.o(.text)
    __use_two_region_memory                  0x0000102f   Thumb Code     2  heapauxi.o(.text)
    __rt_heap_escrow$2region                 0x00001031   Thumb Code     2  heapauxi.o(.text)
    __rt_heap_expand$2region                 0x00001033   Thumb Code     2  heapauxi.o(.text)
    __rt_locale                              0x00001035   Thumb Code     8  rt_locale_intlibspace.o(.text)
    __read_errno                             0x0000103d   Thumb Code    10  _rserrno.o(.text)
    __set_errno                              0x00001047   Thumb Code    12  _rserrno.o(.text)
    __strtod_int                             0x00001091   Thumb Code    88  strtod.o(.text)
    __user_libspace                          0x000010f5   Thumb Code     8  libspace.o(.text)
    __user_perproc_libspace                  0x000010f5   Thumb Code     0  libspace.o(.text)
    __user_perthread_libspace                0x000010f5   Thumb Code     0  libspace.o(.text)
    __aeabi_errno_addr                       0x000010fd   Thumb Code     8  rt_errno_addr_intlibspace.o(.text)
    __errno$intlibspace                      0x000010fd   Thumb Code     0  rt_errno_addr_intlibspace.o(.text)
    __rt_errno_addr$intlibspace              0x000010fd   Thumb Code     0  rt_errno_addr_intlibspace.o(.text)
    isspace                                  0x00001105   Thumb Code    18  isspace.o(.text)
    _sgetc                                   0x00001117   Thumb Code    30  _sgetc.o(.text)
    _sbackspace                              0x00001135   Thumb Code    34  _sgetc.o(.text)
    strcmp                                   0x00001159   Thumb Code   128  strcmpv7m.o(.text)
    __user_setup_stackheap                   0x000011d9   Thumb Code    74  sys_stackheap_outer.o(.text)
    _scanf_really_real                       0x0000141d   Thumb Code   672  scanf_fp.o(.text)
    exit                                     0x000016c9   Thumb Code    12  exit.o(.text)
    _btod_etento                             0x000016d5   Thumb Code   222  bigflt0.o(.text)
    _scanf_really_hex_real                   0x000017b9   Thumb Code   776  scanf_hexfp.o(.text)
    _scanf_really_infnan                     0x00001acd   Thumb Code   298  scanf_infnan.o(.text)
    _sys_exit                                0x00001c09   Thumb Code     8  sys_exit.o(.text)
    __I$use$semihosting                      0x00001c15   Thumb Code     0  use_no_semi.o(.text)
    __use_no_semihosting_swi                 0x00001c15   Thumb Code     2  use_no_semi.o(.text)
    __aeabi_llsl                             0x00001c17   Thumb Code     0  llshl.o(.text)
    __semihosting_library_function           0x00001c17   Thumb Code     0  indicate_semi.o(.text)
    _ll_shift_l                              0x00001c17   Thumb Code    38  llshl.o(.text)
    _chval                                   0x00001c3d   Thumb Code    28  _chval.o(.text)
    __btod_div_common                        0x00001c59   Thumb Code   696  btod.o(CL$$btod_div_common)
    _e2d                                     0x00001f91   Thumb Code    80  btod.o(CL$$btod_e2d)
    _e2e                                     0x00001fe5   Thumb Code   198  btod.o(CL$$btod_e2e)
    _btod_ediv                               0x000020ab   Thumb Code    40  btod.o(CL$$btod_ediv)
    _btod_edivd                              0x000020d3   Thumb Code    40  btod.o(CL$$btod_edivd)
    _btod_emul                               0x000020fb   Thumb Code    40  btod.o(CL$$btod_emul)
    _btod_emuld                              0x00002123   Thumb Code    40  btod.o(CL$$btod_emuld)
    __btod_mult_common                       0x0000214b   Thumb Code   580  btod.o(CL$$btod_mult_common)
    __ARM_fpclassify                         0x0000238f   Thumb Code    48  fpclassify.o(i.__ARM_fpclassify)
    __hardfp_atan                            0x000023c1   Thumb Code   636  atan.o(i.__hardfp_atan)
    __hardfp_atan2                           0x000026a9   Thumb Code   416  atan2.o(i.__hardfp_atan2)
    __hardfp_atof                            0x00002889   Thumb Code    44  atof.o(i.__hardfp_atof)
    __hardfp_cos                             0x000028c1   Thumb Code   200  cos.o(i.__hardfp_cos)
    __hardfp_ldexp                           0x00002999   Thumb Code   216  ldexp.o(i.__hardfp_ldexp)
    __hardfp_sin                             0x00002a81   Thumb Code   200  sin.o(i.__hardfp_sin)
    __hardfp_sqrt                            0x00002b59   Thumb Code   122  sqrt.o(i.__hardfp_sqrt)
    __ieee754_rem_pio2                       0x00002bd9   Thumb Code   972  rred.o(i.__ieee754_rem_pio2)
    __kernel_cos                             0x00003031   Thumb Code   322  cos_i.o(i.__kernel_cos)
    __kernel_poly                            0x000031a1   Thumb Code   248  poly.o(i.__kernel_poly)
    __kernel_sin                             0x00003299   Thumb Code   280  sin_i.o(i.__kernel_sin)
    __mathlib_dbl_underflow                  0x000033c9   Thumb Code    24  dunder.o(i.__mathlib_dbl_underflow)
    __mathlib_narrow                         0x000033e9   Thumb Code   166  narrow.o(i.__mathlib_narrow)
    __support_ldexp                          0x000034a1   Thumb Code    20  ldexp.o(i.__support_ldexp)
    _is_digit                                0x000034b5   Thumb Code    14  scanf_fp.o(i._is_digit)
    atan                                     0x000034c3   Thumb Code    16  atan.o(i.atan)
    fabs                                     0x000034d3   Thumb Code    32  fabs.o(i.fabs)
    frexp                                    0x000034f9   Thumb Code   134  frexp.o(i.frexp)
    _get_lc_ctype                            0x00003595   Thumb Code    44  lc_ctype_c.o(locale$$code)
    _get_lc_numeric                          0x000035c1   Thumb Code    44  lc_numeric_c.o(locale$$code)
    __aeabi_dneg                             0x000035ed   Thumb Code     0  basic.o(x$fpl$basic)
    _dneg                                    0x000035ed   Thumb Code     6  basic.o(x$fpl$basic)
    __aeabi_fneg                             0x000035f3   Thumb Code     0  basic.o(x$fpl$basic)
    _fneg                                    0x000035f3   Thumb Code     6  basic.o(x$fpl$basic)
    _dabs                                    0x000035f9   Thumb Code     6  basic.o(x$fpl$basic)
    _fabs                                    0x000035ff   Thumb Code     6  basic.o(x$fpl$basic)
    __aeabi_d2f                              0x00003605   Thumb Code     0  d2f.o(x$fpl$d2f)
    _d2f                                     0x00003605   Thumb Code    98  d2f.o(x$fpl$d2f)
    __aeabi_dadd                             0x00003669   Thumb Code     0  daddsub_clz.o(x$fpl$dadd)
    _dadd                                    0x00003669   Thumb Code   332  daddsub_clz.o(x$fpl$dadd)
    __fpl_dcheck_NaN1                        0x000037b9   Thumb Code    10  dcheck1.o(x$fpl$dcheck1)
    __fpl_dcmp_Inf                           0x000037c9   Thumb Code    24  dcmpi.o(x$fpl$dcmpinf)
    __aeabi_ddiv                             0x000037e1   Thumb Code     0  ddiv.o(x$fpl$ddiv)
    _ddiv                                    0x000037e1   Thumb Code   552  ddiv.o(x$fpl$ddiv)
    __aeabi_cdcmpeq                          0x00003a91   Thumb Code     0  deqf.o(x$fpl$deqf)
    _dcmpeq                                  0x00003a91   Thumb Code   120  deqf.o(x$fpl$deqf)
    __aeabi_d2iz                             0x00003b09   Thumb Code     0  dfix.o(x$fpl$dfix)
    _dfix                                    0x00003b09   Thumb Code    94  dfix.o(x$fpl$dfix)
    __aeabi_i2d                              0x00003b67   Thumb Code     0  dflt_clz.o(x$fpl$dflt)
    _dflt                                    0x00003b67   Thumb Code    46  dflt_clz.o(x$fpl$dflt)
    __aeabi_ui2d                             0x00003b95   Thumb Code     0  dflt_clz.o(x$fpl$dfltu)
    _dfltu                                   0x00003b95   Thumb Code    38  dflt_clz.o(x$fpl$dfltu)
    __aeabi_cdcmple                          0x00003bbd   Thumb Code     0  dleqf.o(x$fpl$dleqf)
    _dcmple                                  0x00003bbd   Thumb Code   120  dleqf.o(x$fpl$dleqf)
    __fpl_dcmple_InfNaN                      0x00003c1f   Thumb Code     0  dleqf.o(x$fpl$dleqf)
    __aeabi_dmul                             0x00003c35   Thumb Code     0  dmul.o(x$fpl$dmul)
    _dmul                                    0x00003c35   Thumb Code   332  dmul.o(x$fpl$dmul)
    __fpl_dnaninf                            0x00003d89   Thumb Code   156  dnaninf.o(x$fpl$dnaninf)
    __fpl_dretinf                            0x00003e25   Thumb Code    12  dretinf.o(x$fpl$dretinf)
    __aeabi_cdrcmple                         0x00003e31   Thumb Code     0  drleqf.o(x$fpl$drleqf)
    _drcmple                                 0x00003e31   Thumb Code   108  drleqf.o(x$fpl$drleqf)
    __aeabi_drsub                            0x00003e9d   Thumb Code     0  daddsub_clz.o(x$fpl$drsb)
    _drsb                                    0x00003e9d   Thumb Code    22  daddsub_clz.o(x$fpl$drsb)
    _dsqrt                                   0x00003eb5   Thumb Code   404  dsqrt_umaal.o(x$fpl$dsqrt)
    __aeabi_dsub                             0x0000404d   Thumb Code     0  daddsub_clz.o(x$fpl$dsub)
    _dsub                                    0x0000404d   Thumb Code   464  daddsub_clz.o(x$fpl$dsub)
    __aeabi_f2d                              0x00004221   Thumb Code     0  f2d.o(x$fpl$f2d)
    _f2d                                     0x00004221   Thumb Code    86  f2d.o(x$fpl$f2d)
    __fpl_fnaninf                            0x00004277   Thumb Code   140  fnaninf.o(x$fpl$fnaninf)
    _fp_init                                 0x00004303   Thumb Code    10  fpinit.o(x$fpl$fpinit)
    __fplib_config_fpu_vfp                   0x0000430b   Thumb Code     0  fpinit.o(x$fpl$fpinit)
    __fplib_config_pureend_doubles           0x0000430b   Thumb Code     0  fpinit.o(x$fpl$fpinit)
    __fpl_fretinf                            0x0000430d   Thumb Code    10  fretinf.o(x$fpl$fretinf)
    __fpl_return_NaN                         0x00004317   Thumb Code   100  retnan.o(x$fpl$retnan)
    __ARM_scalbn                             0x0000437b   Thumb Code    92  scalbn.o(x$fpl$scalbn)
    _scanf_real                              0x000043d7   Thumb Code     4  scanf1.o(x$fpl$scanf1)
    _scanf_hex_real                          0x000043db   Thumb Code     4  scanf2.o(x$fpl$scanf2)
    _scanf_infnan                            0x000043df   Thumb Code     4  scanf2.o(x$fpl$scanf2)
    __fpl_cmpreturn                          0x000043e3   Thumb Code    48  trapv.o(x$fpl$trapveneer)
    __I$use$fp                               0x00004412   Number         0  usenofp.o(x$fpl$usenofp)
    __mathlib_zero                           0x000044e8   Data           8  qnan.o(.constdata)
    Region$$Table$$Base                      0x00004674   Number         0  anon$$obj.o(Region$$Table)
    Region$$Table$$Limit                     0x00004684   Number         0  anon$$obj.o(Region$$Table)
    __aeabi_HUGE_VAL                         0x00004684   Data           0  fpconst.o(c$$dinf)
    __aeabi_HUGE_VALL                        0x00004684   Data           0  fpconst.o(c$$dinf)
    __aeabi_INFINITY                         0x00004684   Data           0  fpconst.o(c$$dinf)
    __dInf                                   0x00004684   Data           0  fpconst.o(c$$dinf)
    __huge_val                               0x00004684   Data           0  fpconst.o(c$$dinf)
    __ctype                                  0x00004699   Data           0  lc_ctype_c.o(locale$$data)
    __libspace_start                         0x20000000   Data          96  libspace.o(.bss)
    __temporary_stack_top$libspace           0x20000060   Data           0  libspace.o(.bss)



==============================================================================

Memory Map of the image

  Image Entry point : 0x0000030d

  Load Region LR_1 (Base: 0x00000000, Size: 0x000047b8, Max: 0xffffffff, ABSOLUTE)

    Execution Region ER_RO (Base: 0x00000000, Size: 0x000047b8, Max: 0xffffffff, ABSOLUTE)

    Base Addr    Size         Type   Attr      Idx    E Section Name        Object

    0x00000000   0x0000026c   Data   RO            3    RESET               startup_tm4c123.o
    0x0000026c   0x00000008   Code   RO           59  * !!!main             c_w.l(__main.o)
    0x00000274   0x00000034   Code   RO          469    !!!scatter          c_w.l(__scatter.o)
    0x000002a8   0x0000001c   Code   RO          471    !!handler_zi        c_w.l(__scatter_zi.o)
    0x000002c4   0x00000002   Code   RO          304    .ARM.Collect$$libinit$$00000000  c_w.l(libinit.o)
    0x000002c6   0x00000004   Code   RO          232    .ARM.Collect$$libinit$$00000001  c_w.l(libinit2.o)
    0x000002ca   0x00000000   Code   RO          236    .ARM.Collect$$libinit$$00000008  c_w.l(libinit2.o)
    0x000002ca   0x00000000   Code   RO          238    .ARM.Collect$$libinit$$0000000A  c_w.l(libinit2.o)
    0x000002ca   0x00000000   Code   RO          240    .ARM.Collect$$libinit$$0000000C  c_w.l(libinit2.o)
    0x000002ca   0x00000006   Code   RO          241    .ARM.Collect$$libinit$$0000000D  c_w.l(libinit2.o)
    0x000002d0   0x00000000   Code   RO          243    .ARM.Collect$$libinit$$0000000F  c_w.l(libinit2.o)
    0x000002d0   0x0000000c   Code   RO          244    .ARM.Collect$$libinit$$00000010  c_w.l(libinit2.o)
    0x000002dc   0x00000000   Code   RO          245    .ARM.Collect$$libinit$$00000011  c_w.l(libinit2.o)
    0x000002dc   0x00000000   Code   RO          247    .ARM.Collect$$libinit$$00000013  c_w.l(libinit2.o)
    0x000002dc   0x0000000a   Code   RO          248    .ARM.Collect$$libinit$$00000014  c_w.l(libinit2.o)
    0x000002e6   0x00000000   Code   RO          249    .ARM.Collect$$libinit$$00000015  c_w.l(libinit2.o)
    0x000002e6   0x00000000   Code   RO          251    .ARM.Collect$$libinit$$00000017  c_w.l(libinit2.o)
    0x000002e6   0x00000000   Code   RO          253    .ARM.Collect$$libinit$$00000019  c_w.l(libinit2.o)
    0x000002e6   0x00000000   Code   RO          255    .ARM.Collect$$libinit$$0000001B  c_w.l(libinit2.o)
    0x000002e6   0x00000000   Code   RO          257    .ARM.Collect$$libinit$$0000001D  c_w.l(libinit2.o)
    0x000002e6   0x00000000   Code   RO          259    .ARM.Collect$$libinit$$0000001F  c_w.l(libinit2.o)
    0x000002e6   0x00000000   Code   RO          261    .ARM.Collect$$libinit$$00000021  c_w.l(libinit2.o)
    0x000002e6   0x00000000   Code   RO          263    .ARM.Collect$$libinit$$00000023  c_w.l(libinit2.o)
    0x000002e6   0x00000000   Code   RO          267    .ARM.Collect$$libinit$$0000002A  c_w.l(libinit2.o)
    0x000002e6   0x00000000   Code   RO          269    .ARM.Collect$$libinit$$0000002C  c_w.l(libinit2.o)
    0x000002e6   0x00000000   Code   RO          271    .ARM.Collect$$libinit$$0000002E  c_w.l(libinit2.o)
    0x000002e6   0x00000000   Code   RO          273    .ARM.Collect$$libinit$$00000030  c_w.l(libinit2.o)
    0x000002e6   0x00000002   Code   RO          274    .ARM.Collect$$libinit$$00000031  c_w.l(libinit2.o)
    0x000002e8   0x00000002   Code   RO          403    .ARM.Collect$$libshutdown$$00000000  c_w.l(libshutdown.o)
    0x000002ea   0x00000000   Code   RO          426    .ARM.Collect$$libshutdown$$00000003  c_w.l(libshutdown2.o)
    0x000002ea   0x00000000   Code   RO          429    .ARM.Collect$$libshutdown$$00000006  c_w.l(libshutdown2.o)
    0x000002ea   0x00000000   Code   RO          432    .ARM.Collect$$libshutdown$$00000009  c_w.l(libshutdown2.o)
    0x000002ea   0x00000000   Code   RO          434    .ARM.Collect$$libshutdown$$0000000B  c_w.l(libshutdown2.o)
    0x000002ea   0x00000000   Code   RO          437    .ARM.Collect$$libshutdown$$0000000E  c_w.l(libshutdown2.o)
    0x000002ea   0x00000002   Code   RO          438    .ARM.Collect$$libshutdown$$0000000F  c_w.l(libshutdown2.o)
    0x000002ec   0x00000000   Code   RO          137    .ARM.Collect$$rtentry$$00000000  c_w.l(rtentry.o)
    0x000002ec   0x00000000   Code   RO          204    .ARM.Collect$$rtentry$$00000002  c_w.l(rtentry2.o)
    0x000002ec   0x00000006   Code   RO          216    .ARM.Collect$$rtentry$$00000004  c_w.l(rtentry4.o)
    0x000002f2   0x00000000   Code   RO          206    .ARM.Collect$$rtentry$$00000009  c_w.l(rtentry2.o)
    0x000002f2   0x00000004   Code   RO          207    .ARM.Collect$$rtentry$$0000000A  c_w.l(rtentry2.o)
    0x000002f6   0x00000000   Code   RO          209    .ARM.Collect$$rtentry$$0000000C  c_w.l(rtentry2.o)
    0x000002f6   0x00000008   Code   RO          210    .ARM.Collect$$rtentry$$0000000D  c_w.l(rtentry2.o)
    0x000002fe   0x00000002   Code   RO          307    .ARM.Collect$$rtexit$$00000000  c_w.l(rtexit.o)
    0x00000300   0x00000000   Code   RO          360    .ARM.Collect$$rtexit$$00000002  c_w.l(rtexit2.o)
    0x00000300   0x00000004   Code   RO          361    .ARM.Collect$$rtexit$$00000003  c_w.l(rtexit2.o)
    0x00000304   0x00000006   Code   RO          362    .ARM.Collect$$rtexit$$00000004  c_w.l(rtexit2.o)
    0x0000030a   0x00000002   PAD
    0x0000030c   0x00000114   Code   RO            4  * .text               startup_tm4c123.o
    0x00000420   0x00000bc0   Code   RO           10    .text               main.o
    0x00000fe0   0x00000010   Code   RO           53    .text               c_w.l(rt_ctype_table.o)
    0x00000ff0   0x0000003e   Code   RO           55    .text               c_w.l(strlen.o)
    0x0000102e   0x00000006   Code   RO           57    .text               c_w.l(heapauxi.o)
    0x00001034   0x00000008   Code   RO          141    .text               c_w.l(rt_locale_intlibspace.o)
    0x0000103c   0x00000016   Code   RO          143    .text               c_w.l(_rserrno.o)
    0x00001052   0x00000002   PAD
    0x00001054   0x000000a0   Code   RO          145    .text               c_w.l(strtod.o)
    0x000010f4   0x00000008   Code   RO          200    .text               c_w.l(libspace.o)
    0x000010fc   0x00000008   Code   RO          221    .text               c_w.l(rt_errno_addr_intlibspace.o)
    0x00001104   0x00000012   Code   RO          223    .text               c_w.l(isspace.o)
    0x00001116   0x00000040   Code   RO          225    .text               c_w.l(_sgetc.o)
    0x00001156   0x00000002   PAD
    0x00001158   0x00000080   Code   RO          230    .text               c_w.l(strcmpv7m.o)
    0x000011d8   0x0000004a   Code   RO          289    .text               c_w.l(sys_stackheap_outer.o)
    0x00001222   0x00000002   PAD
    0x00001224   0x000004a4   Code   RO          291    .text               c_w.l(scanf_fp.o)
    0x000016c8   0x0000000c   Code   RO          295    .text               c_w.l(exit.o)
    0x000016d4   0x000000e4   Code   RO          309    .text               c_w.l(bigflt0.o)
    0x000017b8   0x00000314   Code   RO          368    .text               c_w.l(scanf_hexfp.o)
    0x00001acc   0x0000013c   Code   RO          370    .text               c_w.l(scanf_infnan.o)
    0x00001c08   0x0000000c   Code   RO          386    .text               c_w.l(sys_exit.o)
    0x00001c14   0x00000002   Code   RO          388    .text               c_w.l(use_no_semi.o)
    0x00001c16   0x00000000   Code   RO          390    .text               c_w.l(indicate_semi.o)
    0x00001c16   0x00000026   Code   RO          393    .text               c_w.l(llshl.o)
    0x00001c3c   0x0000001c   Code   RO          395    .text               c_w.l(_chval.o)
    0x00001c58   0x00000338   Code   RO          322    CL$$btod_div_common  c_w.l(btod.o)
    0x00001f90   0x00000054   Code   RO          320    CL$$btod_e2d        c_w.l(btod.o)
    0x00001fe4   0x000000c6   Code   RO          319    CL$$btod_e2e        c_w.l(btod.o)
    0x000020aa   0x00000028   Code   RO          316    CL$$btod_ediv       c_w.l(btod.o)
    0x000020d2   0x00000028   Code   RO          318    CL$$btod_edivd      c_w.l(btod.o)
    0x000020fa   0x00000028   Code   RO          315    CL$$btod_emul       c_w.l(btod.o)
    0x00002122   0x00000028   Code   RO          317    CL$$btod_emuld      c_w.l(btod.o)
    0x0000214a   0x00000244   Code   RO          321    CL$$btod_mult_common  c_w.l(btod.o)
    0x0000238e   0x00000030   Code   RO          285    i.__ARM_fpclassify  m_wm.l(fpclassify.o)
    0x000023be   0x00000002   PAD
    0x000023c0   0x000002e8   Code   RO          165    i.__hardfp_atan     m_wm.l(atan.o)
    0x000026a8   0x000001e0   Code   RO           83    i.__hardfp_atan2    m_wm.l(atan2.o)
    0x00002888   0x00000038   Code   RO           95    i.__hardfp_atof     m_wm.l(atof.o)
    0x000028c0   0x000000d8   Code   RO          101    i.__hardfp_cos      m_wm.l(cos.o)
    0x00002998   0x000000e8   Code   RO          404    i.__hardfp_ldexp    m_wm.l(ldexp.o)
    0x00002a80   0x000000d8   Code   RO          113    i.__hardfp_sin      m_wm.l(sin.o)
    0x00002b58   0x0000007a   Code   RO          125    i.__hardfp_sqrt     m_wm.l(sqrt.o)
    0x00002bd2   0x00000006   PAD
    0x00002bd8   0x00000458   Code   RO          189    i.__ieee754_rem_pio2  m_wm.l(rred.o)
    0x00003030   0x00000170   Code   RO          179    i.__kernel_cos      m_wm.l(cos_i.o)
    0x000031a0   0x000000f8   Code   RO          287    i.__kernel_poly     m_wm.l(poly.o)
    0x00003298   0x00000130   Code   RO          194    i.__kernel_sin      m_wm.l(sin_i.o)
    0x000033c8   0x00000020   Code   RO          283    i.__mathlib_dbl_underflow  m_wm.l(dunder.o)
    0x000033e8   0x000000b8   Code   RO          350    i.__mathlib_narrow  m_wm.l(narrow.o)
    0x000034a0   0x00000014   Code   RO          406    i.__support_ldexp   m_wm.l(ldexp.o)
    0x000034b4   0x0000000e   Code   RO          293    i._is_digit         c_w.l(scanf_fp.o)
    0x000034c2   0x00000010   Code   RO          167    i.atan              m_wm.l(atan.o)
    0x000034d2   0x00000020   Code   RO          184    i.fabs              m_wm.l(fabs.o)
    0x000034f2   0x00000006   PAD
    0x000034f8   0x0000009c   Code   RO          382    i.frexp             m_wm.l(frexp.o)
    0x00003594   0x0000002c   Code   RO          148    locale$$code        c_w.l(lc_ctype_c.o)
    0x000035c0   0x0000002c   Code   RO          228    locale$$code        c_w.l(lc_numeric_c.o)
    0x000035ec   0x00000018   Code   RO          150    x$fpl$basic         fz_wm.l(basic.o)
    0x00003604   0x00000062   Code   RO           61    x$fpl$d2f           fz_wm.l(d2f.o)
    0x00003666   0x00000002   PAD
    0x00003668   0x00000150   Code   RO           63    x$fpl$dadd          fz_wm.l(daddsub_clz.o)
    0x000037b8   0x00000010   Code   RO          445    x$fpl$dcheck1       fz_wm.l(dcheck1.o)
    0x000037c8   0x00000018   Code   RO          275    x$fpl$dcmpinf       fz_wm.l(dcmpi.o)
    0x000037e0   0x000002b0   Code   RO           70    x$fpl$ddiv          fz_wm.l(ddiv.o)
    0x00003a90   0x00000078   Code   RO          376    x$fpl$deqf          fz_wm.l(deqf.o)
    0x00003b08   0x0000005e   Code   RO          277    x$fpl$dfix          fz_wm.l(dfix.o)
    0x00003b66   0x0000002e   Code   RO           74    x$fpl$dflt          fz_wm.l(dflt_clz.o)
    0x00003b94   0x00000026   Code   RO           73    x$fpl$dfltu         fz_wm.l(dflt_clz.o)
    0x00003bba   0x00000002   PAD
    0x00003bbc   0x00000078   Code   RO          152    x$fpl$dleqf         fz_wm.l(dleqf.o)
    0x00003c34   0x00000154   Code   RO           79    x$fpl$dmul          fz_wm.l(dmul.o)
    0x00003d88   0x0000009c   Code   RO          154    x$fpl$dnaninf       fz_wm.l(dnaninf.o)
    0x00003e24   0x0000000c   Code   RO          156    x$fpl$dretinf       fz_wm.l(dretinf.o)
    0x00003e30   0x0000006c   Code   RO          378    x$fpl$drleqf        fz_wm.l(drleqf.o)
    0x00003e9c   0x00000016   Code   RO           64    x$fpl$drsb          fz_wm.l(daddsub_clz.o)
    0x00003eb2   0x00000002   PAD
    0x00003eb4   0x00000198   Code   RO          158    x$fpl$dsqrt         fz_wm.l(dsqrt_umaal.o)
    0x0000404c   0x000001d4   Code   RO           65    x$fpl$dsub          fz_wm.l(daddsub_clz.o)
    0x00004220   0x00000056   Code   RO           81    x$fpl$f2d           fz_wm.l(f2d.o)
    0x00004276   0x0000008c   Code   RO          160    x$fpl$fnaninf       fz_wm.l(fnaninf.o)
    0x00004302   0x0000000a   Code   RO          305    x$fpl$fpinit        fz_wm.l(fpinit.o)
    0x0000430c   0x0000000a   Code   RO          162    x$fpl$fretinf       fz_wm.l(fretinf.o)
    0x00004316   0x00000064   Code   RO          463    x$fpl$retnan        fz_wm.l(retnan.o)
    0x0000437a   0x0000005c   Code   RO          439    x$fpl$scalbn        fz_wm.l(scalbn.o)
    0x000043d6   0x00000004   Code   RO          281    x$fpl$scanf1        fz_wm.l(scanf1.o)
    0x000043da   0x00000008   Code   RO          343    x$fpl$scanf2        fz_wm.l(scanf2.o)
    0x000043e2   0x00000030   Code   RO          465    x$fpl$trapveneer    fz_wm.l(trapv.o)
    0x00004412   0x00000000   Code   RO          164    x$fpl$usenofp       fz_wm.l(usenofp.o)
    0x00004412   0x00000002   PAD
    0x00004414   0x0000000a   Data   RO           11    .constdata          main.o
    0x0000441e   0x00000002   PAD
    0x00004420   0x00000098   Data   RO          168    .constdata          m_wm.l(atan.o)
    0x000044b8   0x00000030   Data   RO          180    .constdata          m_wm.l(cos_i.o)
    0x000044e8   0x00000008   Data   RO          188    .constdata          m_wm.l(qnan.o)
    0x000044f0   0x000000c8   Data   RO          191    .constdata          m_wm.l(rred.o)
    0x000045b8   0x00000028   Data   RO          195    .constdata          m_wm.l(sin_i.o)
    0x000045e0   0x00000094   Data   RO          310    .constdata          c_w.l(bigflt0.o)
    0x00004674   0x00000010   Data   RO          467    Region$$Table       anon$$obj.o
    0x00004684   0x00000008   Data   RO          338    c$$dinf             fz_wm.l(fpconst.o)
    0x0000468c   0x00000110   Data   RO          147    locale$$data        c_w.l(lc_ctype_c.o)
    0x0000479c   0x0000001c   Data   RO          227    locale$$data        c_w.l(lc_numeric_c.o)


    Execution Region ER_RW (Base: 0x20000000, Size: 0x00000000, Max: 0xffffffff, ABSOLUTE)

    **** No section assigned to this execution region ****


    Execution Region ER_ZI (Base: 0x20000000, Size: 0x00000260, Max: 0xffffffff, ABSOLUTE)

    Base Addr    Size         Type   Attr      Idx    E Section Name        Object

    0x20000000   0x00000060   Zero   RW          201    .bss                c_w.l(libspace.o)
    0x20000060   0x00000000   Zero   RW            2    HEAP                startup_tm4c123.o
    0x20000060   0x00000200   Zero   RW            1    STACK               startup_tm4c123.o


==============================================================================

Image component sizes


      Code (inc. data)   RO Data    RW Data    ZI Data      Debug   Object Name

      3008        152         10          0          0      12072   main.o
       276         24        620          0        512       5468   startup_tm4c123.o

    ----------------------------------------------------------------------
      3284        176        648          0        512      17540   Object Totals
         0          0         16          0          0          0   (incl. Generated)
         0          0          2          0          0          0   (incl. Padding)

    ----------------------------------------------------------------------

      Code (inc. data)   RO Data    RW Data    ZI Data      Debug   Library Member Name

         8          0          0          0          0         68   __main.o
        52          8          0          0          0          0   __scatter.o
        28          0          0          0          0          0   __scatter_zi.o
        28          0          0          0          0         68   _chval.o
        22          0          0          0          0        100   _rserrno.o
        64          0          0          0          0         84   _sgetc.o
       228          6        148          0          0         96   bigflt0.o
      1846        132          0          0          0        736   btod.o
        12          0          0          0          0         72   exit.o
         6          0          0          0          0        152   heapauxi.o
         0          0          0          0          0          0   indicate_semi.o
        18          0          0          0          0         76   isspace.o
        44         10        272          0          0         76   lc_ctype_c.o
        44         10         28          0          0         76   lc_numeric_c.o
         2          0          0          0          0          0   libinit.o
        34          0          0          0          0          0   libinit2.o
         2          0          0          0          0          0   libshutdown.o
         2          0          0          0          0          0   libshutdown2.o
         8          4          0          0         96         68   libspace.o
        38          0          0          0          0         68   llshl.o
        16          4          0          0          0         76   rt_ctype_table.o
         8          4          0          0          0         68   rt_errno_addr_intlibspace.o
         8          4          0          0          0         68   rt_locale_intlibspace.o
         0          0          0          0          0          0   rtentry.o
        12          0          0          0          0          0   rtentry2.o
         6          0          0          0          0          0   rtentry4.o
         2          0          0          0          0          0   rtexit.o
        10          0          0          0          0          0   rtexit2.o
      1202         12          0          0          0        216   scanf_fp.o
       788         12          0          0          0        100   scanf_hexfp.o
       316         18          0          0          0        100   scanf_infnan.o
       128          0          0          0          0         68   strcmpv7m.o
        62          0          0          0          0         76   strlen.o
       160         12          0          0          0        120   strtod.o
        12          4          0          0          0         68   sys_exit.o
        74          0          0          0          0         80   sys_stackheap_outer.o
         2          0          0          0          0         68   use_no_semi.o
        24          0          0          0          0        164   basic.o
        98          4          0          0          0        140   d2f.o
       826         16          0          0          0        492   daddsub_clz.o
        16          4          0          0          0        116   dcheck1.o
        24          0          0          0          0        116   dcmpi.o
       688        140          0          0          0        256   ddiv.o
       120          4          0          0          0        140   deqf.o
        94          4          0          0          0        140   dfix.o
        84          0          0          0          0        232   dflt_clz.o
       120          4          0          0          0        140   dleqf.o
       340         12          0          0          0        152   dmul.o
       156          4          0          0          0        140   dnaninf.o
        12          0          0          0          0        116   dretinf.o
       108          0          0          0          0        128   drleqf.o
       408         56          0          0          0        168   dsqrt_umaal.o
        86          4          0          0          0        132   f2d.o
       140          4          0          0          0        132   fnaninf.o
         0          0          8          0          0          0   fpconst.o
        10          0          0          0          0        116   fpinit.o
        10          0          0          0          0        116   fretinf.o
       100          0          0          0          0        116   retnan.o
        92          0          0          0          0        116   scalbn.o
         4          0          0          0          0        116   scanf1.o
         8          0          0          0          0        132   scanf2.o
        48          0          0          0          0        116   trapv.o
         0          0          0          0          0          0   usenofp.o
       760        108        152          0          0        344   atan.o
       480         64          0          0          0        156   atan2.o
        56         12          0          0          0        132   atof.o
       216         16          0          0          0        152   cos.o
       368         46         48          0          0        200   cos_i.o
        32          8          0          0          0        124   dunder.o
        32          0          0          0          0        124   fabs.o
        48          0          0          0          0        124   fpclassify.o
       156         22          0          0          0        132   frexp.o
       252         16          0          0          0        308   ldexp.o
       184         18          0          0          0        152   narrow.o
       248          0          0          0          0        152   poly.o
         0          0          8          0          0          0   qnan.o
      1112        140        200          0          0        188   rred.o
       216         16          0          0          0        152   sin.o
       304         24         40          0          0        208   sin_i.o
       122          0          0          0          0        148   sqrt.o

    ----------------------------------------------------------------------
     13524        986        904          0         96       9376   Library Totals
        30          0          0          0          0          0   (incl. Padding)

    ----------------------------------------------------------------------

      Code (inc. data)   RO Data    RW Data    ZI Data      Debug   Library Name

      5292        240        448          0         96       2848   c_w.l
      3616        256          8          0          0       3732   fz_wm.l
      4586        490        448          0          0       2796   m_wm.l

    ----------------------------------------------------------------------
     13524        986        904          0         96       9376   Library Totals

    ----------------------------------------------------------------------

==============================================================================


      Code (inc. data)   RO Data    RW Data    ZI Data      Debug   

     16808       1162       1552          0        608      20804   Grand Totals
     16808       1162       1552          0        608      20804   ELF Image Totals
     16808       1162       1552          0          0          0   ROM Totals

==============================================================================

    Total RO  Size (Code + RO Data)                18360 (  17.93kB)
    Total RW  Size (RW Data + ZI Data)               608 (   0.59kB)
    Total ROM Size (Code + RO Data + RW Data)      18360 (  17.93kB)

==============================================================================

