<html>
<body>
<pre>
<h1>µVision Build Log</h1>
<h2>Project:</h2>
C:\Users\DELL\Desktop\New folder (9)\CSE211_GPS_Project_Second-Milestone\CSE211_Embedded Project_Source code\CSE211_GPS_Project_Second-Milestone.uvproj
Project File Date:  06/16/2021

<h2>Output:</h2>
Build target 'Target 1'
linking...
Program Size: Code=10768 RO-data=1368 RW-data=0 ZI-data=608  
".\CSE211_GPS_Project_Second-Milestone.axf" - 0 Error(s), 0 Warning(s).
</pre>
</body>
</html>
rsion resulted in a change of sign
                        } while (size == -1);
main.c(453): warning:  #1-D: last line of file ends without a newline
        }
main.c: 3 warnings, 0 errors
linking...
Program Size: Code=10768 RO-data=1368 RW-data=0 ZI-data=608  
".\CSE211_GPS_Project_Second-Milestone.axf" - 0 Error(s), 3 Warning(s).
