<html>
<body>
<pre>
<h1>µVision Build Log</h1>
<h2>Project:</h2>
C:\Users\Ezzat Azouz\OneDrive\Desktop\New folder (3)\CSE211_GPS_Project_Second-Milestone\CSE211_Embedded Project_Source code\CSE211_GPS_Project_Second-Milestone.uvproj
Project File Date:  06/13/2021

<h2>Output:</h2>
Build target 'Target 1'
compiling main.c...
main.c(415): warning:  #68-D: integer conversion resulted in a change of sign
        } while (size == -1);
main.c(433): warning:  #68-D: integer conversion resulted in a change of sign
                        } while (size == -1);
main.c(453): warning:  #1-D: last line of file ends without a newline
        }
main.c: 3 warnings, 0 errors
linking...
Program Size: Code=16808 RO-data=1552 RW-data=0 ZI-data=608  
".\CSE211_GPS_Project_Second-Milestone.axf" - 0 Error(s), 3 Warning(s).
</pre>
</body>
</html>

main.c(386): error:  #268: declaration may not appear after executable statement in block
        char lat1[9];
main.c(387): error:  #268: declaration may not appear after executable statement in block
        char lon1[10];
main.c(388): error:  #268: declaration may not appear after executable statement in block
        char lat2[9];
main.c(389): error:  #268: declaration may not appear after executable statement in block
        char lon2[10];
main.c(390): error:  #268: declaration may not appear after executable statement in block
        char out_test[10] = {'1','2','3','.','2','4','6','7'};
main.c(391): error:  #268: declaration may not appear after executable statement in block
        uint8_t i=0;
main.c(415): warning:  #68-D: integer conversion resulted in a change of sign
        } while (size == -1);
main.c(433): warning:  #68-D: integer conversion resulted in a change of sign
                        } while (size == -1);
main.c(453): warning:  #1-D: last line of file ends without a newline
        }
main.c: 3 warnings, 10 errors
".\CSE211_GPS_Project_Second-Milestone.axf" - 10 Error(s), 3 Warning(s).
Target not created
