ARM Linker, 5.03 [Build 76] [MDK-ARM Lite]

==============================================================================

Section Cross References

    startup_tm4c123.o(STACK) refers (Special) to heapauxi.o(.text) for __use_two_region_memory
    startup_tm4c123.o(HEAP) refers (Special) to heapauxi.o(.text) for __use_two_region_memory
    startup_tm4c123.o(RESET) refers (Special) to heapauxi.o(.text) for __use_two_region_memory
    startup_tm4c123.o(RESET) refers to startup_tm4c123.o(STACK) for __initial_sp
    startup_tm4c123.o(RESET) refers to startup_tm4c123.o(.text) for Reset_Handler
    startup_tm4c123.o(.text) refers (Special) to heapauxi.o(.text) for __use_two_region_memory
    startup_tm4c123.o(.text) refers to main.o(.text) for SystemInit
    startup_tm4c123.o(.text) refers to __main.o(!!!main) for __main
    startup_tm4c123.o(.text) refers to startup_tm4c123.o(HEAP) for Heap_Mem
    startup_tm4c123.o(.text) refers to startup_tm4c123.o(STACK) for Stack_Mem
    main.o(.text) refers to f2d.o(x$fpl$f2d) for __aeabi_f2d
    main.o(.text) refers to dmul.o(x$fpl$dmul) for __aeabi_dmul
    main.o(.text) refers to ddiv.o(x$fpl$ddiv) for __aeabi_ddiv
    main.o(.text) refers to sin.o(i.__hardfp_sin) for __hardfp_sin
    main.o(.text) refers to cos.o(i.__hardfp_cos) for __hardfp_cos
    main.o(.text) refers to daddsub_clz.o(x$fpl$dadd) for __aeabi_dadd
    main.o(.text) refers to daddsub_clz.o(x$fpl$dsub) for __aeabi_dsub
    main.o(.text) refers to sqrt.o(i.__hardfp_sqrt) for __hardfp_sqrt
    main.o(.text) refers to atan2.o(i.__hardfp_atan2) for __hardfp_atan2
    main.o(.text) refers to d2f.o(x$fpl$d2f) for __aeabi_d2f
    main.o(.text) refers to rt_ctype_table.o(.text) for __rt_ctype_table
    main.o(.text) refers to dflt_clz.o(x$fpl$dflt) for __aeabi_i2d
    main.o(.text) refers to strlen.o(.text) for strlen
    main.o(.text) refers to main.o(.constdata) for .constdata
    rt_ctype_table.o(.text) refers to rt_locale_intlibspace.o(.text) for __rt_locale
    rt_ctype_table.o(.text) refers to lc_ctype_c.o(locale$$code) for _get_lc_ctype
    __main.o(!!!main) refers to rtentry.o(.ARM.Collect$$rtentry$$00000000) for __rt_entry
    d2f.o(x$fpl$d2f) refers (Special) to usenofp.o(x$fpl$usenofp) for __I$use$fp
    d2f.o(x$fpl$d2f) refers to fretinf.o(x$fpl$fretinf) for __fpl_fretinf
    d2f.o(x$fpl$d2f) refers to dnaninf.o(x$fpl$dnaninf) for __fpl_dnaninf
    daddsub_clz.o(x$fpl$dadd) refers (Special) to usenofp.o(x$fpl$usenofp) for __I$use$fp
    daddsub_clz.o(x$fpl$dadd) refers to daddsub_clz.o(x$fpl$dsub) for _dsub1
    daddsub_clz.o(x$fpl$dadd) refers to dretinf.o(x$fpl$dretinf) for __fpl_dretinf
    daddsub_clz.o(x$fpl$dadd) refers to dnaninf.o(x$fpl$dnaninf) for __fpl_dnaninf
    daddsub_clz.o(x$fpl$drsb) refers (Special) to usenofp.o(x$fpl$usenofp) for __I$use$fp
    daddsub_clz.o(x$fpl$drsb) refers to daddsub_clz.o(x$fpl$dadd) for _dadd1
    daddsub_clz.o(x$fpl$drsb) refers to daddsub_clz.o(x$fpl$dsub) for _dsub1
    daddsub_clz.o(x$fpl$dsub) refers (Special) to usenofp.o(x$fpl$usenofp) for __I$use$fp
    daddsub_clz.o(x$fpl$dsub) refers to daddsub_clz.o(x$fpl$dadd) for _dadd1
    daddsub_clz.o(x$fpl$dsub) refers to dnaninf.o(x$fpl$dnaninf) for __fpl_dnaninf
    ddiv.o(x$fpl$drdiv) refers (Special) to usenofp.o(x$fpl$usenofp) for __I$use$fp
    ddiv.o(x$fpl$drdiv) refers to ddiv.o(x$fpl$ddiv) for ddiv_entry
    ddiv.o(x$fpl$ddiv) refers (Special) to usenofp.o(x$fpl$usenofp) for __I$use$fp
    ddiv.o(x$fpl$ddiv) refers to dretinf.o(x$fpl$dretinf) for __fpl_dretinf
    ddiv.o(x$fpl$ddiv) refers to dnaninf.o(x$fpl$dnaninf) for __fpl_dnaninf
    dflt_clz.o(x$fpl$dfltu) refers (Special) to usenofp.o(x$fpl$usenofp) for __I$use$fp
    dflt_clz.o(x$fpl$dflt) refers (Special) to usenofp.o(x$fpl$usenofp) for __I$use$fp
    dflt_clz.o(x$fpl$dfltn) refers (Special) to usenofp.o(x$fpl$usenofp) for __I$use$fp
    dmul.o(x$fpl$dmul) refers (Special) to usenofp.o(x$fpl$usenofp) for __I$use$fp
    dmul.o(x$fpl$dmul) refers to dretinf.o(x$fpl$dretinf) for __fpl_dretinf
    dmul.o(x$fpl$dmul) refers to dnaninf.o(x$fpl$dnaninf) for __fpl_dnaninf
    f2d.o(x$fpl$f2d) refers (Special) to usenofp.o(x$fpl$usenofp) for __I$use$fp
    f2d.o(x$fpl$f2d) refers to fnaninf.o(x$fpl$fnaninf) for __fpl_fnaninf
    f2d.o(x$fpl$f2d) refers to dretinf.o(x$fpl$dretinf) for __fpl_dretinf
    atan2.o(i.__hardfp_atan2) refers (Special) to usenofp.o(x$fpl$usenofp) for __I$use$fp
    atan2.o(i.__hardfp_atan2) refers to daddsub_clz.o(x$fpl$dadd) for __aeabi_dadd
    atan2.o(i.__hardfp_atan2) refers to atan.o(i.atan) for atan
    atan2.o(i.__hardfp_atan2) refers to basic.o(x$fpl$basic) for __aeabi_dneg
    atan2.o(i.__hardfp_atan2) refers to ddiv.o(x$fpl$ddiv) for __aeabi_ddiv
    atan2.o(i.__hardfp_atan2) refers to fabs.o(i.fabs) for fabs
    atan2.o(i.__hardfp_atan2) refers to daddsub_clz.o(x$fpl$dsub) for __aeabi_dsub
    atan2.o(i.__hardfp_atan2) refers to daddsub_clz.o(x$fpl$drsb) for __aeabi_drsub
[...]
    sin.o(i.__hardfp_sin) refers to cos_i.o(i.__kernel_cos) for __kernel_cos
    sin.o(i.__hardfp_sin) refers to basic.o(x$fpl$basic) for __aeabi_dneg
    sin.o(i.__hardfp_sin) refers to sin_i.o(i.__kernel_sin) for __kernel_sin
    sin.o(i.__softfp_sin) refers (Special) to usenofp.o(x$fpl$usenofp) for __I$use$fp
    sin.o(i.__softfp_sin) refers to sin.o(i.__hardfp_sin) for __hardfp_sin
    sin.o(i.sin) refers (Special) to usenofp.o(x$fpl$usenofp) for __I$use$fp
    sin.o(i.sin) refers to sin.o(i.__hardfp_sin) for __hardfp_sin
    sin_x.o(i.____hardfp_sin$lsc) refers (Special) to usenofp.o(x$fpl$usenofp) for __I$use$fp
    sin_x.o(i.____hardfp_sin$lsc) refers to _rserrno.o(.text) for __set_errno
    sin_x.o(i.____hardfp_sin$lsc) refers to daddsub_clz.o(x$fpl$dadd) for __aeabi_dadd
    sin_x.o(i.____hardfp_sin$lsc) refers to rred.o(i.__ieee754_rem_pio2) for __ieee754_rem_pio2
    sin_x.o(i.____hardfp_sin$lsc) refers to cos_i.o(i.__kernel_cos) for __kernel_cos
    sin_x.o(i.____hardfp_sin$lsc) refers to basic.o(x$fpl$basic) for __aeabi_dneg
    sin_x.o(i.____hardfp_sin$lsc) refers to sin_i.o(i.__kernel_sin) for __kernel_sin
    sin_x.o(i.____softfp_sin$lsc) refers (Special) to usenofp.o(x$fpl$usenofp) for __I$use$fp
    sin_x.o(i.____softfp_sin$lsc) refers to sin_x.o(i.____hardfp_sin$lsc) for ____hardfp_sin$lsc
    sin_x.o(i.__sin$lsc) refers (Special) to usenofp.o(x$fpl$usenofp) for __I$use$fp
    sin_x.o(i.__sin$lsc) refers to sin_x.o(i.____hardfp_sin$lsc) for ____hardfp_sin$lsc
    sqrt.o(i.__hardfp_sqrt) refers (Special) to usenofp.o(x$fpl$usenofp) for __I$use$fp
    sqrt.o(i.__hardfp_sqrt) refers to dsqrt_umaal.o(x$fpl$dsqrt) for _dsqrt
    sqrt.o(i.__hardfp_sqrt) refers to _rserrno.o(.text) for __set_errno
    sqrt.o(i.__softfp_sqrt) refers (Special) to usenofp.o(x$fpl$usenofp) for __I$use$fp
    sqrt.o(i.__softfp_sqrt) refers to dsqrt_umaal.o(x$fpl$dsqrt) for _dsqrt
    sqrt.o(i.__softfp_sqrt) refers to _rserrno.o(.text) for __set_errno
    sqrt.o(i.sqrt) refers (Special) to usenofp.o(x$fpl$usenofp) for __I$use$fp
    sqrt.o(i.sqrt) refers to dsqrt_umaal.o(x$fpl$dsqrt) for _dsqrt
    sqrt.o(i.sqrt) refers to _rserrno.o(.text) for __set_errno
    sqrt_x.o(i.____hardfp_sqrt$lsc) refers (Special) to usenofp.o(x$fpl$usenofp) for __I$use$fp
    sqrt_x.o(i.____hardfp_sqrt$lsc) refers to dleqf.o(x$fpl$dleqf) for __aeabi_cdcmple
    sqrt_x.o(i.____hardfp_sqrt$lsc) refers to _rserrno.o(.text) for __set_errno
    sqrt_x.o(i.____hardfp_sqrt$lsc) refers to dsqrt_umaal.o(x$fpl$dsqrt) for _dsqrt
    sqrt_x.o(i.____softfp_sqrt$lsc) refers (Special) to usenofp.o(x$fpl$usenofp) for __I$use$fp
    sqrt_x.o(i.____softfp_sqrt$lsc) refers to dleqf.o(x$fpl$dleqf) for __aeabi_cdcmple
    sqrt_x.o(i.____softfp_sqrt$lsc) refers to _rserrno.o(.text) for __set_errno
    sqrt_x.o(i.____softfp_sqrt$lsc) refers to dsqrt_umaal.o(x$fpl$dsqrt) for _dsqrt
    sqrt_x.o(i.__sqrt$lsc) refers (Special) to usenofp.o(x$fpl$usenofp) for __I$use$fp
    sqrt_x.o(i.__sqrt$lsc) refers to dleqf.o(x$fpl$dleqf) for __aeabi_cdcmple
    sqrt_x.o(i.__sqrt$lsc) refers to _rserrno.o(.text) for __set_errno
    sqrt_x.o(i.__sqrt$lsc) refers to dsqrt_umaal.o(x$fpl$dsqrt) for _dsqrt
    rtentry.o(.ARM.Collect$$rtentry$$00000000) refers (Special) to rtentry2.o(.ARM.Collect$$rtentry$$0000000A) for __rt_entry_li
    rtentry.o(.ARM.Collect$$rtentry$$00000000) refers (Special) to rtentry2.o(.ARM.Collect$$rtentry$$0000000D) for __rt_entry_main
    rtentry.o(.ARM.Collect$$rtentry$$00000000) refers (Special) to rtentry2.o(.ARM.Collect$$rtentry$$0000000C) for __rt_entry_postli_1
    rtentry.o(.ARM.Collect$$rtentry$$00000000) refers (Special) to rtentry2.o(.ARM.Collect$$rtentry$$00000009) for __rt_entry_postsh_1
    rtentry.o(.ARM.Collect$$rtentry$$00000000) refers (Special) to rtentry2.o(.ARM.Collect$$rtentry$$00000002) for __rt_entry_presh_1
    rtentry.o(.ARM.Collect$$rtentry$$00000000) refers (Special) to rtentry4.o(.ARM.Collect$$rtentry$$00000004) for __rt_entry_sh
    rt_locale.o(.text) refers to rt_locale.o(.bss) for __rt_locale_data
    rt_locale_intlibspace.o(.text) refers to libspace.o(.bss) for __libspace_start
    _rserrno.o(.text) refers to rt_errno_addr_intlibspace.o(.text) for __aeabi_errno_addr
    lc_ctype_c.o(locale$$data) refers (Special) to libinit2.o(.ARM.Collect$$libinit$$00000010) for __rt_lib_init_lc_ctype_2
    lc_ctype_c.o(locale$$code) refers (Special) to libinit2.o(.ARM.Collect$$libinit$$00000010) for __rt_lib_init_lc_ctype_2
    lc_ctype_c.o(locale$$code) refers to strcmpv7m.o(.text) for strcmp
    lc_ctype_c.o(locale$$code) refers to lc_ctype_c.o(locale$$data) for __lcctype_c_name
    basic.o(x$fpl$basic) refers (Special) to usenofp.o(x$fpl$usenofp) for __I$use$fp
    dleqf.o(x$fpl$dleqf) refers (Special) to usenofp.o(x$fpl$usenofp) for __I$use$fp
    dleqf.o(x$fpl$dleqf) refers to dnaninf.o(x$fpl$dnaninf) for __fpl_dnaninf
    dleqf.o(x$fpl$dleqf) refers to dcmpi.o(x$fpl$dcmpinf) for __fpl_dcmp_Inf
    dnaninf.o(x$fpl$dnaninf) refers (Special) to usenofp.o(x$fpl$usenofp) for __I$use$fp
    dretinf.o(x$fpl$dretinf) refers (Special) to usenofp.o(x$fpl$usenofp) for __I$use$fp
    dsqrt_umaal.o(x$fpl$dsqrt) refers (Special) to usenofp.o(x$fpl$usenofp) for __I$use$fp
    dsqrt_umaal.o(x$fpl$dsqrt) refers to dnaninf.o(x$fpl$dnaninf) for __fpl_dnaninf
    fnaninf.o(x$fpl$fnaninf) refers (Special) to usenofp.o(x$fpl$usenofp) for __I$use$fp
    fretinf.o(x$fpl$fretinf) refers (Special) to usenofp.o(x$fpl$usenofp) for __I$use$fp
    atan.o(i.__hardfp_atan) refers (Special) to usenofp.o(x$fpl$usenofp) for __I$use$fp
    atan.o(i.__hardfp_atan) refers to daddsub_clz.o(x$fpl$dadd) for __aeabi_dadd
    atan.o(i.__hardfp_atan) refers to fpclassify.o(i.__ARM_fpclassify) for __ARM_fpclassify
    atan.o(i.__hardfp_atan) refers to dunder.o(i.__mathlib_dbl_underflow) for __mathlib_dbl_underflow
    atan.o(i.__hardfp_atan) refers to fabs.o(i.fabs) for fabs
    atan.o(i.__hardfp_atan) refers to dmul.o(x$fpl$dmul) for __aeabi_dmul
    atan.o(i.__hardfp_atan) refers to daddsub_clz.o(x$fpl$dsub) for __aeabi_dsub
    atan.o(i.__hardfp_atan) refers to ddiv.o(x$fpl$ddiv) for __aeabi_ddiv
    atan.o(i.__hardfp_atan) refers to poly.o(i.__kernel_poly) for __kernel_poly
    atan.o(i.__hardfp_atan) refers to daddsub_clz.o(x$fpl$drsb) for __aeabi_drsub
    atan.o(i.__hardfp_atan) refers to basic.o(x$fpl$basic) for __aeabi_dneg
    atan.o(i.__hardfp_atan) refers to atan.o(.constdata) for .constdata
    atan.o(i.__softfp_atan) refers (Special) to usenofp.o(x$fpl$usenofp) for __I$use$fp
    atan.o(i.__softfp_atan) refers to atan.o(i.__hardfp_atan) for __hardfp_atan
    atan.o(i.atan) refers (Special) to usenofp.o(x$fpl$usenofp) for __I$use$fp
    atan.o(i.atan) refers to atan.o(i.__hardfp_atan) for __hardfp_atan
    atan.o(.constdata) refers (Special) to usenofp.o(x$fpl$usenofp) for __I$use$fp
    atan_x.o(i.____hardfp_atan$lsc) refers (Special) to usenofp.o(x$fpl$usenofp) for __I$use$fp
    atan_x.o(i.____hardfp_atan$lsc) refers to daddsub_clz.o(x$fpl$dadd) for __aeabi_dadd
    atan_x.o(i.____hardfp_atan$lsc) refers to fabs.o(i.fabs) for fabs
    atan_x.o(i.____hardfp_atan$lsc) refers to dmul.o(x$fpl$dmul) for __aeabi_dmul
    atan_x.o(i.____hardfp_atan$lsc) refers to daddsub_clz.o(x$fpl$dsub) for __aeabi_dsub
    atan_x.o(i.____hardfp_atan$lsc) refers to ddiv.o(x$fpl$ddiv) for __aeabi_ddiv
    atan_x.o(i.____hardfp_atan$lsc) refers to poly.o(i.__kernel_poly) for __kernel_poly
    atan_x.o(i.____hardfp_atan$lsc) refers to daddsub_clz.o(x$fpl$drsb) for __aeabi_drsub
    atan_x.o(i.____hardfp_atan$lsc) refers to basic.o(x$fpl$basic) for __aeabi_dneg
    atan_x.o(i.____hardfp_atan$lsc) refers to atan_x.o(.constdata) for .constdata
    atan_x.o(i.____softfp_atan$lsc) refers (Special) to usenofp.o(x$fpl$usenofp) for __I$use$fp
    atan_x.o(i.____softfp_atan$lsc) refers to atan_x.o(i.____hardfp_atan$lsc) for ____hardfp_atan$lsc
    atan_x.o(i.__atan$lsc) refers (Special) to usenofp.o(x$fpl$usenofp) for __I$use$fp
    atan_x.o(i.__atan$lsc) refers to atan_x.o(i.____hardfp_atan$lsc) for ____hardfp_atan$lsc
    atan_x.o(.constdata) refers (Special) to usenofp.o(x$fpl$usenofp) for __I$use$fp
    cos_i.o(i.__kernel_cos) refers (Special) to usenofp.o(x$fpl$usenofp) for __I$use$fp
    cos_i.o(i.__kernel_cos) refers to dfix.o(x$fpl$dfix) for __aeabi_d2iz
    cos_i.o(i.__kernel_cos) refers to dmul.o(x$fpl$dmul) for __aeabi_dmul
    cos_i.o(i.__kernel_cos) refers to poly.o(i.__kernel_poly) for __kernel_poly
    cos_i.o(i.__kernel_cos) refers to daddsub_clz.o(x$fpl$dsub) for __aeabi_dsub
    cos_i.o(i.__kernel_cos) refers to daddsub_clz.o(x$fpl$drsb) for __aeabi_drsub
    cos_i.o(i.__kernel_cos) refers to cos_i.o(.constdata) for .constdata
    cos_i.o(.constdata) refers (Special) to usenofp.o(x$fpl$usenofp) for __I$use$fp
    fabs.o(i.__hardfp_fabs) refers (Special) to usenofp.o(x$fpl$usenofp) for __I$use$fp
    fabs.o(i.__softfp_fabs) refers (Special) to usenofp.o(x$fpl$usenofp) for __I$use$fp
    fabs.o(i.fabs) refers (Special) to usenofp.o(x$fpl$usenofp) for __I$use$fp
    qnan.o(.constdata) refers (Special) to usenofp.o(x$fpl$usenofp) for __I$use$fp
    rred.o(i.__ieee754_rem_pio2) refers (Special) to usenofp.o(x$fpl$usenofp) for __I$use$fp
    rred.o(i.__ieee754_rem_pio2) refers to daddsub_clz.o(x$fpl$dsub) for __aeabi_dsub
    rred.o(i.__ieee754_rem_pio2) refers to daddsub_clz.o(x$fpl$dadd) for __aeabi_dadd
    rred.o(i.__ieee754_rem_pio2) refers to fabs.o(i.fabs) for fabs
    rred.o(i.__ieee754_rem_pio2) refers to dmul.o(x$fpl$dmul) for __aeabi_dmul
    rred.o(i.__ieee754_rem_pio2) refers to dfix.o(x$fpl$dfix) for __aeabi_d2iz
    rred.o(i.__ieee754_rem_pio2) refers to dflt_clz.o(x$fpl$dflt) for __aeabi_i2d
    rred.o(i.__ieee754_rem_pio2) refers to daddsub_clz.o(x$fpl$drsb) for __aeabi_drsub
    rred.o(i.__ieee754_rem_pio2) refers to basic.o(x$fpl$basic) for __aeabi_dneg
    rred.o(i.__ieee754_rem_pio2) refers to dflt_clz.o(x$fpl$dfltu) for __aeabi_ui2d
    rred.o(i.__ieee754_rem_pio2) refers to rred.o(.constdata) for .constdata
    rred.o(i.__use_accurate_range_reduction) refers (Special) to usenofp.o(x$fpl$usenofp) for __I$use$fp
    rred.o(.constdata) refers (Special) to usenofp.o(x$fpl$usenofp) for __I$use$fp
    sin_i.o(i.__kernel_sin) refers (Special) to usenofp.o(x$fpl$usenofp) for __I$use$fp
    sin_i.o(i.__kernel_sin) refers to fpclassify.o(i.__ARM_fpclassify) for __ARM_fpclassify
    sin_i.o(i.__kernel_sin) refers to dunder.o(i.__mathlib_dbl_underflow) for __mathlib_dbl_underflow
    sin_i.o(i.__kernel_sin) refers to dmul.o(x$fpl$dmul) for __aeabi_dmul
    sin_i.o(i.__kernel_sin) refers to poly.o(i.__kernel_poly) for __kernel_poly
    sin_i.o(i.__kernel_sin) refers to daddsub_clz.o(x$fpl$dsub) for __aeabi_dsub
    sin_i.o(i.__kernel_sin) refers to daddsub_clz.o(x$fpl$drsb) for __aeabi_drsub
    sin_i.o(i.__kernel_sin) refers to daddsub_clz.o(x$fpl$dadd) for __aeabi_dadd
    sin_i.o(i.__kernel_sin) refers to sin_i.o(.constdata) for .constdata
    sin_i.o(.constdata) refers (Special) to usenofp.o(x$fpl$usenofp) for __I$use$fp
    sin_i_x.o(i.____kernel_sin$lsc) refers (Special) to usenofp.o(x$fpl$usenofp) for __I$use$fp
    sin_i_x.o(i.____kernel_sin$lsc) refers to dmul.o(x$fpl$dmul) for __aeabi_dmul
    sin_i_x.o(i.____kernel_sin$lsc) refers to poly.o(i.__kernel_poly) for __kernel_poly
    sin_i_x.o(i.____kernel_sin$lsc) refers to daddsub_clz.o(x$fpl$dsub) for __aeabi_dsub
    sin_i_x.o(i.____kernel_sin$lsc) refers to daddsub_clz.o(x$fpl$drsb) for __aeabi_drsub
    sin_i_x.o(i.____kernel_sin$lsc) refers to daddsub_clz.o(x$fpl$dadd) for __aeabi_dadd
    sin_i_x.o(i.____kernel_sin$lsc) refers to sin_i_x.o(.constdata) for .constdata
    sin_i_x.o(.constdata) refers (Special) to usenofp.o(x$fpl$usenofp) for __I$use$fp
    libspace.o(.text) refers to libspace.o(.bss) for __libspace_start
    rtentry2.o(.ARM.Collect$$rtentry$$00000008) refers to boardinit2.o(.text) for _platform_post_stackheap_init
    rtentry2.o(.ARM.Collect$$rtentry$$0000000A) refers to libinit.o(.ARM.Collect$$libinit$$00000000) for __rt_lib_init
    rtentry2.o(.ARM.Collect$$rtentry$$0000000B) refers to boardinit3.o(.text) for _platform_post_lib_init
    rtentry2.o(.ARM.Collect$$rtentry$$0000000D) refers to main.o(.text) for main
    rtentry2.o(.ARM.Collect$$rtentry$$0000000D) refers to exit.o(.text) for exit
    rtentry2.o(.ARM.exidx) refers to rtentry2.o(.ARM.Collect$$rtentry$$00000001) for .ARM.Collect$$rtentry$$00000001
    rtentry2.o(.ARM.exidx) refers to rtentry2.o(.ARM.Collect$$rtentry$$00000008) for .ARM.Collect$$rtentry$$00000008
    rtentry2.o(.ARM.exidx) refers to rtentry2.o(.ARM.Collect$$rtentry$$0000000A) for .ARM.Collect$$rtentry$$0000000A
    rtentry2.o(.ARM.exidx) refers to rtentry2.o(.ARM.Collect$$rtentry$$0000000B) for .ARM.Collect$$rtentry$$0000000B
    rtentry2.o(.ARM.exidx) refers to rtentry2.o(.ARM.Collect$$rtentry$$0000000D) for .ARM.Collect$$rtentry$$0000000D
    rtentry4.o(.ARM.Collect$$rtentry$$00000004) refers to sys_stackheap_outer.o(.text) for __user_setup_stackheap
    rtentry4.o(.ARM.exidx) refers to rtentry4.o(.ARM.Collect$$rtentry$$00000004) for .ARM.Collect$$rtentry$$00000004
    rt_errno_addr.o(.text) refers to rt_errno_addr.o(.bss) for __aeabi_errno_addr_data
    rt_errno_addr_intlibspace.o(.text) refers to libspace.o(.bss) for __libspace_start
    libinit2.o(.ARM.Collect$$libinit$$00000001) refers to fpinit.o(x$fpl$fpinit) for _fp_init
    libinit2.o(.ARM.Collect$$libinit$$0000000D) refers (Weak) to rt_locale_intlibspace.o(.text) for __rt_locale
    libinit2.o(.ARM.Collect$$libinit$$0000000E) refers to libinit2.o(.ARM.Collect$$libinit$$0000000D) for .ARM.Collect$$libinit$$0000000D
    libinit2.o(.ARM.Collect$$libinit$$00000010) refers to libinit2.o(.ARM.Collect$$libinit$$0000000D) for .ARM.Collect$$libinit$$0000000D
    libinit2.o(.ARM.Collect$$libinit$$00000010) refers (Weak) to lc_ctype_c.o(locale$$code) for _get_lc_ctype
    libinit2.o(.ARM.Collect$$libinit$$00000012) refers to libinit2.o(.ARM.Collect$$libinit$$0000000D) for .ARM.Collect$$libinit$$0000000D
    libinit2.o(.ARM.Collect$$libinit$$00000014) refers to libinit2.o(.ARM.Collect$$libinit$$0000000D) for .ARM.Collect$$libinit$$0000000D
    libinit2.o(.ARM.Collect$$libinit$$00000016) refers to libinit2.o(.ARM.Collect$$libinit$$0000000D) for .ARM.Collect$$libinit$$0000000D
    libinit2.o(.ARM.Collect$$libinit$$00000024) refers to argv_veneer.o(.emb_text) for __ARM_argv_veneer
    libinit2.o(.ARM.Collect$$libinit$$00000025) refers to argv_veneer.o(.emb_text) for __ARM_argv_veneer
    dcmpi.o(x$fpl$dcmpinf) refers (Special) to usenofp.o(x$fpl$usenofp) for __I$use$fp
    dfix.o(x$fpl$dfix) refers (Special) to usenofp.o(x$fpl$usenofp) for __I$use$fp
    dfix.o(x$fpl$dfix) refers to dnaninf.o(x$fpl$dnaninf) for __fpl_dnaninf
    dfix.o(x$fpl$dfixr) refers (Special) to usenofp.o(x$fpl$usenofp) for __I$use$fp
    dfix.o(x$fpl$dfixr) refers to dnaninf.o(x$fpl$dnaninf) for __fpl_dnaninf
    dunder.o(i.__mathlib_dbl_underflow) refers to dmul.o(x$fpl$dmul) for __aeabi_dmul
    fpclassify.o(i.__ARM_fpclassify) refers (Special) to usenofp.o(x$fpl$usenofp) for __I$use$fp
    poly.o(i.__kernel_poly) refers (Special) to usenofp.o(x$fpl$usenofp) for __I$use$fp
    poly.o(i.__kernel_poly) refers to dmul.o(x$fpl$dmul) for __aeabi_dmul
    poly.o(i.__kernel_poly) refers to daddsub_clz.o(x$fpl$dadd) for __aeabi_dadd
    sys_stackheap_outer.o(.text) refers to libspace.o(.text) for __user_perproc_libspace
    sys_stackheap_outer.o(.text) refers to startup_tm4c123.o(.text) for __user_initial_stackheap
    exit.o(.text) refers to rtexit.o(.ARM.Collect$$rtexit$$00000000) for __rt_exit
    argv_veneer.o(.emb_text) refers to no_argv.o(.text) for __ARM_get_argv
    libinit.o(.ARM.Collect$$libinit$$00000000) refers (Special) to libinit2.o(.ARM.Collect$$libinit$$0000002C) for __rt_lib_init_alloca_1
    libinit.o(.ARM.Collect$$libinit$$00000000) refers (Special) to libinit2.o(.ARM.Collect$$libinit$$0000002A) for __rt_lib_init_argv_1
    libinit.o(.ARM.Collect$$libinit$$00000000) refers (Special) to libinit2.o(.ARM.Collect$$libinit$$00000019) for __rt_lib_init_atexit_1
    libinit.o(.ARM.Collect$$libinit$$00000000) refers (Special) to libinit2.o(.ARM.Collect$$libinit$$0000001F) for __rt_lib_init_clock_1
    libinit.o(.ARM.Collect$$libinit$$00000000) refers (Special) to libinit2.o(.ARM.Collect$$libinit$$00000030) for __rt_lib_init_cpp_1
    libinit.o(.ARM.Collect$$libinit$$00000000) refers (Special) to libinit2.o(.ARM.Collect$$libinit$$0000002E) for __rt_lib_init_exceptions_1
    libinit.o(.ARM.Collect$$libinit$$00000000) refers (Special) to libinit2.o(.ARM.Collect$$libinit$$00000001) for __rt_lib_init_fp_1
    libinit.o(.ARM.Collect$$libinit$$00000000) refers (Special) to libinit2.o(.ARM.Collect$$libinit$$0000001D) for __rt_lib_init_fp_trap_1
    libinit.o(.ARM.Collect$$libinit$$00000000) refers (Special) to libinit2.o(.ARM.Collect$$libinit$$00000021) for __rt_lib_init_getenv_1
    libinit.o(.ARM.Collect$$libinit$$00000000) refers (Special) to libinit2.o(.ARM.Collect$$libinit$$00000008) for __rt_lib_init_heap_1
    libinit.o(.ARM.Collect$$libinit$$00000000) refers (Special) to libinit2.o(.ARM.Collect$$libinit$$0000000F) for __rt_lib_init_lc_collate_1
    libinit.o(.ARM.Collect$$libinit$$00000000) refers (Special) to libinit2.o(.ARM.Collect$$libinit$$00000011) for __rt_lib_init_lc_ctype_1
    libinit.o(.ARM.Collect$$libinit$$00000000) refers (Special) to libinit2.o(.ARM.Collect$$libinit$$00000013) for __rt_lib_init_lc_monetary_1
    libinit.o(.ARM.Collect$$libinit$$00000000) refers (Special) to libinit2.o(.ARM.Collect$$libinit$$00000015) for __rt_lib_init_lc_numeric_1
    libinit.o(.ARM.Collect$$libinit$$00000000) refers (Special) to libinit2.o(.ARM.Collect$$libinit$$00000017) for __rt_lib_init_lc_time_1
    libinit.o(.ARM.Collect$$libinit$$00000000) refers (Special) to libinit2.o(.ARM.Collect$$libinit$$0000000C) for __rt_lib_init_rand_1
    libinit.o(.ARM.Collect$$libinit$$00000000) refers (Special) to libinit2.o(.ARM.Collect$$libinit$$00000031) for __rt_lib_init_return
    libinit.o(.ARM.Collect$$libinit$$00000000) refers (Special) to libinit2.o(.ARM.Collect$$libinit$$0000001B) for __rt_lib_init_signal_1
    libinit.o(.ARM.Collect$$libinit$$00000000) refers (Special) to libinit2.o(.ARM.Collect$$libinit$$00000023) for __rt_lib_init_stdio_1
    libinit.o(.ARM.Collect$$libinit$$00000000) refers (Special) to libinit2.o(.ARM.Collect$$libinit$$0000000A) for __rt_lib_init_user_alloc_1
    rtexit.o(.ARM.Collect$$rtexit$$00000000) refers (Special) to rtexit2.o(.ARM.Collect$$rtexit$$00000004) for __rt_exit_exit
    rtexit.o(.ARM.Collect$$rtexit$$00000000) refers (Special) to rtexit2.o(.ARM.Collect$$rtexit$$00000003) for __rt_exit_ls
    rtexit.o(.ARM.Collect$$rtexit$$00000000) refers (Special) to rtexit2.o(.ARM.Collect$$rtexit$$00000002) for __rt_exit_prels_1
    rtexit.o(.ARM.exidx) refers (Special) to rtexit2.o(.ARM.Collect$$rtexit$$00000004) for __rt_exit_exit
    rtexit.o(.ARM.exidx) refers (Special) to rtexit2.o(.ARM.Collect$$rtexit$$00000003) for __rt_exit_ls
    rtexit.o(.ARM.exidx) refers (Special) to rtexit2.o(.ARM.Collect$$rtexit$$00000002) for __rt_exit_prels_1
    rtexit.o(.ARM.exidx) refers to rtexit.o(.ARM.Collect$$rtexit$$00000000) for .ARM.Collect$$rtexit$$00000000
    _get_argv_nomalloc.o(.text) refers (Special) to hrguard.o(.text) for __heap_region$guard
    _get_argv_nomalloc.o(.text) refers to defsig_rtmem_outer.o(.text) for __rt_SIGRTMEM
    _get_argv_nomalloc.o(.text) refers to sys_command.o(.text) for _sys_command_string
    sys_command.o(.text) refers (Special) to use_no_semi.o(.text) for __I$use$semihosting
    sys_command.o(.text) refers (Special) to indicate_semi.o(.text) for __semihosting_library_function
    rtexit2.o(.ARM.Collect$$rtexit$$00000003) refers to libshutdown.o(.ARM.Collect$$libshutdown$$00000000) for __rt_lib_shutdown
    rtexit2.o(.ARM.Collect$$rtexit$$00000004) refers to sys_exit.o(.text) for _sys_exit
    rtexit2.o(.ARM.exidx) refers to rtexit2.o(.ARM.Collect$$rtexit$$00000001) for .ARM.Collect$$rtexit$$00000001
    rtexit2.o(.ARM.exidx) refers to rtexit2.o(.ARM.Collect$$rtexit$$00000003) for .ARM.Collect$$rtexit$$00000003
    rtexit2.o(.ARM.exidx) refers to rtexit2.o(.ARM.Collect$$rtexit$$00000004) for .ARM.Collect$$rtexit$$00000004
    defsig_rtmem_outer.o(.text) refers to defsig_rtmem_inner.o(.text) for __rt_SIGRTMEM_inner
    defsig_rtmem_outer.o(.text) refers to defsig_exit.o(.text) for __sig_exit
    defsig_rtmem_formal.o(.text) refers to rt_raise.o(.text) for __rt_raise
    sys_exit.o(.text) refers (Special) to use_no_semi.o(.text) for __I$use$semihosting
    sys_exit.o(.text) refers (Special) to indicate_semi.o(.text) for __semihosting_library_function
    rt_raise.o(.text) refers to __raise.o(.text) for __raise
    rt_raise.o(.text) refers to sys_exit.o(.text) for _sys_exit
    defsig_exit.o(.text) refers to sys_exit.o(.text) for _sys_exit
    defsig_rtmem_inner.o(.text) refers to defsig_general.o(.text) for __default_signal_display
    libshutdown.o(.ARM.Collect$$libshutdown$$00000000) refers (Special) to libshutdown2.o(.ARM.Collect$$libshutdown$$00000006) for __rt_lib_shutdown_fp_trap_1
    libshutdown.o(.ARM.Collect$$libshutdown$$00000000) refers (Special) to libshutdown2.o(.ARM.Collect$$libshutdown$$0000000E) for __rt_lib_shutdown_heap_1
    libshutdown.o(.ARM.Collect$$libshutdown$$00000000) refers (Special) to libshutdown2.o(.ARM.Collect$$libshutdown$$0000000F) for __rt_lib_shutdown_return
    libshutdown.o(.ARM.Collect$$libshutdown$$00000000) refers (Special) to libshutdown2.o(.ARM.Collect$$libshutdown$$00000009) for __rt_lib_shutdown_signal_1
    libshutdown.o(.ARM.Collect$$libshutdown$$00000000) refers (Special) to libshutdown2.o(.ARM.Collect$$libshutdown$$00000003) for __rt_lib_shutdown_stdio_1
    libshutdown.o(.ARM.Collect$$libshutdown$$00000000) refers (Special) to libshutdown2.o(.ARM.Collect$$libshutdown$$0000000B) for __rt_lib_shutdown_user_alloc_1
    __raise.o(.text) refers to defsig.o(CL$$defsig) for __default_signal_handler
    defsig_general.o(.text) refers to sys_wrch.o(.text) for _ttywrch
    sys_wrch.o(.text) refers (Special) to use_no_semi.o(.text) for __I$use$semihosting
    sys_wrch.o(.text) refers (Special) to indicate_semi.o(.text) for __semihosting_library_function
    defsig.o(CL$$defsig) refers to defsig_rtmem_inner.o(.text) for __rt_SIGRTMEM_inner
    defsig_abrt_inner.o(.text) refers to defsig_general.o(.text) for __default_signal_display
    defsig_fpe_inner.o(.text) refers to defsig_general.o(.text) for __default_signal_display
    defsig_rtred_inner.o(.text) refers to defsig_general.o(.text) for __default_signal_display
    defsig_stak_inner.o(.text) refers to defsig_general.o(.text) for __default_signal_display
    defsig_pvfn_inner.o(.text) refers to defsig_general.o(.text) for __default_signal_display
    defsig_cppl_inner.o(.text) refers to defsig_general.o(.text) for __default_signal_display
    defsig_segv_inner.o(.text) refers to defsig_general.o(.text) for __default_signal_display
    defsig_other.o(.text) refers to defsig_general.o(.text) for __default_signal_display


==============================================================================

Image Symbol Table

    Local Symbols

    Symbol Name                              Value     Ov Type        Size  Object(Section)

    RESET                                    0x00000000   Section      620  startup_tm4c123.o(RESET)
    ../clib/angel/boardlib.s                 0x00000000   Number         0  boardinit2.o ABSOLUTE
    ../clib/angel/boardlib.s                 0x00000000   Number         0  boardinit3.o ABSOLUTE
    ../clib/angel/boardlib.s                 0x00000000   Number         0  boardinit1.o ABSOLUTE
    ../clib/angel/boardlib.s                 0x00000000   Number         0  boardshut.o ABSOLUTE
    ../clib/angel/handlers.s                 0x00000000   Number         0  __scatter_zi.o ABSOLUTE
    ../clib/angel/kernel.s                   0x00000000   Number         0  rtentry.o ABSOLUTE
    ../clib/angel/kernel.s                   0x00000000   Number         0  rtexit2.o ABSOLUTE
    ../clib/angel/kernel.s                   0x00000000   Number         0  rtexit.o ABSOLUTE
    ../clib/angel/kernel.s                   0x00000000   Number         0  rtentry4.o ABSOLUTE
    ../clib/angel/kernel.s                   0x00000000   Number         0  rtentry2.o ABSOLUTE
    ../clib/angel/rt.s                       0x00000000   Number         0  rt_errno_addr.o ABSOLUTE
    ../clib/angel/rt.s                       0x00000000   Number         0  rt_raise.o ABSOLUTE
    ../clib/angel/rt.s                       0x00000000   Number         0  rt_locale_intlibspace.o ABSOLUTE
    ../clib/angel/rt.s                       0x00000000   Number         0  rt_locale.o ABSOLUTE
    ../clib/angel/rt.s                       0x00000000   Number         0  rt_ctype_table.o ABSOLUTE
    ../clib/angel/rt.s                       0x00000000   Number         0  rt_errno_addr_intlibspace.o ABSOLUTE
    ../clib/angel/scatter.s                  0x00000000   Number         0  __scatter.o ABSOLUTE
    ../clib/angel/startup.s                  0x00000000   Number         0  __main.o ABSOLUTE
    ../clib/angel/sys.s                      0x00000000   Number         0  indicate_semi.o ABSOLUTE
    ../clib/angel/sys.s                      0x00000000   Number         0  sys_stackheap_outer.o ABSOLUTE
    ../clib/angel/sys.s                      0x00000000   Number         0  use_no_semi.o ABSOLUTE
    ../clib/angel/sys.s                      0x00000000   Number         0  libspace.o ABSOLUTE
    ../clib/angel/sysapp.c                   0x00000000   Number         0  sys_command.o ABSOLUTE
    ../clib/angel/sysapp.c                   0x00000000   Number         0  sys_exit.o ABSOLUTE
    ../clib/angel/sysapp.c                   0x00000000   Number         0  sys_wrch.o ABSOLUTE
    ../clib/armsys.c                         0x00000000   Number         0  no_argv.o ABSOLUTE
    ../clib/armsys.c                         0x00000000   Number         0  _get_argv_nomalloc.o ABSOLUTE
    ../clib/armsys.c                         0x00000000   Number         0  argv_veneer.o ABSOLUTE
    ../clib/armsys.c                         0x00000000   Number         0  argv_veneer.o ABSOLUTE
    ../clib/fenv.c                           0x00000000   Number         0  _rserrno.o ABSOLUTE
    ../clib/heapalloc.c                      0x00000000   Number         0  hrguard.o ABSOLUTE
    ../clib/heapaux.c                        0x00000000   Number         0  heapauxi.o ABSOLUTE
    ../clib/libinit.s                        0x00000000   Number         0  libshutdown2.o ABSOLUTE
    ../clib/libinit.s                        0x00000000   Number         0  libshutdown.o ABSOLUTE
    ../clib/libinit.s                        0x00000000   Number         0  libinit.o ABSOLUTE
    ../clib/libinit.s                        0x00000000   Number         0  libinit2.o ABSOLUTE
    ../clib/locale.s                         0x00000000   Number         0  lc_ctype_c.o ABSOLUTE
    ../clib/memcpset.s                       0x00000000   Number         0  strcmpv7m.o ABSOLUTE
    ../clib/signal.c                         0x00000000   Number         0  defsig_rtmem_outer.o ABSOLUTE
    ../clib/signal.c                         0x00000000   Number         0  defsig_rtmem_formal.o ABSOLUTE
    ../clib/signal.c                         0x00000000   Number         0  defsig_exit.o ABSOLUTE
    ../clib/signal.c                         0x00000000   Number         0  defsig_segv_inner.o ABSOLUTE
    ../clib/signal.c                         0x00000000   Number         0  defsig_rtmem_inner.o ABSOLUTE
    ../clib/signal.c                         0x00000000   Number         0  defsig_other.o ABSOLUTE
    ../clib/signal.c                         0x00000000   Number         0  __raise.o ABSOLUTE
    ../clib/signal.c                         0x00000000   Number         0  defsig_cppl_inner.o ABSOLUTE
    ../clib/signal.c                         0x00000000   Number         0  defsig_pvfn_inner.o ABSOLUTE
    ../clib/signal.c                         0x00000000   Number         0  defsig_stak_inner.o ABSOLUTE
    ../clib/signal.c                         0x00000000   Number         0  defsig_general.o ABSOLUTE
    ../clib/signal.c                         0x00000000   Number         0  defsig_fpe_inner.o ABSOLUTE
    ../clib/signal.c                         0x00000000   Number         0  defsig_abrt_inner.o ABSOLUTE
    ../clib/signal.c                         0x00000000   Number         0  defsig_rtred_inner.o ABSOLUTE
    ../clib/signal.s                         0x00000000   Number         0  defsig.o ABSOLUTE
    ../clib/stdlib.c                         0x00000000   Number         0  exit.o ABSOLUTE
    ../clib/string.c                         0x00000000   Number         0  strlen.o ABSOLUTE
    ../fplib/basic.s                         0x00000000   Number         0  basic.o ABSOLUTE
    ../fplib/d2f.s                           0x00000000   Number         0  d2f.o ABSOLUTE
    ../fplib/daddsub.s                       0x00000000   Number         0  daddsub_clz.o ABSOLUTE
    ../fplib/dcmpi.s                         0x00000000   Number         0  dcmpi.o ABSOLUTE
    ../fplib/ddiv.s                          0x00000000   Number         0  ddiv.o ABSOLUTE
    ../fplib/dfix.s                          0x00000000   Number         0  dfix.o ABSOLUTE
    ../fplib/dflt.s                          0x00000000   Number         0  dflt_clz.o ABSOLUTE
    ../fplib/dleqf.s                         0x00000000   Number         0  dleqf.o ABSOLUTE
    ../fplib/dmul.s                          0x00000000   Number         0  dmul.o ABSOLUTE
    ../fplib/dnaninf.s                       0x00000000   Number         0  dnaninf.o ABSOLUTE
    ../fplib/dretinf.s                       0x00000000   Number         0  dretinf.o ABSOLUTE
    ../fplib/dsqrt.s                         0x00000000   Number         0  dsqrt_umaal.o ABSOLUTE
    ../fplib/f2d.s                           0x00000000   Number         0  f2d.o ABSOLUTE
    ../fplib/fnaninf.s                       0x00000000   Number         0  fnaninf.o ABSOLUTE
    ../fplib/fpinit.s                        0x00000000   Number         0  fpinit.o ABSOLUTE
    ../fplib/fretinf.s                       0x00000000   Number         0  fretinf.o ABSOLUTE
    ../fplib/usenofp.s                       0x00000000   Number         0  usenofp.o ABSOLUTE
    ../mathlib/atan.c                        0x00000000   Number         0  atan.o ABSOLUTE
    ../mathlib/atan.c                        0x00000000   Number         0  atan_x.o ABSOLUTE
    ../mathlib/atan2.c                       0x00000000   Number         0  atan2.o ABSOLUTE
    ../mathlib/atan2.c                       0x00000000   Number         0  atan2_x.o ABSOLUTE
    ../mathlib/cos.c                         0x00000000   Number         0  cos.o ABSOLUTE
    ../mathlib/cos.c                         0x00000000   Number         0  cos_x.o ABSOLUTE
    ../mathlib/cos_i.c                       0x00000000   Number         0  cos_i.o ABSOLUTE
    ../mathlib/dunder.c                      0x00000000   Number         0  dunder.o ABSOLUTE
    ../mathlib/fabs.c                        0x00000000   Number         0  fabs.o ABSOLUTE
    ../mathlib/fpclassify.c                  0x00000000   Number         0  fpclassify.o ABSOLUTE
    ../mathlib/poly.c                        0x00000000   Number         0  poly.o ABSOLUTE
    ../mathlib/qnan.c                        0x00000000   Number         0  qnan.o ABSOLUTE
    ../mathlib/rred.c                        0x00000000   Number         0  rred.o ABSOLUTE
    ../mathlib/sin.c                         0x00000000   Number         0  sin_x.o ABSOLUTE
    ../mathlib/sin.c                         0x00000000   Number         0  sin.o ABSOLUTE
    ../mathlib/sin_i.c                       0x00000000   Number         0  sin_i.o ABSOLUTE
    ../mathlib/sin_i.c                       0x00000000   Number         0  sin_i_x.o ABSOLUTE
    ../mathlib/sqrt.c                        0x00000000   Number         0  sqrt.o ABSOLUTE
    ../mathlib/sqrt.c                        0x00000000   Number         0  sqrt_x.o ABSOLUTE
    dc.s                                     0x00000000   Number         0  dc.o ABSOLUTE
    main.c                                   0x00000000   Number         0  main.o ABSOLUTE
    startup_TM4C123.s                        0x00000000   Number         0  startup_tm4c123.o ABSOLUTE
    !!!main                                  0x0000026c   Section        8  __main.o(!!!main)
    !!!scatter                               0x00000274   Section       52  __scatter.o(!!!scatter)
    !!handler_zi                             0x000002a8   Section       28  __scatter_zi.o(!!handler_zi)
    .ARM.Collect$$libinit$$00000000          0x000002c4   Section        2  libinit.o(.ARM.Collect$$libinit$$00000000)
    .ARM.Collect$$libinit$$00000001          0x000002c6   Section        4  libinit2.o(.ARM.Collect$$libinit$$00000001)
    .ARM.Collect$$libinit$$00000008          0x000002ca   Section        0  libinit2.o(.ARM.Collect$$libinit$$00000008)
    .ARM.Collect$$libinit$$0000000A          0x000002ca   Section        0  libinit2.o(.ARM.Collect$$libinit$$0000000A)
    .ARM.Collect$$libinit$$0000000C          0x000002ca   Section        0  libinit2.o(.ARM.Collect$$libinit$$0000000C)
    .ARM.Collect$$libinit$$0000000D          0x000002ca   Section        6  libinit2.o(.ARM.Collect$$libinit$$0000000D)
    .ARM.Collect$$libinit$$0000000F          0x000002d0   Section        0  libinit2.o(.ARM.Collect$$libinit$$0000000F)
    .ARM.Collect$$libinit$$00000010          0x000002d0   Section       12  libinit2.o(.ARM.Collect$$libinit$$00000010)
    .ARM.Collect$$libinit$$00000011          0x000002dc   Section        0  libinit2.o(.ARM.Collect$$libinit$$00000011)
    .ARM.Collect$$libinit$$00000013          0x000002dc   Section        0  libinit2.o(.ARM.Collect$$libinit$$00000013)
    .ARM.Collect$$libinit$$00000015          0x000002dc   Section        0  libinit2.o(.ARM.Collect$$libinit$$00000015)
    .ARM.Collect$$libinit$$00000017          0x000002dc   Section        0  libinit2.o(.ARM.Collect$$libinit$$00000017)
    .ARM.Collect$$libinit$$00000019          0x000002dc   Section        0  libinit2.o(.ARM.Collect$$libinit$$00000019)
    .ARM.Collect$$libinit$$0000001B          0x000002dc   Section        0  libinit2.o(.ARM.Collect$$libinit$$0000001B)
    .ARM.Collect$$libinit$$0000001D          0x000002dc   Section        0  libinit2.o(.ARM.Collect$$libinit$$0000001D)
    .ARM.Collect$$libinit$$0000001F          0x000002dc   Section        0  libinit2.o(.ARM.Collect$$libinit$$0000001F)
    .ARM.Collect$$libinit$$00000021          0x000002dc   Section        0  libinit2.o(.ARM.Collect$$libinit$$00000021)
    .ARM.Collect$$libinit$$00000023          0x000002dc   Section        0  libinit2.o(.ARM.Collect$$libinit$$00000023)
    .ARM.Collect$$libinit$$0000002A          0x000002dc   Section        0  libinit2.o(.ARM.Collect$$libinit$$0000002A)
    .ARM.Collect$$libinit$$0000002C          0x000002dc   Section        0  libinit2.o(.ARM.Collect$$libinit$$0000002C)
    .ARM.Collect$$libinit$$0000002E          0x000002dc   Section        0  libinit2.o(.ARM.Collect$$libinit$$0000002E)
    .ARM.Collect$$libinit$$00000030          0x000002dc   Section        0  libinit2.o(.ARM.Collect$$libinit$$00000030)
    .ARM.Collect$$libinit$$00000031          0x000002dc   Section        2  libinit2.o(.ARM.Collect$$libinit$$00000031)
    .ARM.Collect$$libshutdown$$00000000      0x000002de   Section        2  libshutdown.o(.ARM.Collect$$libshutdown$$00000000)
    .ARM.Collect$$libshutdown$$00000003      0x000002e0   Section        0  libshutdown2.o(.ARM.Collect$$libshutdown$$00000003)
    .ARM.Collect$$libshutdown$$00000006      0x000002e0   Section        0  libshutdown2.o(.ARM.Collect$$libshutdown$$00000006)
    .ARM.Collect$$libshutdown$$00000009      0x000002e0   Section        0  libshutdown2.o(.ARM.Collect$$libshutdown$$00000009)
    .ARM.Collect$$libshutdown$$0000000B      0x000002e0   Section        0  libshutdown2.o(.ARM.Collect$$libshutdown$$0000000B)
    .ARM.Collect$$libshutdown$$0000000E      0x000002e0   Section        0  libshutdown2.o(.ARM.Collect$$libshutdown$$0000000E)
    .ARM.Collect$$libshutdown$$0000000F      0x000002e0   Section        2  libshutdown2.o(.ARM.Collect$$libshutdown$$0000000F)
    .ARM.Collect$$rtentry$$00000000          0x000002e2   Section        0  rtentry.o(.ARM.Collect$$rtentry$$00000000)
    .ARM.Collect$$rtentry$$00000002          0x000002e2   Section        0  rtentry2.o(.ARM.Collect$$rtentry$$00000002)
    .ARM.Collect$$rtentry$$00000004          0x000002e2   Section        6  rtentry4.o(.ARM.Collect$$rtentry$$00000004)
    .ARM.Collect$$rtentry$$00000009          0x000002e8   Section        0  rtentry2.o(.ARM.Collect$$rtentry$$00000009)
    .ARM.Collect$$rtentry$$0000000A          0x000002e8   Section        4  rtentry2.o(.ARM.Collect$$rtentry$$0000000A)
    .ARM.Collect$$rtentry$$0000000C          0x000002ec   Section        0  rtentry2.o(.ARM.Collect$$rtentry$$0000000C)
    .ARM.Collect$$rtentry$$0000000D          0x000002ec   Section        8  rtentry2.o(.ARM.Collect$$rtentry$$0000000D)
    .ARM.Collect$$rtexit$$00000000           0x000002f4   Section        2  rtexit.o(.ARM.Collect$$rtexit$$00000000)
    .ARM.Collect$$rtexit$$00000002           0x000002f6   Section        0  rtexit2.o(.ARM.Collect$$rtexit$$00000002)
    .ARM.Collect$$rtexit$$00000003           0x000002f6   Section        4  rtexit2.o(.ARM.Collect$$rtexit$$00000003)
    .ARM.Collect$$rtexit$$00000004           0x000002fa   Section        6  rtexit2.o(.ARM.Collect$$rtexit$$00000004)
    .text                                    0x00000300   Section      276  startup_tm4c123.o(.text)
    $v0                                      0x00000300   Number         0  startup_tm4c123.o(.text)
    .text                                    0x00000414   Section        0  main.o(.text)
    .text                                    0x00000fd4   Section       16  rt_ctype_table.o(.text)
    .text                                    0x00000fe4   Section        0  strlen.o(.text)
    .text                                    0x00001022   Section        0  heapauxi.o(.text)
    .text                                    0x00001028   Section        8  rt_locale_intlibspace.o(.text)
    .text                                    0x00001030   Section        0  _rserrno.o(.text)
    .text                                    0x00001048   Section        8  libspace.o(.text)
    .text                                    0x00001050   Section        8  rt_errno_addr_intlibspace.o(.text)
    .text                                    0x00001058   Section      128  strcmpv7m.o(.text)
    .text                                    0x000010d8   Section       74  sys_stackheap_outer.o(.text)
    .text                                    0x00001122   Section        0  exit.o(.text)
    .text                                    0x00001130   Section        0  sys_exit.o(.text)
    .text                                    0x0000113c   Section        2  use_no_semi.o(.text)
    .text                                    0x0000113e   Section        0  indicate_semi.o(.text)
    i.__ARM_fpclassify                       0x0000113e   Section        0  fpclassify.o(i.__ARM_fpclassify)
    i.__hardfp_atan                          0x00001170   Section        0  atan.o(i.__hardfp_atan)
    i.__hardfp_atan2                         0x00001458   Section        0  atan2.o(i.__hardfp_atan2)
    i.__hardfp_cos                           0x00001638   Section        0  cos.o(i.__hardfp_cos)
    i.__hardfp_sin                           0x00001710   Section        0  sin.o(i.__hardfp_sin)
    i.__hardfp_sqrt                          0x000017e8   Section        0  sqrt.o(i.__hardfp_sqrt)
    i.__ieee754_rem_pio2                     0x00001868   Section        0  rred.o(i.__ieee754_rem_pio2)
    i.__kernel_cos                           0x00001cc0   Section        0  cos_i.o(i.__kernel_cos)
    i.__kernel_poly                          0x00001e30   Section        0  poly.o(i.__kernel_poly)
    i.__kernel_sin                           0x00001f28   Section        0  sin_i.o(i.__kernel_sin)
    i.__mathlib_dbl_underflow                0x00002058   Section        0  dunder.o(i.__mathlib_dbl_underflow)
    i.atan                                   0x00002078   Section        0  atan.o(i.atan)
    i.fabs                                   0x00002088   Section        0  fabs.o(i.fabs)
    locale$$code                             0x000020a8   Section       44  lc_ctype_c.o(locale$$code)
    x$fpl$basic                              0x000020d4   Section       24  basic.o(x$fpl$basic)
    $v0                                      0x000020d4   Number         0  basic.o(x$fpl$basic)
    x$fpl$d2f                                0x000020ec   Section       98  d2f.o(x$fpl$d2f)
    $v0                                      0x000020ec   Number         0  d2f.o(x$fpl$d2f)
    x$fpl$dadd                               0x00002150   Section      336  daddsub_clz.o(x$fpl$dadd)
    $v0                                      0x00002150   Number         0  daddsub_clz.o(x$fpl$dadd)
    _dadd1                                   0x00002161   Thumb Code     0  daddsub_clz.o(x$fpl$dadd)
    x$fpl$ddiv                               0x000022a0   Section      688  ddiv.o(x$fpl$ddiv)
    $v0                                      0x000022a0   Number         0  ddiv.o(x$fpl$ddiv)
    ddiv_entry                               0x000022a7   Thumb Code     0  ddiv.o(x$fpl$ddiv)
    x$fpl$dfix                               0x00002550   Section       94  dfix.o(x$fpl$dfix)
    $v0                                      0x00002550   Number         0  dfix.o(x$fpl$dfix)
    x$fpl$dflt                               0x000025ae   Section       46  dflt_clz.o(x$fpl$dflt)
    $v0                                      0x000025ae   Number         0  dflt_clz.o(x$fpl$dflt)
    x$fpl$dfltu                              0x000025dc   Section       38  dflt_clz.o(x$fpl$dfltu)
    $v0                                      0x000025dc   Number         0  dflt_clz.o(x$fpl$dfltu)
    x$fpl$dmul                               0x00002604   Section      340  dmul.o(x$fpl$dmul)
    $v0                                      0x00002604   Number         0  dmul.o(x$fpl$dmul)
    x$fpl$dnaninf                            0x00002758   Section      156  dnaninf.o(x$fpl$dnaninf)
    $v0                                      0x00002758   Number         0  dnaninf.o(x$fpl$dnaninf)
    x$fpl$dretinf                            0x000027f4   Section       12  dretinf.o(x$fpl$dretinf)
    $v0                                      0x000027f4   Number         0  dretinf.o(x$fpl$dretinf)
    x$fpl$drsb                               0x00002800   Section       22  daddsub_clz.o(x$fpl$drsb)
    $v0                                      0x00002800   Number         0  daddsub_clz.o(x$fpl$drsb)
    x$fpl$dsqrt                              0x00002818   Section      408  dsqrt_umaal.o(x$fpl$dsqrt)
    $v0                                      0x00002818   Number         0  dsqrt_umaal.o(x$fpl$dsqrt)
    x$fpl$dsub                               0x000029b0   Section      468  daddsub_clz.o(x$fpl$dsub)
    $v0                                      0x000029b0   Number         0  daddsub_clz.o(x$fpl$dsub)
    _dsub1                                   0x000029c1   Thumb Code     0  daddsub_clz.o(x$fpl$dsub)
    x$fpl$f2d                                0x00002b84   Section       86  f2d.o(x$fpl$f2d)
    $v0                                      0x00002b84   Number         0  f2d.o(x$fpl$f2d)
    x$fpl$fnaninf                            0x00002bda   Section      140  fnaninf.o(x$fpl$fnaninf)
    $v0                                      0x00002bda   Number         0  fnaninf.o(x$fpl$fnaninf)
    x$fpl$fpinit                             0x00002c66   Section       10  fpinit.o(x$fpl$fpinit)
    $v0                                      0x00002c66   Number         0  fpinit.o(x$fpl$fpinit)
    x$fpl$fretinf                            0x00002c70   Section       10  fretinf.o(x$fpl$fretinf)
    $v0                                      0x00002c70   Number         0  fretinf.o(x$fpl$fretinf)
    x$fpl$usenofp                            0x00002c7a   Section        0  usenofp.o(x$fpl$usenofp)
    .constdata                               0x00002c7c   Section       10  main.o(.constdata)
    .constdata                               0x00002c88   Section      152  atan.o(.constdata)
    atanhi                                   0x00002c88   Data          32  atan.o(.constdata)
    atanlo                                   0x00002ca8   Data          32  atan.o(.constdata)
    aTodd                                    0x00002cc8   Data          40  atan.o(.constdata)
    aTeven                                   0x00002cf0   Data          48  atan.o(.constdata)
    .constdata                               0x00002d20   Section       48  cos_i.o(.constdata)
    C                                        0x00002d20   Data          48  cos_i.o(.constdata)
    .constdata                               0x00002d50   Section        8  qnan.o(.constdata)
    .constdata                               0x00002d58   Section      200  rred.o(.constdata)
    pio2s                                    0x00002d58   Data          48  rred.o(.constdata)
    twooverpi                                0x00002d88   Data         152  rred.o(.constdata)
    .constdata                               0x00002e20   Section       40  sin_i.o(.constdata)
    S                                        0x00002e20   Data          40  sin_i.o(.constdata)
    locale$$data                             0x00002e58   Section      272  lc_ctype_c.o(locale$$data)
    __lcctype_c_name                         0x00002e5c   Data           2  lc_ctype_c.o(locale$$data)
    __lcctype_c_start                        0x00002e64   Data           0  lc_ctype_c.o(locale$$data)
    __lcctype_c_end                          0x00002f68   Data           0  lc_ctype_c.o(locale$$data)
    .bss                                     0x20000000   Section       96  libspace.o(.bss)
    HEAP                                     0x20000060   Section        0  startup_tm4c123.o(HEAP)
    STACK                                    0x20000060   Section      512  startup_tm4c123.o(STACK)
    Heap_Mem                                 0x20000060   Data           0  startup_tm4c123.o(HEAP)
    Stack_Mem                                0x20000060   Data         512  startup_tm4c123.o(STACK)
    __initial_sp                             0x20000260   Data           0  startup_tm4c123.o(STACK)

    Global Symbols

    Symbol Name                              Value     Ov Type        Size  Object(Section)

    BuildAttributes$$THM_ISAv4$E$P$D$K$B$S$7EM$VFPi3$EXTD16$VFPS$VFMA$PE$A:L22UL41UL21$X:L11$S22US41US21$IEEE1$IW$USESV6$~STKCKD$USESV7$~SHL$OTIME$ROPI$IEEEX$EBA8$UX$STANDARDLIB$REQ8$PRES8$EABIv2 0x00000000   Number         0  anon$$obj.o ABSOLUTE
    __ARM_use_no_argv                        0x00000000   Number         0  main.o ABSOLUTE
    __Vectors                                0x00000000   Data           4  startup_tm4c123.o(RESET)
    __ARM_exceptions_init                     - Undefined Weak Reference
    __alloca_initialize                       - Undefined Weak Reference
    __cpp_initialize__aeabi_                  - Undefined Weak Reference
    __cxa_finalize                            - Undefined Weak Reference
    __sigvec_lookup                           - Undefined Weak Reference
    _atexit_init                              - Undefined Weak Reference
    _call_atexit_fns                          - Undefined Weak Reference
    _clock_init                               - Undefined Weak Reference
    _fp_trap_init                             - Undefined Weak Reference
    _fp_trap_shutdown                         - Undefined Weak Reference
    _get_lc_collate                           - Undefined Weak Reference
    _get_lc_monetary                          - Undefined Weak Reference
    _get_lc_numeric                           - Undefined Weak Reference
    _get_lc_time                              - Undefined Weak Reference
    _getenv_init                              - Undefined Weak Reference
    _handle_redirection                       - Undefined Weak Reference
    _init_alloc                               - Undefined Weak Reference
    _init_user_alloc                          - Undefined Weak Reference
    _initio                                   - Undefined Weak Reference
    _rand_init                                - Undefined Weak Reference
    _signal_finish                            - Undefined Weak Reference
    _signal_init                              - Undefined Weak Reference
    _terminate_alloc                          - Undefined Weak Reference
    _terminate_user_alloc                     - Undefined Weak Reference
    _terminateio                              - Undefined Weak Reference
    __Vectors_End                            0x0000026c   Data           0  startup_tm4c123.o(RESET)
    __Vectors_Size                           0x0000026c   Number         0  startup_tm4c123.o ABSOLUTE
    __main                                   0x0000026d   Thumb Code     8  __main.o(!!!main)
    __scatterload                            0x00000275   Thumb Code     0  __scatter.o(!!!scatter)
    __scatterload_rt2                        0x00000275   Thumb Code    44  __scatter.o(!!!scatter)
    __scatterload_rt2_thumb_only             0x00000275   Thumb Code     0  __scatter.o(!!!scatter)
    __scatterload_null                       0x00000283   Thumb Code     0  __scatter.o(!!!scatter)
    __scatterload_zeroinit                   0x000002a9   Thumb Code    28  __scatter_zi.o(!!handler_zi)
    __rt_lib_init                            0x000002c5   Thumb Code     0  libinit.o(.ARM.Collect$$libinit$$00000000)
    __rt_lib_init_fp_1                       0x000002c7   Thumb Code     0  libinit2.o(.ARM.Collect$$libinit$$00000001)
    __rt_lib_init_heap_1                     0x000002cb   Thumb Code     0  libinit2.o(.ARM.Collect$$libinit$$00000008)
    __rt_lib_init_lc_common                  0x000002cb   Thumb Code     0  libinit2.o(.ARM.Collect$$libinit$$0000000D)
    __rt_lib_init_rand_1                     0x000002cb   Thumb Code     0  libinit2.o(.ARM.Collect$$libinit$$0000000C)
    __rt_lib_init_user_alloc_1               0x000002cb   Thumb Code     0  libinit2.o(.ARM.Collect$$libinit$$0000000A)
    __rt_lib_init_lc_collate_1               0x000002d1   Thumb Code     0  libinit2.o(.ARM.Collect$$libinit$$0000000F)
    __rt_lib_init_lc_ctype_2                 0x000002d1   Thumb Code     0  libinit2.o(.ARM.Collect$$libinit$$00000010)
    __rt_lib_init_alloca_1                   0x000002dd   Thumb Code     0  libinit2.o(.ARM.Collect$$libinit$$0000002C)
    __rt_lib_init_argv_1                     0x000002dd   Thumb Code     0  libinit2.o(.ARM.Collect$$libinit$$0000002A)
    __rt_lib_init_atexit_1                   0x000002dd   Thumb Code     0  libinit2.o(.ARM.Collect$$libinit$$00000019)
    __rt_lib_init_clock_1                    0x000002dd   Thumb Code     0  libinit2.o(.ARM.Collect$$libinit$$0000001F)
    __rt_lib_init_cpp_1                      0x000002dd   Thumb Code     0  libinit2.o(.ARM.Collect$$libinit$$00000030)
    __rt_lib_init_exceptions_1               0x000002dd   Thumb Code     0  libinit2.o(.ARM.Collect$$libinit$$0000002E)
    __rt_lib_init_fp_trap_1                  0x000002dd   Thumb Code     0  libinit2.o(.ARM.Collect$$libinit$$0000001D)
    __rt_lib_init_getenv_1                   0x000002dd   Thumb Code     0  libinit2.o(.ARM.Collect$$libinit$$00000021)
    __rt_lib_init_lc_ctype_1                 0x000002dd   Thumb Code     0  libinit2.o(.ARM.Collect$$libinit$$00000011)
    __rt_lib_init_lc_monetary_1              0x000002dd   Thumb Code     0  libinit2.o(.ARM.Collect$$libinit$$00000013)
    __rt_lib_init_lc_numeric_1               0x000002dd   Thumb Code     0  libinit2.o(.ARM.Collect$$libinit$$00000015)
    __rt_lib_init_lc_time_1                  0x000002dd   Thumb Code     0  libinit2.o(.ARM.Collect$$libinit$$00000017)
    __rt_lib_init_return                     0x000002dd   Thumb Code     0  libinit2.o(.ARM.Collect$$libinit$$00000031)
    __rt_lib_init_signal_1                   0x000002dd   Thumb Code     0  libinit2.o(.ARM.Collect$$libinit$$0000001B)
    __rt_lib_init_stdio_1                    0x000002dd   Thumb Code     0  libinit2.o(.ARM.Collect$$libinit$$00000023)
    __rt_lib_shutdown                        0x000002df   Thumb Code     0  libshutdown.o(.ARM.Collect$$libshutdown$$00000000)
    __rt_lib_shutdown_fp_trap_1              0x000002e1   Thumb Code     0  libshutdown2.o(.ARM.Collect$$libshutdown$$00000006)
    __rt_lib_shutdown_heap_1                 0x000002e1   Thumb Code     0  libshutdown2.o(.ARM.Collect$$libshutdown$$0000000E)
    __rt_lib_shutdown_return                 0x000002e1   Thumb Code     0  libshutdown2.o(.ARM.Collect$$libshutdown$$0000000F)
    __rt_lib_shutdown_signal_1               0x000002e1   Thumb Code     0  libshutdown2.o(.ARM.Collect$$libshutdown$$00000009)
    __rt_lib_shutdown_stdio_1                0x000002e1   Thumb Code     0  libshutdown2.o(.ARM.Collect$$libshutdown$$00000003)
    __rt_lib_shutdown_user_alloc_1           0x000002e1   Thumb Code     0  libshutdown2.o(.ARM.Collect$$libshutdown$$0000000B)
    __rt_entry                               0x000002e3   Thumb Code     0  rtentry.o(.ARM.Collect$$rtentry$$00000000)
    __rt_entry_presh_1                       0x000002e3   Thumb Code     0  rtentry2.o(.ARM.Collect$$rtentry$$00000002)
    __rt_entry_sh                            0x000002e3   Thumb Code     0  rtentry4.o(.ARM.Collect$$rtentry$$00000004)
    __rt_entry_li                            0x000002e9   Thumb Code     0  rtentry2.o(.ARM.Collect$$rtentry$$0000000A)
    __rt_entry_postsh_1                      0x000002e9   Thumb Code     0  rtentry2.o(.ARM.Collect$$rtentry$$00000009)
    __rt_entry_main                          0x000002ed   Thumb Code     0  rtentry2.o(.ARM.Collect$$rtentry$$0000000D)
    __rt_entry_postli_1                      0x000002ed   Thumb Code     0  rtentry2.o(.ARM.Collect$$rtentry$$0000000C)
    __rt_exit                                0x000002f5   Thumb Code     0  rtexit.o(.ARM.Collect$$rtexit$$00000000)
    __rt_exit_ls                             0x000002f7   Thumb Code     0  rtexit2.o(.ARM.Collect$$rtexit$$00000003)
    __rt_exit_prels_1                        0x000002f7   Thumb Code     0  rtexit2.o(.ARM.Collect$$rtexit$$00000002)
    __rt_exit_exit                           0x000002fb   Thumb Code     0  rtexit2.o(.ARM.Collect$$rtexit$$00000004)
    Reset_Handler                            0x00000301   Thumb Code     8  startup_tm4c123.o(.text)
    NMI_Handler                              0x00000309   Thumb Code     2  startup_tm4c123.o(.text)
    HardFault_Handler                        0x0000030b   Thumb Code     2  startup_tm4c123.o(.text)
    MemManage_Handler                        0x0000030d   Thumb Code     2  startup_tm4c123.o(.text)
    BusFault_Handler                         0x0000030f   Thumb Code     2  startup_tm4c123.o(.text)
    UsageFault_Handler                       0x00000311   Thumb Code     2  startup_tm4c123.o(.text)
    SVC_Handler                              0x00000313   Thumb Code     2  startup_tm4c123.o(.text)
    DebugMon_Handler                         0x00000315   Thumb Code     2  startup_tm4c123.o(.text)
    PendSV_Handler                           0x00000317   Thumb Code     2  startup_tm4c123.o(.text)
    SysTick_Handler                          0x00000319   Thumb Code     2  startup_tm4c123.o(.text)
    GPIOA_Handler                            0x0000031b   Thumb Code     2  startup_tm4c123.o(.text)
    GPIOB_Handler                            0x0000031d   Thumb Code     2  startup_tm4c123.o(.text)
    GPIOC_Handler                            0x0000031f   Thumb Code     2  startup_tm4c123.o(.text)
    GPIOD_Handler                            0x00000321   Thumb Code     2  startup_tm4c123.o(.text)
    GPIOE_Handler                            0x00000323   Thumb Code     2  startup_tm4c123.o(.text)
    UART0_Handler                            0x00000325   Thumb Code     2  startup_tm4c123.o(.text)
    UART1_Handler                            0x00000327   Thumb Code     2  startup_tm4c123.o(.text)
    SSI0_Handler                             0x00000329   Thumb Code     2  startup_tm4c123.o(.text)
    I2C0_Handler                             0x0000032b   Thumb Code     2  startup_tm4c123.o(.text)
    PMW0_FAULT_Handler                       0x0000032d   Thumb Code     2  startup_tm4c123.o(.text)
    PWM0_0_Handler                           0x0000032f   Thumb Code     2  startup_tm4c123.o(.text)
    PWM0_1_Handler                           0x00000331   Thumb Code     2  startup_tm4c123.o(.text)
    PWM0_2_Handler                           0x00000333   Thumb Code     2  startup_tm4c123.o(.text)
    QEI0_Handler                             0x00000335   Thumb Code     2  startup_tm4c123.o(.text)
    ADC0SS0_Handler                          0x00000337   Thumb Code     2  startup_tm4c123.o(.text)
    ADC0SS1_Handler                          0x00000339   Thumb Code     2  startup_tm4c123.o(.text)
    ADC0SS2_Handler                          0x0000033b   Thumb Code     2  startup_tm4c123.o(.text)
    ADC0SS3_Handler                          0x0000033d   Thumb Code     2  startup_tm4c123.o(.text)
    WDT0_Handler                             0x0000033f   Thumb Code     2  startup_tm4c123.o(.text)
    TIMER0A_Handler                          0x00000341   Thumb Code     2  startup_tm4c123.o(.text)
    TIMER0B_Handler                          0x00000343   Thumb Code     2  startup_tm4c123.o(.text)
    TIMER1A_Handler                          0x00000345   Thumb Code     2  startup_tm4c123.o(.text)
    TIMER1B_Handler                          0x00000347   Thumb Code     2  startup_tm4c123.o(.text)
    TIMER2A_Handler                          0x00000349   Thumb Code     2  startup_tm4c123.o(.text)
    TIMER2B_Handler                          0x0000034b   Thumb Code     2  startup_tm4c123.o(.text)
    COMP0_Handler                            0x0000034d   Thumb Code     2  startup_tm4c123.o(.text)
    COMP1_Handler                            0x0000034f   Thumb Code     2  startup_tm4c123.o(.text)
    COMP2_Handler                            0x00000351   Thumb Code     2  startup_tm4c123.o(.text)
    SYSCTL_Handler                           0x00000353   Thumb Code     2  startup_tm4c123.o(.text)
    FLASH_Handler                            0x00000355   Thumb Code     2  startup_tm4c123.o(.text)
    GPIOF_Handler                            0x00000357   Thumb Code     2  startup_tm4c123.o(.text)
    GPIOG_Handler                            0x00000359   Thumb Code     2  startup_tm4c123.o(.text)
    GPIOH_Handler                            0x0000035b   Thumb Code     2  startup_tm4c123.o(.text)
    UART2_Handler                            0x0000035d   Thumb Code     2  startup_tm4c123.o(.text)
    SSI1_Handler                             0x0000035f   Thumb Code     2  startup_tm4c123.o(.text)
    TIMER3A_Handler                          0x00000361   Thumb Code     2  startup_tm4c123.o(.text)
    TIMER3B_Handler                          0x00000363   Thumb Code     2  startup_tm4c123.o(.text)
    I2C1_Handler                             0x00000365   Thumb Code     2  startup_tm4c123.o(.text)
    QEI1_Handler                             0x00000367   Thumb Code     2  startup_tm4c123.o(.text)
    CAN0_Handler                             0x00000369   Thumb Code     2  startup_tm4c123.o(.text)
    CAN1_Handler                             0x0000036b   Thumb Code     2  startup_tm4c123.o(.text)
    CAN2_Handler                             0x0000036d   Thumb Code     2  startup_tm4c123.o(.text)
    HIB_Handler                              0x0000036f   Thumb Code     2  startup_tm4c123.o(.text)
    USB0_Handler                             0x00000371   Thumb Code     2  startup_tm4c123.o(.text)
    PWM0_3_Handler                           0x00000373   Thumb Code     2  startup_tm4c123.o(.text)
    UDMA_Handler                             0x00000375   Thumb Code     2  startup_tm4c123.o(.text)
    UDMAERR_Handler                          0x00000377   Thumb Code     2  startup_tm4c123.o(.text)
    ADC1SS0_Handler                          0x00000379   Thumb Code     2  startup_tm4c123.o(.text)
    ADC1SS1_Handler                          0x0000037b   Thumb Code     2  startup_tm4c123.o(.text)
    ADC1SS2_Handler                          0x0000037d   Thumb Code     2  startup_tm4c123.o(.text)
    ADC1SS3_Handler                          0x0000037f   Thumb Code     2  startup_tm4c123.o(.text)
    GPIOJ_Handler                            0x00000381   Thumb Code     2  startup_tm4c123.o(.text)
    GPIOK_Handler                            0x00000383   Thumb Code     2  startup_tm4c123.o(.text)
    GPIOL_Handler                            0x00000385   Thumb Code     2  startup_tm4c123.o(.text)
    SSI2_Handler                             0x00000387   Thumb Code     2  startup_tm4c123.o(.text)
    SSI3_Handler                             0x00000389   Thumb Code     2  startup_tm4c123.o(.text)
    UART3_Handler                            0x0000038b   Thumb Code     2  startup_tm4c123.o(.text)
    UART4_Handler                            0x0000038d   Thumb Code     2  startup_tm4c123.o(.text)
    UART5_Handler                            0x0000038f   Thumb Code     2  startup_tm4c123.o(.text)
    UART6_Handler                            0x00000391   Thumb Code     2  startup_tm4c123.o(.text)
    UART7_Handler                            0x00000393   Thumb Code     2  startup_tm4c123.o(.text)
    I2C2_Handler                             0x00000395   Thumb Code     2  startup_tm4c123.o(.text)
    I2C3_Handler                             0x00000397   Thumb Code     2  startup_tm4c123.o(.text)
    TIMER4A_Handler                          0x00000399   Thumb Code     2  startup_tm4c123.o(.text)
    TIMER4B_Handler                          0x0000039b   Thumb Code     2  startup_tm4c123.o(.text)
    TIMER5A_Handler                          0x0000039d   Thumb Code     2  startup_tm4c123.o(.text)
    TIMER5B_Handler                          0x0000039f   Thumb Code     2  startup_tm4c123.o(.text)
    WTIMER0A_Handler                         0x000003a1   Thumb Code     2  startup_tm4c123.o(.text)
    WTIMER0B_Handler                         0x000003a3   Thumb Code     2  startup_tm4c123.o(.text)
    WTIMER1A_Handler                         0x000003a5   Thumb Code     2  startup_tm4c123.o(.text)
    WTIMER1B_Handler                         0x000003a7   Thumb Code     2  startup_tm4c123.o(.text)
    WTIMER2A_Handler                         0x000003a9   Thumb Code     2  startup_tm4c123.o(.text)
    WTIMER2B_Handler                         0x000003ab   Thumb Code     2  startup_tm4c123.o(.text)
    WTIMER3A_Handler                         0x000003ad   Thumb Code     2  startup_tm4c123.o(.text)
    WTIMER3B_Handler                         0x000003af   Thumb Code     2  startup_tm4c123.o(.text)
    WTIMER4A_Handler                         0x000003b1   Thumb Code     2  startup_tm4c123.o(.text)
    WTIMER4B_Handler                         0x000003b3   Thumb Code     2  startup_tm4c123.o(.text)
    WTIMER5A_Handler                         0x000003b5   Thumb Code     2  startup_tm4c123.o(.text)
    WTIMER5B_Handler                         0x000003b7   Thumb Code     2  startup_tm4c123.o(.text)
    FPU_Handler                              0x000003b9   Thumb Code     2  startup_tm4c123.o(.text)
    I2C4_Handler                             0x000003bb   Thumb Code     2  startup_tm4c123.o(.text)
    I2C5_Handler                             0x000003bd   Thumb Code     2  startup_tm4c123.o(.text)
    GPIOM_Handler                            0x000003bf   Thumb Code     2  startup_tm4c123.o(.text)
    GPION_Handler                            0x000003c1   Thumb Code     2  startup_tm4c123.o(.text)
    QEI2_Handler                             0x000003c3   Thumb Code     2  startup_tm4c123.o(.text)
    GPIOP0_Handler                           0x000003c5   Thumb Code     2  startup_tm4c123.o(.text)
    GPIOP1_Handler                           0x000003c7   Thumb Code     2  startup_tm4c123.o(.text)
    GPIOP2_Handler                           0x000003c9   Thumb Code     2  startup_tm4c123.o(.text)
    GPIOP3_Handler                           0x000003cb   Thumb Code     2  startup_tm4c123.o(.text)
    GPIOP4_Handler                           0x000003cd   Thumb Code     2  startup_tm4c123.o(.text)
    GPIOP5_Handler                           0x000003cf   Thumb Code     2  startup_tm4c123.o(.text)
    GPIOP6_Handler                           0x000003d1   Thumb Code     2  startup_tm4c123.o(.text)
    GPIOP7_Handler                           0x000003d3   Thumb Code     2  startup_tm4c123.o(.text)
    GPIOQ0_Handler                           0x000003d5   Thumb Code     2  startup_tm4c123.o(.text)
    GPIOQ1_Handler                           0x000003d7   Thumb Code     2  startup_tm4c123.o(.text)
    GPIOQ2_Handler                           0x000003d9   Thumb Code     2  startup_tm4c123.o(.text)
    GPIOQ3_Handler                           0x000003db   Thumb Code     2  startup_tm4c123.o(.text)
    GPIOQ4_Handler                           0x000003dd   Thumb Code     2  startup_tm4c123.o(.text)
    GPIOQ5_Handler                           0x000003df   Thumb Code     2  startup_tm4c123.o(.text)
    GPIOQ6_Handler                           0x000003e1   Thumb Code     2  startup_tm4c123.o(.text)
    GPIOQ7_Handler                           0x000003e3   Thumb Code     2  startup_tm4c123.o(.text)
    GPIOR_Handler                            0x000003e5   Thumb Code     2  startup_tm4c123.o(.text)
    GPIOS_Handler                            0x000003e7   Thumb Code     2  startup_tm4c123.o(.text)
    PMW1_0_Handler                           0x000003e9   Thumb Code     2  startup_tm4c123.o(.text)
    PWM1_1_Handler                           0x000003eb   Thumb Code     2  startup_tm4c123.o(.text)
    PWM1_2_Handler                           0x000003ed   Thumb Code     2  startup_tm4c123.o(.text)
    PWM1_3_Handler                           0x000003ef   Thumb Code     2  startup_tm4c123.o(.text)
    PWM1_FAULT_Handler                       0x000003f1   Thumb Code     2  startup_tm4c123.o(.text)
    __user_initial_stackheap                 0x000003f5   Thumb Code     0  startup_tm4c123.o(.text)
    SystemInit                               0x00000415   Thumb Code     2  main.o(.text)
    init                                     0x00000417   Thumb Code    80  main.o(.text)
    LCD_command                              0x00000467   Thumb Code    34  main.o(.text)
    systic_init                              0x00000489   Thumb Code    24  main.o(.text)
    delay                                    0x000004a1   Thumb Code    28  main.o(.text)
    delay_micro                              0x000004bd   Thumb Code    22  main.o(.text)
    delay_milli                              0x000004d3   Thumb Code    24  main.o(.text)
    LCD_data                                 0x000004eb   Thumb Code    34  main.o(.text)
    LCD_init                                 0x0000050d   Thumb Code   136  main.o(.text)
    LED_ON                                   0x00000595   Thumb Code    12  main.o(.text)
    total_distance                           0x000005a1   Thumb Code   820  main.o(.text)
    UART_Init                                0x000008d5   Thumb Code   124  main.o(.text)
    UART0_Init                               0x00000951   Thumb Code   116  main.o(.text)
    UART_Read                                0x000009c5   Thumb Code    20  main.o(.text)
    uart0_available                          0x000009d9   Thumb Code    20  main.o(.text)
    read                                     0x000009ed   Thumb Code    28  main.o(.text)
    UART0_Write                              0x00000a09   Thumb Code    18  main.o(.text)
    data_line                                0x00000a1b   Thumb Code    80  main.o(.text)
    swap                                     0x00000a6b   Thumb Code    38  main.o(.text)
    parsing                                  0x00000a91   Thumb Code   142  main.o(.text)
    dec_to_str                               0x00000b1f   Thumb Code    44  main.o(.text)
    number_digits                            0x00000b4b   Thumb Code    20  main.o(.text)
    LCD_DISTANCE                             0x00000b5f   Thumb Code    72  main.o(.text)
    atof_m                                   0x00000ba7   Thumb Code   638  main.o(.text)
    LCD_STRING                               0x00000e25   Thumb Code    36  main.o(.text)
    main                                     0x00000e49   Thumb Code   378  main.o(.text)
    __rt_ctype_table                         0x00000fd5   Thumb Code    16  rt_ctype_table.o(.text)
    strlen                                   0x00000fe5   Thumb Code    62  strlen.o(.text)
    __use_two_region_memory                  0x00001023   Thumb Code     2  heapauxi.o(.text)
    __rt_heap_escrow$2region                 0x00001025   Thumb Code     2  heapauxi.o(.text)
    __rt_heap_expand$2region                 0x00001027   Thumb Code     2  heapauxi.o(.text)
    __rt_locale                              0x00001029   Thumb Code     8  rt_locale_intlibspace.o(.text)
    __read_errno                             0x00001031   Thumb Code    10  _rserrno.o(.text)
    __set_errno                              0x0000103b   Thumb Code    12  _rserrno.o(.text)
    __user_libspace                          0x00001049   Thumb Code     8  libspace.o(.text)
    __user_perproc_libspace                  0x00001049   Thumb Code     0  libspace.o(.text)
    __user_perthread_libspace                0x00001049   Thumb Code     0  libspace.o(.text)
    __aeabi_errno_addr                       0x00001051   Thumb Code     8  rt_errno_addr_intlibspace.o(.text)
    __errno$intlibspace                      0x00001051   Thumb Code     0  rt_errno_addr_intlibspace.o(.text)
    __rt_errno_addr$intlibspace              0x00001051   Thumb Code     0  rt_errno_addr_intlibspace.o(.text)
    strcmp                                   0x00001059   Thumb Code   128  strcmpv7m.o(.text)
    __user_setup_stackheap                   0x000010d9   Thumb Code    74  sys_stackheap_outer.o(.text)
    exit                                     0x00001123   Thumb Code    12  exit.o(.text)
    _sys_exit                                0x00001131   Thumb Code     8  sys_exit.o(.text)
    __I$use$semihosting                      0x0000113d   Thumb Code     0  use_no_semi.o(.text)
    __use_no_semihosting_swi                 0x0000113d   Thumb Code     2  use_no_semi.o(.text)
    __ARM_fpclassify                         0x0000113f   Thumb Code    48  fpclassify.o(i.__ARM_fpclassify)
    __semihosting_library_function           0x0000113f   Thumb Code     0  indicate_semi.o(.text)
    __hardfp_atan                            0x00001171   Thumb Code   636  atan.o(i.__hardfp_atan)
    __hardfp_atan2                           0x00001459   Thumb Code   416  atan2.o(i.__hardfp_atan2)
    __hardfp_cos                             0x00001639   Thumb Code   200  cos.o(i.__hardfp_cos)
    __hardfp_sin                             0x00001711   Thumb Code   200  sin.o(i.__hardfp_sin)
    __hardfp_sqrt                            0x000017e9   Thumb Code   122  sqrt.o(i.__hardfp_sqrt)
    __ieee754_rem_pio2                       0x00001869   Thumb Code   972  rred.o(i.__ieee754_rem_pio2)
    __kernel_cos                             0x00001cc1   Thumb Code   322  cos_i.o(i.__kernel_cos)
    __kernel_poly                            0x00001e31   Thumb Code   248  poly.o(i.__kernel_poly)
    __kernel_sin                             0x00001f29   Thumb Code   280  sin_i.o(i.__kernel_sin)
    __mathlib_dbl_underflow                  0x00002059   Thumb Code    24  dunder.o(i.__mathlib_dbl_underflow)
    atan                                     0x00002079   Thumb Code    16  atan.o(i.atan)
    fabs                                     0x00002089   Thumb Code    32  fabs.o(i.fabs)
    _get_lc_ctype                            0x000020a9   Thumb Code    44  lc_ctype_c.o(locale$$code)
    __aeabi_dneg                             0x000020d5   Thumb Code     0  basic.o(x$fpl$basic)
    _dneg                                    0x000020d5   Thumb Code     6  basic.o(x$fpl$basic)
    __aeabi_fneg                             0x000020db   Thumb Code     0  basic.o(x$fpl$basic)
    _fneg                                    0x000020db   Thumb Code     6  basic.o(x$fpl$basic)
    _dabs                                    0x000020e1   Thumb Code     6  basic.o(x$fpl$basic)
    _fabs                                    0x000020e7   Thumb Code     6  basic.o(x$fpl$basic)
    __aeabi_d2f                              0x000020ed   Thumb Code     0  d2f.o(x$fpl$d2f)
    _d2f                                     0x000020ed   Thumb Code    98  d2f.o(x$fpl$d2f)
    __aeabi_dadd                             0x00002151   Thumb Code     0  daddsub_clz.o(x$fpl$dadd)
    _dadd                                    0x00002151   Thumb Code   332  daddsub_clz.o(x$fpl$dadd)
    __aeabi_ddiv                             0x000022a1   Thumb Code     0  ddiv.o(x$fpl$ddiv)
    _ddiv                                    0x000022a1   Thumb Code   552  ddiv.o(x$fpl$ddiv)
    __aeabi_d2iz                             0x00002551   Thumb Code     0  dfix.o(x$fpl$dfix)
    _dfix                                    0x00002551   Thumb Code    94  dfix.o(x$fpl$dfix)
    __aeabi_i2d                              0x000025af   Thumb Code     0  dflt_clz.o(x$fpl$dflt)
    _dflt                                    0x000025af   Thumb Code    46  dflt_clz.o(x$fpl$dflt)
    __aeabi_ui2d                             0x000025dd   Thumb Code     0  dflt_clz.o(x$fpl$dfltu)
    _dfltu                                   0x000025dd   Thumb Code    38  dflt_clz.o(x$fpl$dfltu)
    __aeabi_dmul                             0x00002605   Thumb Code     0  dmul.o(x$fpl$dmul)
    _dmul                                    0x00002605   Thumb Code   332  dmul.o(x$fpl$dmul)
    __fpl_dnaninf                            0x00002759   Thumb Code   156  dnaninf.o(x$fpl$dnaninf)
    __fpl_dretinf                            0x000027f5   Thumb Code    12  dretinf.o(x$fpl$dretinf)
    __aeabi_drsub                            0x00002801   Thumb Code     0  daddsub_clz.o(x$fpl$drsb)
    _drsb                                    0x00002801   Thumb Code    22  daddsub_clz.o(x$fpl$drsb)
    _dsqrt                                   0x00002819   Thumb Code   404  dsqrt_umaal.o(x$fpl$dsqrt)
    __aeabi_dsub                             0x000029b1   Thumb Code     0  daddsub_clz.o(x$fpl$dsub)
    _dsub                                    0x000029b1   Thumb Code   464  daddsub_clz.o(x$fpl$dsub)
    __aeabi_f2d                              0x00002b85   Thumb Code     0  f2d.o(x$fpl$f2d)
    _f2d                                     0x00002b85   Thumb Code    86  f2d.o(x$fpl$f2d)
    __fpl_fnaninf                            0x00002bdb   Thumb Code   140  fnaninf.o(x$fpl$fnaninf)
    _fp_init                                 0x00002c67   Thumb Code    10  fpinit.o(x$fpl$fpinit)
    __fplib_config_fpu_vfp                   0x00002c6f   Thumb Code     0  fpinit.o(x$fpl$fpinit)
    __fplib_config_pureend_doubles           0x00002c6f   Thumb Code     0  fpinit.o(x$fpl$fpinit)
    __fpl_fretinf                            0x00002c71   Thumb Code    10  fretinf.o(x$fpl$fretinf)
    __I$use$fp                               0x00002c7a   Number         0  usenofp.o(x$fpl$usenofp)
    __mathlib_zero                           0x00002d50   Data           8  qnan.o(.constdata)
    Region$$Table$$Base                      0x00002e48   Number         0  anon$$obj.o(Region$$Table)
    Region$$Table$$Limit                     0x00002e58   Number         0  anon$$obj.o(Region$$Table)
    __ctype                                  0x00002e65   Data           0  lc_ctype_c.o(locale$$data)
    __libspace_start                         0x20000000   Data          96  libspace.o(.bss)
    __temporary_stack_top$libspace           0x20000060   Data           0  libspace.o(.bss)



==============================================================================

Memory Map of the image

  Image Entry point : 0x00000301

  Load Region LR_1 (Base: 0x00000000, Size: 0x00002f68, Max: 0xffffffff, ABSOLUTE)

    Execution Region ER_RO (Base: 0x00000000, Size: 0x00002f68, Max: 0xffffffff, ABSOLUTE)

    Base Addr    Size         Type   Attr      Idx    E Section Name        Object

    0x00000000   0x0000026c   Data   RO            3    RESET               startup_tm4c123.o
    0x0000026c   0x00000008   Code   RO           59  * !!!main             c_w.l(__main.o)
    0x00000274   0x00000034   Code   RO          362    !!!scatter          c_w.l(__scatter.o)
    0x000002a8   0x0000001c   Code   RO          364    !!handler_zi        c_w.l(__scatter_zi.o)
    0x000002c4   0x00000002   Code   RO          283    .ARM.Collect$$libinit$$00000000  c_w.l(libinit.o)
    0x000002c6   0x00000004   Code   RO          217    .ARM.Collect$$libinit$$00000001  c_w.l(libinit2.o)
    0x000002ca   0x00000000   Code   RO          221    .ARM.Collect$$libinit$$00000008  c_w.l(libinit2.o)
    0x000002ca   0x00000000   Code   RO          223    .ARM.Collect$$libinit$$0000000A  c_w.l(libinit2.o)
    0x000002ca   0x00000000   Code   RO          225    .ARM.Collect$$libinit$$0000000C  c_w.l(libinit2.o)
    0x000002ca   0x00000006   Code   RO          226    .ARM.Collect$$libinit$$0000000D  c_w.l(libinit2.o)
    0x000002d0   0x00000000   Code   RO          228    .ARM.Collect$$libinit$$0000000F  c_w.l(libinit2.o)
    0x000002d0   0x0000000c   Code   RO          229    .ARM.Collect$$libinit$$00000010  c_w.l(libinit2.o)
    0x000002dc   0x00000000   Code   RO          230    .ARM.Collect$$libinit$$00000011  c_w.l(libinit2.o)
    0x000002dc   0x00000000   Code   RO          232    .ARM.Collect$$libinit$$00000013  c_w.l(libinit2.o)
    0x000002dc   0x00000000   Code   RO          234    .ARM.Collect$$libinit$$00000015  c_w.l(libinit2.o)
    0x000002dc   0x00000000   Code   RO          236    .ARM.Collect$$libinit$$00000017  c_w.l(libinit2.o)
    0x000002dc   0x00000000   Code   RO          238    .ARM.Collect$$libinit$$00000019  c_w.l(libinit2.o)
    0x000002dc   0x00000000   Code   RO          240    .ARM.Collect$$libinit$$0000001B  c_w.l(libinit2.o)
    0x000002dc   0x00000000   Code   RO          242    .ARM.Collect$$libinit$$0000001D  c_w.l(libinit2.o)
    0x000002dc   0x00000000   Code   RO          244    .ARM.Collect$$libinit$$0000001F  c_w.l(libinit2.o)
    0x000002dc   0x00000000   Code   RO          246    .ARM.Collect$$libinit$$00000021  c_w.l(libinit2.o)
    0x000002dc   0x00000000   Code   RO          248    .ARM.Collect$$libinit$$00000023  c_w.l(libinit2.o)
    0x000002dc   0x00000000   Code   RO          252    .ARM.Collect$$libinit$$0000002A  c_w.l(libinit2.o)
    0x000002dc   0x00000000   Code   RO          254    .ARM.Collect$$libinit$$0000002C  c_w.l(libinit2.o)
    0x000002dc   0x00000000   Code   RO          256    .ARM.Collect$$libinit$$0000002E  c_w.l(libinit2.o)
    0x000002dc   0x00000000   Code   RO          258    .ARM.Collect$$libinit$$00000030  c_w.l(libinit2.o)
    0x000002dc   0x00000002   Code   RO          259    .ARM.Collect$$libinit$$00000031  c_w.l(libinit2.o)
    0x000002de   0x00000002   Code   RO          320    .ARM.Collect$$libshutdown$$00000000  c_w.l(libshutdown.o)
    0x000002e0   0x00000000   Code   RO          327    .ARM.Collect$$libshutdown$$00000003  c_w.l(libshutdown2.o)
    0x000002e0   0x00000000   Code   RO          330    .ARM.Collect$$libshutdown$$00000006  c_w.l(libshutdown2.o)
    0x000002e0   0x00000000   Code   RO          333    .ARM.Collect$$libshutdown$$00000009  c_w.l(libshutdown2.o)
    0x000002e0   0x00000000   Code   RO          335    .ARM.Collect$$libshutdown$$0000000B  c_w.l(libshutdown2.o)
    0x000002e0   0x00000000   Code   RO          338    .ARM.Collect$$libshutdown$$0000000E  c_w.l(libshutdown2.o)
    0x000002e0   0x00000002   Code   RO          339    .ARM.Collect$$libshutdown$$0000000F  c_w.l(libshutdown2.o)
    0x000002e2   0x00000000   Code   RO          131    .ARM.Collect$$rtentry$$00000000  c_w.l(rtentry.o)
    0x000002e2   0x00000000   Code   RO          196    .ARM.Collect$$rtentry$$00000002  c_w.l(rtentry2.o)
    0x000002e2   0x00000006   Code   RO          208    .ARM.Collect$$rtentry$$00000004  c_w.l(rtentry4.o)
    0x000002e8   0x00000000   Code   RO          198    .ARM.Collect$$rtentry$$00000009  c_w.l(rtentry2.o)
    0x000002e8   0x00000004   Code   RO          199    .ARM.Collect$$rtentry$$0000000A  c_w.l(rtentry2.o)
    0x000002ec   0x00000000   Code   RO          201    .ARM.Collect$$rtentry$$0000000C  c_w.l(rtentry2.o)
    0x000002ec   0x00000008   Code   RO          202    .ARM.Collect$$rtentry$$0000000D  c_w.l(rtentry2.o)
    0x000002f4   0x00000002   Code   RO          286    .ARM.Collect$$rtexit$$00000000  c_w.l(rtexit.o)
    0x000002f6   0x00000000   Code   RO          295    .ARM.Collect$$rtexit$$00000002  c_w.l(rtexit2.o)
    0x000002f6   0x00000004   Code   RO          296    .ARM.Collect$$rtexit$$00000003  c_w.l(rtexit2.o)
    0x000002fa   0x00000006   Code   RO          297    .ARM.Collect$$rtexit$$00000004  c_w.l(rtexit2.o)
    0x00000300   0x00000114   Code   RO            4  * .text               startup_tm4c123.o
    0x00000414   0x00000bc0   Code   RO           10    .text               main.o
    0x00000fd4   0x00000010   Code   RO           53    .text               c_w.l(rt_ctype_table.o)
    0x00000fe4   0x0000003e   Code   RO           55    .text               c_w.l(strlen.o)
    0x00001022   0x00000006   Code   RO           57    .text               c_w.l(heapauxi.o)
    0x00001028   0x00000008   Code   RO          135    .text               c_w.l(rt_locale_intlibspace.o)
    0x00001030   0x00000016   Code   RO          137    .text               c_w.l(_rserrno.o)
    0x00001046   0x00000002   PAD
    0x00001048   0x00000008   Code   RO          192    .text               c_w.l(libspace.o)
    0x00001050   0x00000008   Code   RO          213    .text               c_w.l(rt_errno_addr_intlibspace.o)
    0x00001058   0x00000080   Code   RO          215    .text               c_w.l(strcmpv7m.o)
    0x000010d8   0x0000004a   Code   RO          272    .text               c_w.l(sys_stackheap_outer.o)
    0x00001122   0x0000000c   Code   RO          274    .text               c_w.l(exit.o)
    0x0000112e   0x00000002   PAD
    0x00001130   0x0000000c   Code   RO          307    .text               c_w.l(sys_exit.o)
    0x0000113c   0x00000002   Code   RO          309    .text               c_w.l(use_no_semi.o)
    0x0000113e   0x00000000   Code   RO          311    .text               c_w.l(indicate_semi.o)
    0x0000113e   0x00000030   Code   RO          268    i.__ARM_fpclassify  m_wm.l(fpclassify.o)
    0x0000116e   0x00000002   PAD
    0x00001170   0x000002e8   Code   RO          157    i.__hardfp_atan     m_wm.l(atan.o)
    0x00001458   0x000001e0   Code   RO           83    i.__hardfp_atan2    m_wm.l(atan2.o)
    0x00001638   0x000000d8   Code   RO           95    i.__hardfp_cos      m_wm.l(cos.o)
    0x00001710   0x000000d8   Code   RO          107    i.__hardfp_sin      m_wm.l(sin.o)
    0x000017e8   0x0000007a   Code   RO          119    i.__hardfp_sqrt     m_wm.l(sqrt.o)
    0x00001862   0x00000006   PAD
    0x00001868   0x00000458   Code   RO          181    i.__ieee754_rem_pio2  m_wm.l(rred.o)
    0x00001cc0   0x00000170   Code   RO          171    i.__kernel_cos      m_wm.l(cos_i.o)
    0x00001e30   0x000000f8   Code   RO          270    i.__kernel_poly     m_wm.l(poly.o)
    0x00001f28   0x00000130   Code   RO          186    i.__kernel_sin      m_wm.l(sin_i.o)
    0x00002058   0x00000020   Code   RO          266    i.__mathlib_dbl_underflow  m_wm.l(dunder.o)
    0x00002078   0x00000010   Code   RO          159    i.atan              m_wm.l(atan.o)
    0x00002088   0x00000020   Code   RO          176    i.fabs              m_wm.l(fabs.o)
    0x000020a8   0x0000002c   Code   RO          140    locale$$code        c_w.l(lc_ctype_c.o)
    0x000020d4   0x00000018   Code   RO          142    x$fpl$basic         fz_wm.l(basic.o)
    0x000020ec   0x00000062   Code   RO           61    x$fpl$d2f           fz_wm.l(d2f.o)
    0x0000214e   0x00000002   PAD
    0x00002150   0x00000150   Code   RO           63    x$fpl$dadd          fz_wm.l(daddsub_clz.o)
    0x000022a0   0x000002b0   Code   RO           70    x$fpl$ddiv          fz_wm.l(ddiv.o)
    0x00002550   0x0000005e   Code   RO          262    x$fpl$dfix          fz_wm.l(dfix.o)
    0x000025ae   0x0000002e   Code   RO           74    x$fpl$dflt          fz_wm.l(dflt_clz.o)
    0x000025dc   0x00000026   Code   RO           73    x$fpl$dfltu         fz_wm.l(dflt_clz.o)
    0x00002602   0x00000002   PAD
    0x00002604   0x00000154   Code   RO           79    x$fpl$dmul          fz_wm.l(dmul.o)
    0x00002758   0x0000009c   Code   RO          146    x$fpl$dnaninf       fz_wm.l(dnaninf.o)
    0x000027f4   0x0000000c   Code   RO          148    x$fpl$dretinf       fz_wm.l(dretinf.o)
    0x00002800   0x00000016   Code   RO           64    x$fpl$drsb          fz_wm.l(daddsub_clz.o)
    0x00002816   0x00000002   PAD
    0x00002818   0x00000198   Code   RO          150    x$fpl$dsqrt         fz_wm.l(dsqrt_umaal.o)
    0x000029b0   0x000001d4   Code   RO           65    x$fpl$dsub          fz_wm.l(daddsub_clz.o)
    0x00002b84   0x00000056   Code   RO           81    x$fpl$f2d           fz_wm.l(f2d.o)
    0x00002bda   0x0000008c   Code   RO          152    x$fpl$fnaninf       fz_wm.l(fnaninf.o)
    0x00002c66   0x0000000a   Code   RO          284    x$fpl$fpinit        fz_wm.l(fpinit.o)
    0x00002c70   0x0000000a   Code   RO          154    x$fpl$fretinf       fz_wm.l(fretinf.o)
    0x00002c7a   0x00000000   Code   RO          156    x$fpl$usenofp       fz_wm.l(usenofp.o)
    0x00002c7a   0x00000002   PAD
    0x00002c7c   0x0000000a   Data   RO           11    .constdata          main.o
    0x00002c86   0x00000002   PAD
    0x00002c88   0x00000098   Data   RO          160    .constdata          m_wm.l(atan.o)
    0x00002d20   0x00000030   Data   RO          172    .constdata          m_wm.l(cos_i.o)
    0x00002d50   0x00000008   Data   RO          180    .constdata          m_wm.l(qnan.o)
    0x00002d58   0x000000c8   Data   RO          183    .constdata          m_wm.l(rred.o)
    0x00002e20   0x00000028   Data   RO          187    .constdata          m_wm.l(sin_i.o)
    0x00002e48   0x00000010   Data   RO          360    Region$$Table       anon$$obj.o
    0x00002e58   0x00000110   Data   RO          139    locale$$data        c_w.l(lc_ctype_c.o)


    Execution Region ER_RW (Base: 0x20000000, Size: 0x00000000, Max: 0xffffffff, ABSOLUTE)

    **** No section assigned to this execution region ****


    Execution Region ER_ZI (Base: 0x20000000, Size: 0x00000260, Max: 0xffffffff, ABSOLUTE)

    Base Addr    Size         Type   Attr      Idx    E Section Name        Object

    0x20000000   0x00000060   Zero   RW          193    .bss                c_w.l(libspace.o)
    0x20000060   0x00000000   Zero   RW            2    HEAP                startup_tm4c123.o
    0x20000060   0x00000200   Zero   RW            1    STACK               startup_tm4c123.o


==============================================================================

Image component sizes


      Code (inc. data)   RO Data    RW Data    ZI Data      Debug   Object Name

      3008        152         10          0          0      12040   main.o
       276         24        620          0        512       5468   startup_tm4c123.o

    ----------------------------------------------------------------------
      3284        176        648          0        512      17508   Object Totals
         0          0         16          0          0          0   (incl. Generated)
         0          0          2          0          0          0   (incl. Padding)

    ----------------------------------------------------------------------

      Code (inc. data)   RO Data    RW Data    ZI Data      Debug   Library Member Name

         8          0          0          0          0         68   __main.o
        52          8          0          0          0          0   __scatter.o
        28          0          0          0          0          0   __scatter_zi.o
        22          0          0          0          0        100   _rserrno.o
        12          0          0          0          0         72   exit.o
         6          0          0          0          0        152   heapauxi.o
         0          0          0          0          0          0   indicate_semi.o
        44         10        272          0          0         76   lc_ctype_c.o
         2          0          0          0          0          0   libinit.o
        24          0          0          0          0          0   libinit2.o
         2          0          0          0          0          0   libshutdown.o
         2          0          0          0          0          0   libshutdown2.o
         8          4          0          0         96         68   libspace.o
        16          4          0          0          0         76   rt_ctype_table.o
         8          4          0          0          0         68   rt_errno_addr_intlibspace.o
         8          4          0          0          0         68   rt_locale_intlibspace.o
         0          0          0          0          0          0   rtentry.o
        12          0          0          0          0          0   rtentry2.o
         6          0          0          0          0          0   rtentry4.o
         2          0          0          0          0          0   rtexit.o
        10          0          0          0          0          0   rtexit2.o
       128          0          0          0          0         68   strcmpv7m.o
        62          0          0          0          0         76   strlen.o
        12          4          0          0          0         68   sys_exit.o
        74          0          0          0          0         80   sys_stackheap_outer.o
         2          0          0          0          0         68   use_no_semi.o
        24          0          0          0          0        164   basic.o
        98          4          0          0          0        140   d2f.o
       826         16          0          0          0        492   daddsub_clz.o
       688        140          0          0          0        256   ddiv.o
        94          4          0          0          0        140   dfix.o
        84          0          0          0          0        232   dflt_clz.o
       340         12          0          0          0        152   dmul.o
       156          4          0          0          0        140   dnaninf.o
        12          0          0          0          0        116   dretinf.o
       408         56          0          0          0        168   dsqrt_umaal.o
        86          4          0          0          0        132   f2d.o
       140          4          0          0          0        132   fnaninf.o
        10          0          0          0          0        116   fpinit.o
        10          0          0          0          0        116   fretinf.o
         0          0          0          0          0          0   usenofp.o
       760        108        152          0          0        344   atan.o
       480         64          0          0          0        156   atan2.o
       216         16          0          0          0        152   cos.o
       368         46         48          0          0        200   cos_i.o
        32          8          0          0          0        124   dunder.o
        32          0          0          0          0        124   fabs.o
        48          0          0          0          0        124   fpclassify.o
       248          0          0          0          0        152   poly.o
         0          0          8          0          0          0   qnan.o
      1112        140        200          0          0        188   rred.o
       216         16          0          0          0        152   sin.o
       304         24         40          0          0        208   sin_i.o
       122          0          0          0          0        148   sqrt.o

    ----------------------------------------------------------------------
      7484        704        720          0         96       5676   Library Totals
        20          0          0          0          0          0   (incl. Padding)

    ----------------------------------------------------------------------

      Code (inc. data)   RO Data    RW Data    ZI Data      Debug   Library Name

       550         38        272          0         96       1108   c_w.l
      2976        244          0          0          0       2496   fz_wm.l
      3938        422        448          0          0       2072   m_wm.l

    ----------------------------------------------------------------------
      7484        704        720          0         96       5676   Library Totals

    ----------------------------------------------------------------------

==============================================================================


      Code (inc. data)   RO Data    RW Data    ZI Data      Debug   

     10768        880       1368          0        608      19560   Grand Totals
     10768        880       1368          0        608      19560   ELF Image Totals
     10768        880       1368          0          0          0   ROM Totals

==============================================================================

    Total RO  Size (Code + RO Data)                12136 (  11.85kB)
    Total RW  Size (RW Data + ZI Data)               608 (   0.59kB)
    Total ROM Size (Code + RO Data + RW Data)      12136 (  11.85kB)

==============================================================================

